目标服务: http://localhost:8000
✅ /health OK

[SIA] Stress Test — 从 conc=1 开始，每档 2 轮，上限 conc=512
  realistic-prompt，max_out=304
  停止条件：tok/s < 峰值×60%（连续2档） 或 失败率>50% 或 服务崩溃 或 conc>512

  conc=   1  (2 请求)... ok=2/2  ITL=11.3ms  tok/s=84.8  TPM=5087  ✓  (fail=0%)
  conc=   2  (4 请求)... ok=4/4  ITL=14.4ms  tok/s=131.5  TPM=7892  ✓  (fail=0%)
  conc=   4  (8 请求)... ok=8/8  ITL=20.5ms  tok/s=171.7  TPM=10300  ✓  (fail=0%)
  conc=   8  (16 请求)... ok=16/16  ITL=29.0ms  tok/s=266.3  TPM=15977  ✓  (fail=0%)
  conc=  16  (32 请求)... ok=32/32  ITL=37.1ms  tok/s=411.8  TPM=24707  ✓  (fail=0%)
  conc=  24  (48 请求)... ok=48/48  ITL=41.5ms  tok/s=550.1  TPM=33004  ✓  (fail=0%)
  conc=  36  (72 请求)... ok=72/72  ITL=50.0ms  tok/s=682.4  TPM=40942  ✓  (fail=0%)
  conc=  56  (112 请求)... ok=99/112  ITL=86.2ms  tok/s=27.4  TPM=1646  ↓4%  (fail=12%)
  conc=  84  (168 请求)... CRASH (服务不可达)

═════════════════════════════════════════════════════════════════════════════════════════════════
  Stress Test [SIA]  (realistic-prompt, max_out=304)
  ───────────────────────────────────────────────────────────────────────────────────────────────
  Conc    Input  Output   TTFT mean   TTFT p99   ITL mean    Req Lat   Out tok/s   Req/s      TPM
  ───────────────────────────────────────────────────────────────────────────────────────────────
     1      428     304       170ms      209ms     11.3ms     3585ms        84.8    0.28     5087
     2      428     304       264ms      295ms     14.4ms     4621ms       131.5    0.43     7892
     4      428     304       874ms     1511ms     20.5ms     7081ms       171.7    0.56    10300
     8      428     304       348ms      384ms     29.0ms     9126ms       266.3    0.88    15977
    16      428     304       553ms      738ms     37.1ms    11784ms       411.8    1.35    24707
    24      428     304       648ms      826ms     41.5ms    13209ms       550.1    1.81    33004
    36      428     304       794ms     1193ms     50.0ms    15932ms       682.4    2.24    40942
    56      242     171      1061ms     1869ms     86.2ms   272107ms        27.4    0.16     1646
    84      512       —  SKIP (服务崩溃/不可达)
  ───────────────────────────────────────────────────────────────────────────────────────────────

  🏆 峰值吞吐：conc=36  tok/s=682.4  ITL=50.0ms  input=428tok  output=304tok
  🛑 停止原因：服务崩溃/不可达


压测完成。
