目标服务: http://localhost:8000
✅ /health OK

[SIA] Stress Test — 从 conc=1 开始，每档 2 轮，上限 conc=512
  realistic-prompt，max_out=128
  停止条件：tok/s < 峰值×60%（连续2档） 或 失败率>50% 或 服务崩溃 或 conc>512

  conc=   1  (2 请求)... ok=2/2  ITL=8.8ms  tok/s=72.6  TPM=4354  ✓  (fail=0%)
  conc=   2  (4 请求)... ok=4/4  ITL=10.7ms  tok/s=179.0  TPM=10740  ✓  (fail=0%)
  conc=   4  (8 请求)... ok=8/8  ITL=13.1ms  tok/s=294.2  TPM=17650  ✓  (fail=0%)
  conc=   8  (16 请求)... ok=16/16  ITL=18.6ms  tok/s=418.6  TPM=25117  ✓  (fail=0%)
  conc=  16  (32 请求)... ok=32/32  ITL=21.4ms  tok/s=720.7  TPM=43244  ✓  (fail=0%)
  conc=  24  (48 请求)... ok=48/48  ITL=24.3ms  tok/s=948.2  TPM=56893  ✓  (fail=0%)
  conc=  36  (72 请求)... ok=72/72  ITL=34.0ms  tok/s=1018.2  TPM=61094  ✓  (fail=0%)
  conc=  56  (112 请求)... ok=112/112  ITL=42.9ms  tok/s=1120.2  TPM=67211  ✓  (fail=0%)
  conc=  84  (168 请求)... ok=168/168  ITL=110.0ms  tok/s=727.8  TPM=43669  ✓  (fail=0%)
  conc= 128  (256 请求)... ok=256/256  ITL=56.0ms  tok/s=1363.4  TPM=81806  ✓  (fail=0%)
  conc= 192  (384 请求)... ok=384/384  ITL=61.0ms  tok/s=1490.9  TPM=89453  ✓  (fail=0%)
  conc= 288  (576 请求)... ok=576/576  ITL=59.8ms  tok/s=1553.6  TPM=93218  ✓  (fail=0%)
  conc= 432  (864 请求)... ok=864/864  ITL=73.0ms  tok/s=1254.7  TPM=75280  ✓  (fail=0%)

═════════════════════════════════════════════════════════════════════════════════════════════════
  Stress Test [SIA]  (realistic-prompt, max_out=128)
  ───────────────────────────────────────────────────────────────────────────────────────────────
  Conc    Input  Output   TTFT mean   TTFT p99   ITL mean    Req Lat   Out tok/s   Req/s      TPM
  ───────────────────────────────────────────────────────────────────────────────────────────────
     1      422     128       645ms     1252ms      8.8ms     1763ms        72.6    0.57     4354
     2      422     128        71ms      102ms     10.7ms     1429ms       179.0    1.40    10740
     4      422     128        73ms       89ms     13.1ms     1737ms       294.2    2.30    17650
     8      422     128        86ms      103ms     18.6ms     2435ms       418.6    3.27    25117
    16      422     128       116ms      127ms     21.4ms     2825ms       720.7    5.63    43244
    24      422     128       144ms      161ms     24.3ms     3220ms       948.2    7.41    56893
    36      422     128       187ms      217ms     34.0ms     4499ms      1018.2    7.95    61094
    56      422     128       934ms     1705ms     42.9ms     6369ms      1120.2    8.75    67211
    84      422     128       798ms     1259ms    110.0ms    14724ms       727.8    5.69    43669
   128      422     128      2223ms     9408ms     56.0ms     9284ms      1363.4   10.65    81806
   192      422     128      4589ms     9078ms     61.0ms    12323ms      1490.9   11.65    89453
   288      422     128      8156ms    17082ms     59.8ms    15703ms      1553.6   12.14    93218
   432      422     128     14450ms    45676ms     73.0ms    23620ms      1254.7    9.80    75280
  ───────────────────────────────────────────────────────────────────────────────────────────────

  🏆 峰值吞吐：conc=288  tok/s=1553.6  ITL=59.8ms  input=422tok  output=128tok
  🛑 停止原因：已达上限 conc=512（可用 --stress-max-conc 调整）


压测完成。
