目标服务: http://localhost:8000
✅ /health OK

[noSIA] Stress Test — 从 conc=1 开始，每档 2 轮，上限 conc=512
  realistic-prompt，max_out=128
  停止条件：tok/s < 峰值×60%（连续2档） 或 失败率>50% 或 服务崩溃 或 conc>512

  conc=   1  (2 请求)... ok=2/2  ITL=7.2ms  tok/s=80.5  TPM=4828  ✓  (fail=0%)
  conc=   2  (4 请求)... ok=4/4  ITL=8.1ms  tok/s=236.9  TPM=14216  ✓  (fail=0%)
  conc=   4  (8 请求)... ok=8/8  ITL=9.2ms  tok/s=417.0  TPM=25017  ✓  (fail=0%)
  conc=   8  (16 请求)... ok=16/16  ITL=9.8ms  tok/s=761.3  TPM=45678  ✓  (fail=0%)
  conc=  16  (32 请求)... ok=32/32  ITL=11.8ms  tok/s=1236.2  TPM=74175  ✓  (fail=0%)
  conc=  24  (48 请求)... ok=48/48  ITL=12.2ms  tok/s=1767.2  TPM=106031  ✓  (fail=0%)
  conc=  36  (72 请求)... ok=72/72  ITL=18.8ms  tok/s=1797.3  TPM=107838  ✓  (fail=0%)
  conc=  56  (112 请求)... ok=112/112  ITL=18.3ms  tok/s=2191.3  TPM=131479  ✓  (fail=0%)
  conc=  84  (168 请求)... ok=168/168  ITL=20.0ms  tok/s=3691.1  TPM=221466  ✓  (fail=0%)
  conc= 128  (256 请求)... ok=256/256  ITL=19.6ms  tok/s=3087.2  TPM=185234  ✓  (fail=0%)
  conc= 192  (384 请求)... ok=384/384  ITL=21.2ms  tok/s=4040.6  TPM=242433  ✓  (fail=0%)
  conc= 288  (576 请求)... ok=576/576  ITL=21.5ms  tok/s=4062.4  TPM=243743  ✓  (fail=0%)
  conc= 432  (864 请求)... ok=864/864  ITL=34.8ms  tok/s=2484.5  TPM=149072  ✓  (fail=0%)

═════════════════════════════════════════════════════════════════════════════════════════════════
  Stress Test [noSIA]  (realistic-prompt, max_out=128)
  ───────────────────────────────────────────────────────────────────────────────────────────────
  Conc    Input  Output   TTFT mean   TTFT p99   ITL mean    Req Lat   Out tok/s   Req/s      TPM
  ───────────────────────────────────────────────────────────────────────────────────────────────
     1      422     128       673ms     1290ms      7.2ms     1590ms        80.5    0.63     4828
     2      422     128        48ms       58ms      8.1ms     1079ms       236.9    1.85    14216
     4      422     128        61ms       70ms      9.2ms     1225ms       417.0    3.26    25017
     8      422     128        92ms      114ms      9.8ms     1336ms       761.3    5.95    45678
    16      422     128       154ms      166ms     11.8ms     1645ms      1236.2    9.66    74175
    24      422     128       170ms      190ms     12.2ms     1724ms      1767.2   13.81   106031
    36      422     128       161ms      179ms     18.8ms     2547ms      1797.3   14.04   107838
    56      422     128       944ms     1719ms     18.3ms     3252ms      2191.3   17.12   131479
    84      422     128       348ms      436ms     20.0ms     2888ms      3691.1   28.84   221466
   128      422     128      1410ms     4044ms     19.6ms     3884ms      3087.2   24.12   185234
   192      422     128      1871ms     3690ms     21.2ms     4505ms      4040.6   31.57   242433
   288      422     128      3307ms     6578ms     21.5ms     6023ms      4062.4   31.74   243743
   432      422     128      8384ms    19770ms     34.8ms    12791ms      2484.5   19.41   149072
  ───────────────────────────────────────────────────────────────────────────────────────────────

  🏆 峰值吞吐：conc=288  tok/s=4062.4  ITL=21.5ms  input=422tok  output=128tok
  🛑 停止原因：已达上限 conc=512（可用 --stress-max-conc 调整）


压测完成。
