loaded 200 prompts from data/alpaca_eval/alpaca_eval.json
base_url    : http://localhost:8000/v1
model       : 0GM-1.0-35B-A3B-SIA-vocab-lowrank
max_tokens  : 2048
temperature : 1.0
top_p / top_k / rep_penalty: 0.95 / 20 / None
disable_thinking: False
no_think_prompt : False
sia_weight / sia_topk / sia_entropy_threshold: 0.0 / None / None
output      : exp/nosia_200q_vl_r5.json
------------------------------------------------------------
[1/200] last=18.3s avg=18.3s/q  cum_tps=110.4 tok/s  tokens=2023
  Q: What are the names of some famous actors that started their careers on Broadway?
  A: Here's a thinking process:

1.  **Understand User Query**: The user asks for names of famous actors who started their ca...
[2/200] last=19.0s avg=18.7s/q  cum_tps=108.6 tok/s  tokens=2030
  Q: How did US states get their names?
  A: Here's a thinking process:

1.  **Understand User Question**: The user asks "How did US states get their names?" This is...
[3/200] last=19.5s avg=19.0s/q  cum_tps=106.5 tok/s  tokens=2004
  Q: Hi, my sister and her girlfriends want me to play kickball with them. Can you ex...
  A: Here's a thinking process:

1.  **Understand User Request:**
   - User wants to play kickball with their sister and her ...
[4/200] last=19.9s avg=19.2s/q  cum_tps=105.3 tok/s  tokens=2024
  Q: What is some cool music from the 1920s?
  A: Here's a thinking process:

1.  **Understand User Query**: The user is asking for "cool music from the 1920s." This impl...
[5/200] last=14.4s avg=18.2s/q  cum_tps=104.2 tok/s  tokens=1412
  Q: How do I wrap a present neatly?
  A: Here's a thinking process:

1.  **Understand User Request:** The user wants to know how to wrap a present neatly. This i...
[6/200] last=16.1s avg=17.9s/q  cum_tps=103.5 tok/s  tokens=1610
  Q: How do I dice without slicing my finger
  A: Here's a thinking process:

1.  **Understand User Query**: The user wants to know how to dice vegetables/ingredients wit...
[7/200] last=10.1s avg=16.8s/q  cum_tps=103.5 tok/s  tokens=1047
  Q: Hi, I'm trying to solve a crossword puzzle, but I've never done one of these bef...
  A: Here's a thinking process:

1.  **Understand User's Request**: The user wants help solving a crossword puzzle but has ne...
[8/200] last=12.9s avg=16.3s/q  cum_tps=103.7 tok/s  tokens=1359
  Q: Who is Larry Page?
  A: Here's a thinking process:

1.  **Identify the User's Question**: The user asks "Who is Larry Page?"

2.  **Key Informat...
[9/200] last=16.1s avg=16.3s/q  cum_tps=103.7 tok/s  tokens=1669
  Q: What are different drawers I should have for clothes?
  A: Here's a thinking process:

1.  **Understand User Query:** The user is asking about "different drawers I should have for...
[10/200] last=19.4s avg=16.6s/q  cum_tps=103.5 tok/s  tokens=1989
  Q: I like to host guests at my home from time to time, and I am gathering  recipes ...
  A: Here's a thinking process:

1.  **Understand User Request:**
   - User wants to host guests and is collecting recipes
  ...
[11/200] last=16.5s avg=16.6s/q  cum_tps=103.3 tok/s  tokens=1661
  Q: do you think retinoid is effective on removing the acne? because I have a lot of...
  A: Here's a thinking process:

1.  **Understand User Query:**
   - User is asking about retinoids for acne treatment
   - T...
[12/200] last=18.0s avg=16.7s/q  cum_tps=103.0 tok/s  tokens=1810
  Q: I'm trying to teach myself to have nicer handwriting. Can you help?
  A: Here's a thinking process:

1.  **Understand User Goal**: The user wants to learn/improve their handwriting to make it "...
[13/200] last=18.7s avg=16.8s/q  cum_tps=103.3 tok/s  tokens=1988
  Q: I like to host guests at my home from time to time, and I am gathering  recipes ...
  A: Here's a thinking process:

1.  **Understand User Request:**
   - User wants to host guests and is collecting recipes
  ...
[14/200] last=19.5s avg=17.0s/q  cum_tps=103.3 tok/s  tokens=2030
  Q: What are the best exercises for beginners?
  A: Here's a thinking process:

1.  **Understand User Query**: The user is asking for "the best exercises for beginners." Th...
[15/200] last=12.4s avg=16.7s/q  cum_tps=103.3 tok/s  tokens=1279
  Q: Do you know why turkeys became the official food of thanksgiving?
  A: Here's a thinking process:

1.  **Understand User Question**: The user is asking about the historical/cultural reasons b...
[16/200] last=20.6s avg=17.0s/q  cum_tps=102.9 tok/s  tokens=2029
  Q: I want to get better at networking at work
  A: Here's a thinking process:

1.  **Understand User Goal**: The user wants to improve their networking skills specifically...
[17/200] last=20.0s avg=17.2s/q  cum_tps=102.8 tok/s  tokens=2031
  Q: Are there any weird Christmas traditions?
  A: Here's a thinking process:

1.  **Understand User Query**: The user asks "Are there any weird Christmas traditions?" Thi...
[18/200] last=19.9s avg=17.3s/q  cum_tps=102.7 tok/s  tokens=2017
  Q: Hi, I'm interested in learning to play badminton. Can you explain the game to me...
  A: Here's a thinking process:

1.  **Understand User Request:**
   - User wants to learn badminton
   - Asking for an expla...
[19/200] last=11.2s avg=17.0s/q  cum_tps=102.8 tok/s  tokens=1185
  Q: Do you know why cats always rub up against your legs?
  A: Here's a thinking process:

1.  **Understand User Question**: The user is asking why cats rub against human legs. This i...
[20/200] last=19.1s avg=17.1s/q  cum_tps=103.0 tok/s  tokens=2008
  Q: I am going to try to roast a pig at home for Thanksgiving this year. What equipm...
  A: Here's a thinking process:

1.  **Understand User Goal**: The user wants to roast a whole pig at home for Thanksgiving a...
[21/200] last=15.9s avg=17.0s/q  cum_tps=103.2 tok/s  tokens=1734
  Q: Help me find a good rated electric saw.
  A: Here's a thinking process:

1.  **Understand User Request:** The user wants help finding a "good rated electric saw." Th...
[22/200] last=18.4s avg=17.1s/q  cum_tps=103.6 tok/s  tokens=2025
  Q: What are some artists I might like if I like Billy Joel?
  A: Here's a thinking process:

1.  **Analyze User Request:**
   - **User likes:** Billy Joel
   - **Question:** What are so...
[23/200] last=9.0s avg=16.8s/q  cum_tps=103.5 tok/s  tokens=919
  Q: What type of soil is suitable for cactus?
  A: Here's a thinking process:

1.  **Understand User Query**: The user is asking about the type of soil suitable for cacti....
[24/200] last=20.3s avg=16.9s/q  cum_tps=103.3 tok/s  tokens=2031
  Q: How do you become an author?
  A: Here's a thinking process:

1.  **Understand User Query**: The user asks "How do you become an author?" This is a broad,...
[25/200] last=8.4s avg=16.6s/q  cum_tps=103.2 tok/s  tokens=833
  Q: What breed dog is smallest?
  A: Here's a thinking process:

1.  **Understand User Query**: The user is asking "What breed dog is smallest?" This is a st...
[26/200] last=21.4s avg=16.7s/q  cum_tps=102.8 tok/s  tokens=2027
  Q: What are some species of bears that are now extinct?
  A: Here's a thinking process:

1.  **Understand User Query**: The user asks for "some species of bears that are now extinct...
[27/200] last=13.3s avg=16.6s/q  cum_tps=102.7 tok/s  tokens=1329
  Q: What causes the northern lights?
  A: Here's a thinking process:

1.  **Understand User Question**: The user asks "What causes the northern lights?" This is a...
[28/200] last=19.7s avg=16.7s/q  cum_tps=102.7 tok/s  tokens=2006
  Q: What are some good foods to eat when you are sick? I am looking for something to...
  A: Here's a thinking process:

1.  **Understand User Request:**
   - **Question:** What are some good foods to eat when you...
[29/200] last=19.7s avg=16.8s/q  cum_tps=102.7 tok/s  tokens=2029
  Q: Why is kobe beef so damn expensive?
  A: Here's a thinking process:

1.  **Understand User Query**: The user is asking why Kobe beef is so expensive ("Why is kob...
[30/200] last=11.7s avg=16.7s/q  cum_tps=102.6 tok/s  tokens=1146
  Q: How do I clean my armpits?
  A: Here's a thinking process:

1.  **Understand User Query**: The user is asking "How do I clean my armpits?" This is a str...
[31/200] last=21.0s avg=16.8s/q  cum_tps=102.4 tok/s  tokens=2031
  Q: How do I detail a car?
  A: Here's a thinking process:

1.  **Understand User Request:** The user is asking "How do I detail a car?" This is a broad...
[32/200] last=20.1s avg=16.9s/q  cum_tps=102.3 tok/s  tokens=2020
  Q: I am going to make pumpkin pie for the first time.  Can you help me?
  A: Here's a thinking process:

1.  **Understand User Request**: The user wants to make pumpkin pie for the first time and i...
[33/200] last=18.8s avg=17.0s/q  cum_tps=102.4 tok/s  tokens=1988
  Q: What kind of foods do they eat in Thailand
  A: Here's a thinking process:

1.  **Understand User Query**: The user is asking about the types of foods eaten in Thailand...
[34/200] last=18.3s avg=17.0s/q  cum_tps=102.7 tok/s  tokens=2029
  Q: What are some good browser alternatives to Chrome?
  A: Here's a thinking process:

1.  **Understand User Query:** The user is asking for "good browser alternatives to Chrome."...
[35/200] last=4.5s avg=16.6s/q  cum_tps=102.7 tok/s  tokens=512
  Q: Who created the Superman cartoon character?
  A: Here's a thinking process:

1.  **Identify the core question**: The user asks "Who created the Superman cartoon characte...
[36/200] last=10.3s avg=16.5s/q  cum_tps=102.9 tok/s  tokens=1143
  Q: What is Atlantis?
  A: Here's a thinking process:

1.  **Understand User Query**: The user asks "What is Atlantis?" This is a straightforward f...
[37/200] last=19.4s avg=16.6s/q  cum_tps=102.9 tok/s  tokens=2030
  Q: How do I make escargot?
  A: Here's a thinking process:

1.  **Understand User Request:** The user is asking "How do I make escargot?" This is a culi...
[38/200] last=19.0s avg=16.6s/q  cum_tps=102.7 tok/s  tokens=1843
  Q: What exactly causes volcanoes to form?
  A: Here's a thinking process:

1.  **Understand User Question**: The user asks "What exactly causes volcanoes to form?" Thi...
[39/200] last=20.7s avg=16.7s/q  cum_tps=102.6 tok/s  tokens=2009
  Q: Hi, I have some falafel, but no tahini to put on them. Can you give me a recipe ...
  A: Here's a thinking process:

1.  **Understand User Request**: The user has falafel but no tahini, and wants a recipe to m...
[40/200] last=13.3s avg=16.6s/q  cum_tps=102.6 tok/s  tokens=1409
  Q: Should I get my children a nanny? I'm so exhausted.
  A: Here's a thinking process:

1.  **Analyze User Input:**
   - **Question:** "Should I get my children a nanny?"
   - **Ke...
[41/200] last=12.9s avg=16.5s/q  cum_tps=102.6 tok/s  tokens=1295
  Q: When was Canada colonized?
  A: Here's a thinking process:

1.  **Analyze User Question:** The user asks "When was Canada colonized?" This is a historic...
[42/200] last=18.2s avg=16.6s/q  cum_tps=102.6 tok/s  tokens=1880
  Q: How can I  use my phone less?
  A: Here's a thinking process:

1.  **Understand User Goal**: The user wants to know how to use their phone less. This is a ...
[43/200] last=20.1s avg=16.7s/q  cum_tps=102.5 tok/s  tokens=2017
  Q: How did mankind discover that the earth was spherical, and why did they initiall...
  A: Here's a thinking process:

1.  **Understand User Question:**
   - **Part 1:** How did mankind discover that the Earth w...
[44/200] last=10.5s avg=16.5s/q  cum_tps=102.5 tok/s  tokens=1079
  Q: What is Gremolata?
  A: Here's a thinking process:

1.  **Understand User Query**: The user is asking "What is Gremolata?" This is a straightfor...
[45/200] last=17.1s avg=16.5s/q  cum_tps=102.7 tok/s  tokens=1861
  Q: Why did humans evolve to believe in God?
  A: Here's a thinking process:

1.  **Understand the User's Question**: The user asks "Why did humans evolve to believe in G...
[46/200] last=19.0s avg=16.6s/q  cum_tps=102.8 tok/s  tokens=2029
  Q: what should i build a cabin out of?
  A: Here's a thinking process:

1.  **Understand User Query:** The user is asking "what should i build a cabin out of?" This...
[47/200] last=19.6s avg=16.7s/q  cum_tps=102.8 tok/s  tokens=2025
  Q: Why do a lot of Scientists not believe in God or Satan?
  A: Here's a thinking process:

1.  **Understand the User's Question**: The user is asking why many scientists do not believ...
[48/200] last=18.5s avg=16.7s/q  cum_tps=102.9 tok/s  tokens=1988
  Q: I like to host guests at my home from time to time, and I am gathering  recipes ...
  A: Here's a thinking process:

1.  **Understand User Request:**
   - User hosts guests occasionally
   - Wants recipes to k...
[49/200] last=10.8s avg=16.6s/q  cum_tps=103.0 tok/s  tokens=1169
  Q: Why can I see the moon during the day?
  A: Here's a thinking process:

1.  **Understand User Question**: The user is asking "Why can I see the moon during the day?...
[50/200] last=19.5s avg=16.6s/q  cum_tps=103.0 tok/s  tokens=2028
  Q: How do I take care of a wooden table?
  A: Here's a thinking process:

1.  **Understand User Query:** The user is asking for guidance on how to care for a wooden t...
[51/200] last=6.3s avg=16.4s/q  cum_tps=103.0 tok/s  tokens=659
  Q: What year was the Yamato Battleship built?
  A: Here's a thinking process:

1.  **Identify the core entity and question**: The user is asking about the "Yamato Battlesh...
[52/200] last=8.8s avg=16.3s/q  cum_tps=102.9 tok/s  tokens=849
  Q: Did they ever announce the release date for the new elder scrolls game?
  A: Here's a thinking process:

1.  **Analyze User Query:**
   - **Topic:** "New Elder Scrolls game"
   - **Question:** "Did...
[53/200] last=18.5s avg=16.3s/q  cum_tps=103.0 tok/s  tokens=1988
  Q: I like to host guests at my home from time to time, and I am gathering  recipes ...
  A: Here's a thinking process:

1.  **Understand User Request:**
   - User likes hosting guests and wants interesting recipe...
[54/200] last=19.1s avg=16.4s/q  cum_tps=103.1 tok/s  tokens=2023
  Q: Please tell me about the romantic relationship between Julius Caesar and Cleopat...
  A: Here's a thinking process:

1.  **Understand User Query**: The user asks about the romantic relationship between Julius ...
[55/200] last=12.0s avg=16.3s/q  cum_tps=103.0 tok/s  tokens=1193
  Q: Hi, I'm in the mood for a Bloody Mary. Can you give me a recipe for making one?
  A: Here's a thinking process:

1.  **Analyze User Request:**
   - User wants a recipe for a Bloody Mary
   - They're in the...
[56/200] last=20.3s avg=16.4s/q  cum_tps=102.9 tok/s  tokens=2030
  Q: What are some famous world music artists?
  A: Here's a thinking process:

1.  **Understand User Query**: The user is asking for "famous world music artists." This is ...
[57/200] last=19.3s avg=16.4s/q  cum_tps=103.0 tok/s  tokens=2029
  Q: what are some good ways to spread ashes?
  A: Here's a thinking process:

1.  **Understand User Query**: The user is asking about "good ways to spread ashes." This re...
[58/200] last=19.7s avg=16.5s/q  cum_tps=102.9 tok/s  tokens=1950
  Q: I like to host guests at my home from time to time, and I am gathering  recipes ...
  A: Here's a thinking process:

1.  **Understand User Request:**
   - User wants to host guests at home
   - Looking for rec...
[59/200] last=19.0s avg=16.5s/q  cum_tps=102.9 tok/s  tokens=1912
  Q: I like to host guests at my home from time to time, and I am gathering  recipes ...
  A: Here's a thinking process:

1.  **Understand User Request:**
   - User hosts guests occasionally
   - Wants recipes to k...
[60/200] last=19.7s avg=16.6s/q  cum_tps=102.8 tok/s  tokens=2004
  Q: I've read the book "The Twelve Caesars" by Suetonius, a few times. I'm curious a...
  A: Here's a thinking process:

1.  **Understand User Query**: The user has read Suetonius's "The Twelve Caesars" multiple t...
[61/200] last=19.9s avg=16.6s/q  cum_tps=102.8 tok/s  tokens=2029
  Q: Please tell me the history of Walt Disney.
  A: Here's a thinking process:

1.  **Understand User Request**: The user wants to know the history of Walt Disney. This is ...
[62/200] last=15.5s avg=16.6s/q  cum_tps=102.7 tok/s  tokens=1524
  Q: Can you help me figure out how to sew a button on a shirt?
  A: Here's a thinking process:

1.  **Understand User Request:** The user wants help learning how to sew a button on a shirt...
[63/200] last=19.6s avg=16.7s/q  cum_tps=102.7 tok/s  tokens=2015
  Q: How did serial killers get away with murder for so long in the 70s and 80s?
  A: Here's a thinking process:

1.  **Understand User Question**: The user is asking why serial killers were able to evade c...
[64/200] last=15.8s avg=16.7s/q  cum_tps=102.8 tok/s  tokens=1717
  Q: How do I make apple juice?
  A: Here's a thinking process:

1.  **Understand User Request**: The user is asking "How do I make apple juice?" This is a s...
[65/200] last=18.8s avg=16.7s/q  cum_tps=102.9 tok/s  tokens=1974
  Q: I like to host guests at my home from time to time, and I am gathering  recipes ...
  A: Here's a thinking process:

1.  **Understand User Request:**
   - User wants to host guests at home
   - Looking for rec...
[66/200] last=13.9s avg=16.6s/q  cum_tps=102.8 tok/s  tokens=1402
  Q: How can I make bubble solution?
  A: Here's a thinking process:

1.  **Understand User Request**: The user wants to know how to make bubble solution. This is...
[67/200] last=15.5s avg=16.6s/q  cum_tps=102.8 tok/s  tokens=1583
  Q: How to make frosting with crisco
  A: Here's a thinking process:

1.  **Understand User Request:** The user wants to know how to make frosting using Crisco (s...
[68/200] last=19.0s avg=16.7s/q  cum_tps=102.8 tok/s  tokens=1986
  Q: I like to host guests at my home from time to time, and I am gathering  recipes ...
  A: Here's a thinking process:

1.  **Understand User Request:**
   - User hosts guests occasionally and wants interesting r...
[69/200] last=19.6s avg=16.7s/q  cum_tps=102.8 tok/s  tokens=2025
  Q: I want to learn more about airplanes. How were they created?
  A: Here's a thinking process:

1.  **Understand User Request:**
   - **Topic:** Airplanes
   - **Question:** How were they ...
[70/200] last=11.6s avg=16.6s/q  cum_tps=102.8 tok/s  tokens=1192
  Q: Can you tell me a very easy to way clean a showerhead?
  A: Here's a thinking process:

1.  **Understand User Request:**
   - **Topic:** Cleaning a showerhead
   - **Key Requiremen...
[71/200] last=5.0s avg=16.5s/q  cum_tps=102.9 tok/s  tokens=529
  Q: Please give me a list of planets in our solar system.  I am going to choose whic...
  A: Here's a thinking process:

1.  **Understand User Request**: The user wants a list of planets in our solar system so the...
[72/200] last=10.5s avg=16.4s/q  cum_tps=102.8 tok/s  tokens=1061
  Q: Who was the first lead vocal for the rock band Starship?
  A: Here's a thinking process:

1.  **Identify the core question**: The user asks "Who was the first lead vocal for the rock...
[73/200] last=19.1s avg=16.4s/q  cum_tps=102.9 tok/s  tokens=2003
  Q: I need to get my nephew a birthday gift. I'm thinking of giving him a game for h...
  A: Here's a thinking process:

1.  **Understand User Request:**
   - **Recipient:** Nephew (age not specified, but typicall...
[74/200] last=12.4s avg=16.4s/q  cum_tps=102.9 tok/s  tokens=1337
  Q: Best way to defrost a refrigerator freezer?
  A: Here's a thinking process:

1.  **Understand User Query**: The user is asking for the "best way to defrost a refrigerato...
[75/200] last=18.5s avg=16.4s/q  cum_tps=103.0 tok/s  tokens=2009
  Q: What are some toys I can buy my kids for imaginative play?
  A: Here's a thinking process:

1.  **Understand User Request:**
   - **Topic:** Toys for imaginative play
   - **Target Aud...
[76/200] last=16.3s avg=16.4s/q  cum_tps=103.1 tok/s  tokens=1795
  Q: How do I know if my house has a water leak?
  A: Here's a thinking process:

1.  **Understand User Query**: The user is asking how to detect if their house has a water l...
[77/200] last=17.6s avg=16.4s/q  cum_tps=103.2 tok/s  tokens=1986
  Q: I like to host guests at my home from time to time, and I am gathering  recipes ...
  A: Here's a thinking process:

1.  **Understand User Request:**
   - User hosts guests at home
   - Wants to try Uruguayan ...
[78/200] last=18.1s avg=16.4s/q  cum_tps=103.3 tok/s  tokens=1989
  Q: I like to host guests at my home from time to time, and I am gathering  recipes ...
  A: Here's a thinking process:

1.  **Understand User Request:**
   - User wants to host guests and gather recipes
   - Spec...
[79/200] last=18.7s avg=16.5s/q  cum_tps=103.4 tok/s  tokens=2027
  Q: What do the different octane values of gasoline mean?
  A: Here's a thinking process:

1.  **Understand User Question:** The user is asking about the meaning of different octane v...
[80/200] last=17.2s avg=16.5s/q  cum_tps=103.5 tok/s  tokens=1867
  Q: How can I fix a leaking roof?
  A: Here's a thinking process:

1.  **Understand User Query:** The user is asking "How can I fix a leaking roof?" This is a ...
[81/200] last=13.8s avg=16.4s/q  cum_tps=103.5 tok/s  tokens=1530
  Q: I have a hard time falling asleep.  Is there any type of music that can help me ...
  A: Here's a thinking process:

1.  **Understand User Query**: The user has trouble falling asleep and is asking if there's ...
[82/200] last=18.5s avg=16.5s/q  cum_tps=103.6 tok/s  tokens=2028
  Q: What are places to visit in Montgomery, Alabama?
  A: Here's a thinking process:

1.  **Understand User Request:** The user is asking for places to visit in Montgomery, Alaba...
[83/200] last=18.8s avg=16.5s/q  cum_tps=103.6 tok/s  tokens=2012
  Q: Hi, I've decided to keep a rat as a pet. How do I house, feed, and otherwise car...
  A: Here's a thinking process:

1.  **Understand User Request:**
   - User wants to keep a rat as a pet
   - Needs informati...
[84/200] last=18.0s avg=16.5s/q  cum_tps=103.6 tok/s  tokens=1865
  Q: How do you get water in the desert?
  A: Here's a thinking process:

1.  **Understand User Query**: The user asks "How do you get water in the desert?" This is a...
[85/200] last=18.1s avg=16.5s/q  cum_tps=103.6 tok/s  tokens=1815
  Q: How do I get better at aiming with my slingshot?
  A: Here's a thinking process:

1.  **Understand User Query**: The user wants to improve their slingshot aiming skills. This...
[86/200] last=19.1s avg=16.6s/q  cum_tps=103.6 tok/s  tokens=1984
  Q: I like to host guests at my home from time to time, and I am gathering  recipes ...
  A: Here's a thinking process:

1.  **Understand User Request:**
   - User wants to host guests and is gathering recipes fro...
[87/200] last=19.0s avg=16.6s/q  cum_tps=103.6 tok/s  tokens=2006
  Q: I have my grandfather's antique fountain pen and a bottle of ink, but have never...
  A: Here's a thinking process:

1.  **Understand User Request**: The user has an antique fountain pen and a bottle of ink bu...
[88/200] last=18.6s avg=16.6s/q  cum_tps=103.7 tok/s  tokens=2020
  Q: Hi, I'd like to play ice hockey. Can you explain how the game works?
  A: Here's a thinking process:

1.  **Understand User Request:** The user wants to learn how ice hockey works. They're askin...
[89/200] last=7.9s avg=16.5s/q  cum_tps=103.7 tok/s  tokens=827
  Q: What is kevlar made out of?
  A: Here's a thinking process:

1.  **Identify the User's Question**: The user asks "What is kevlar made out of?"

2.  **Def...
[90/200] last=19.7s avg=16.6s/q  cum_tps=103.7 tok/s  tokens=2016
  Q: Hi, I'd like to learn how to play racquetball. Can you explain the game to me?
  A: Here's a thinking process:

1.  **Understand User Request:** The user wants to learn how to play racquetball and is aski...
[91/200] last=20.3s avg=16.6s/q  cum_tps=103.6 tok/s  tokens=2024
  Q: What are some  good books to buy for a sci fi fan?
  A: Here's a thinking process:

1.  **Understand User Request:**
   - **Topic:** Science Fiction books
   - **Audience:** A ...
[92/200] last=9.1s avg=16.5s/q  cum_tps=103.6 tok/s  tokens=944
  Q: When were smart phones first made?
  A: Here's a thinking process:

1.  **Understand User Query**: The user asks "When were smart phones first made?" This is a ...
[93/200] last=19.8s avg=16.6s/q  cum_tps=103.6 tok/s  tokens=2017
  Q: Hi, I'd like to learn to bake challah. Can you give me a recipe for that?
  A: Here's a thinking process:

1.  **Understand User Request**: The user wants to learn to bake challah and is asking for a...
[94/200] last=5.8s avg=16.4s/q  cum_tps=103.6 tok/s  tokens=596
  Q: Did Facebook corporation change its name?
  A: Here's a thinking process:

1.  **Analyze User Question**: The user asks "Did Facebook corporation change its name?"

2....
[95/200] last=19.4s avg=16.5s/q  cum_tps=103.6 tok/s  tokens=1987
  Q: I like to host guests at my home from time to time, and I am gathering  recipes ...
  A: Here's a thinking process:

1.  **Understand User Request:**
   - User likes hosting guests at home
   - Wants recipes f...
[96/200] last=19.3s avg=16.5s/q  cum_tps=103.6 tok/s  tokens=2013
  Q: I want to start saving some money by growing my own food. Can I do this during t...
  A: Here's a thinking process:

1.  **Understand User Goal**: The user wants to save money by growing their own food, specif...
[97/200] last=17.2s avg=16.5s/q  cum_tps=103.5 tok/s  tokens=1705
  Q: How can I spice things up in the bedroom?
  A: Here's a thinking process:

1.  **Understand User Query**: The user is asking "How can I spice things up in the bedroom?...
[98/200] last=17.5s avg=16.5s/q  cum_tps=103.5 tok/s  tokens=1783
  Q: Is human blood ever any color other than red?
  A: Here's a thinking process:

1.  **Understand User Question**: The user asks if human blood is ever any color other than ...
[99/200] last=17.5s avg=16.5s/q  cum_tps=103.5 tok/s  tokens=1878
  Q: Please tell me about pearls.  Where are they found?
  A: Here's a thinking process:

1.  **Understand User Query:**
   - **Topic:** Pearls
   - **Specific Question:** Where are ...
[100/200] last=17.8s avg=16.5s/q  cum_tps=103.5 tok/s  tokens=1765
  Q: What are some herbs I can dry out?
  A: Here's a thinking process:

1.  **Understand User Request**: The user is asking for herbs that can be dried out. This is...
[101/200] last=20.1s avg=16.6s/q  cum_tps=103.4 tok/s  tokens=1987
  Q: I like to host guests at my home from time to time, and I am gathering  recipes ...
  A: Here's a thinking process:

1.  **Understand User Request:**
   - User wants to host guests occasionally
   - Looking fo...
[102/200] last=19.2s avg=16.6s/q  cum_tps=103.5 tok/s  tokens=2030
  Q: What is a scary Halloween costume idea?
  A: Here's a thinking thinking sequence

1.  **Deconstruct the user's request:**
    *   Topic: Scary Halloween costume idea...
[103/200] last=11.9s avg=16.6s/q  cum_tps=103.5 tok/s  tokens=1278
  Q: Whats the largest star in our galaxy?
  A: Here's a thinking process:

1.  **Understand the User's Question**: The user is asking for the largest star in our galax...
[104/200] last=19.9s avg=16.6s/q  cum_tps=103.4 tok/s  tokens=2013
  Q: I'm trying to draw out a hopscotch game on my driveway. Can you walk me through ...
  A: Here's a thinking process:

1.  **Understand User Request:** The user wants to draw a hopscotch game on their driveway. ...
[105/200] last=13.4s avg=16.6s/q  cum_tps=103.4 tok/s  tokens=1397
  Q: Can you tell me how to make chocolate chip cookies?
  A: Here's a thinking process:

1.  **Understand User Request:** The user is asking for a recipe/how-to guide for making cho...
[106/200] last=8.6s avg=16.5s/q  cum_tps=103.4 tok/s  tokens=876
  Q: Where is Indonesia?
  A: Here's a thinking process:

1.  **Understand User Query**: The user asks "Where is Indonesia?" - a straightforward geogr...
[107/200] last=13.3s avg=16.5s/q  cum_tps=103.5 tok/s  tokens=1431
  Q: Hi, I need to find the area of a 20 sided die for my math homework. Can you help...
  A: Here's a thinking process:

1.  **Understand User Request**: The user wants to find the "area" of a 20-sided die (icosah...
[108/200] last=16.6s avg=16.5s/q  cum_tps=103.5 tok/s  tokens=1777
  Q: I'm trying to learn how to install window blinds.
  A: Here's a thinking process:

1.  **Understand User Request**: The user wants to learn how to install window blinds. This ...
[109/200] last=17.7s avg=16.5s/q  cum_tps=103.5 tok/s  tokens=1902
  Q: I want to learn more about becoming a CPA. How long does it take to become a CPA...
  A: Here's a thinking process:

1.  **Understand User Query:** The user wants to know how long it takes to become a CPA (Cer...
[110/200] last=16.7s avg=16.5s/q  cum_tps=103.5 tok/s  tokens=1723
  Q: I want to talk about "Smooth",  a song by Rob Thomas.
  A: Here's a thinking thinking sequence

1.  **Deconstruct and Analyze the User's Request:**
    *   Topic: "Smooth" by Rob ...
[111/200] last=19.4s avg=16.5s/q  cum_tps=103.5 tok/s  tokens=1997
  Q: I'd like you to write me a story in the style of Don Delillo, about a bunch of i...
  A: Here's a thinking thinking sequence

1.  **Deconstruct the Prompt:**
    *   Topic: Immortal cats living in a New York h...
[112/200] last=18.8s avg=16.5s/q  cum_tps=103.5 tok/s  tokens=1988
  Q: I like to host guests at my home from time to time, and I am gathering  recipes ...
  A: Here's a thinking process:

1.  **Understand User Request:**
   - User hosts guests occasionally
   - Wants recipes for ...
[113/200] last=16.5s avg=16.5s/q  cum_tps=103.6 tok/s  tokens=1783
  Q: Is it true that the native Australians were really prisoners of England?
  A: Here's a thinking process:

1.  **Analyze User Question:**
   - **Claim:** "Native Australians were really prisoners of ...
[114/200] last=4.9s avg=16.4s/q  cum_tps=103.6 tok/s  tokens=544
  Q: What color is the sky
  A: Here's a thinking process:

1.  **Analyze User Input:**
   - Question: "What color is the sky"
   - Simple, factual ques...
[115/200] last=14.8s avg=16.4s/q  cum_tps=103.6 tok/s  tokens=1545
  Q: Is there a meaning for Christmas wreaths?
  A: Here's a thinking process:

1.  **Understand User Query**: The user asks "Is there a meaning for Christmas wreaths?" Thi...
[116/200] last=19.2s avg=16.4s/q  cum_tps=103.6 tok/s  tokens=1983
  Q: I like to host guests at my home from time to time, and I am gathering  recipes ...
  A: Here's a thinking process:

1.  **Understand User Request:**
   - User hosts guests at home and wants recipe variety
   ...
[117/200] last=18.6s avg=16.4s/q  cum_tps=103.6 tok/s  tokens=1945
  Q: Hi, I'd like to make my own peanut brittle. Can you give me a recipe and cooking...
  A: Here's a thinking process:

1.  **Understand User Request**: The user wants a recipe and cooking instructions for homema...
[118/200] last=18.7s avg=16.5s/q  cum_tps=103.6 tok/s  tokens=1921
  Q: I'm trying to stop my neighbour's cat from coming in to my garden and fighting w...
  A: Here's a thinking process:

1.  **Understand User's Problem**: The user wants to keep their neighbor's cat out of their ...
[119/200] last=10.0s avg=16.4s/q  cum_tps=103.6 tok/s  tokens=1057
  Q: does the dinosaurs really exist?
  A: Here's a thinking process:

1.  **Analyze User Question**: The user asks "does the dinosaurs really exist?" - This is a ...
[120/200] last=19.7s avg=16.4s/q  cum_tps=103.6 tok/s  tokens=2019
  Q: what are some big cat hybrids?
  A: Here's a thinking process:

1.  **Understand User Query**: The user is asking about "big cat hybrids" - meaning hybrid a...
[121/200] last=5.3s avg=16.4s/q  cum_tps=103.6 tok/s  tokens=538
  Q: what is the name of chris tucker first movie
  A: Here's a thinking process:

1.  **Identify the User's Question**: The user is asking for the name of Chris Tucker's firs...
[122/200] last=9.3s avg=16.3s/q  cum_tps=103.6 tok/s  tokens=1003
  Q: How long does it take our eyes to fully adapt to darkness?
  A: Here's a thinking process:

1.  **Understand User Question**: The user is asking about the time it takes for human eyes ...
[123/200] last=10.2s avg=16.2s/q  cum_tps=103.6 tok/s  tokens=1101
  Q: Has there been any news regarding a potential release date for Starcraft 3?
  A: Here's a thinking process:

1.  **Understand User Query**: The user is asking about news regarding a potential release d...
[124/200] last=16.3s avg=16.2s/q  cum_tps=103.6 tok/s  tokens=1733
  Q: How is oil turned into gasoline?
  A: Here's a thinking process:

1.  **Understand User Question**: The user asks "How is oil turned into gasoline?" This is a...
[125/200] last=15.0s avg=16.2s/q  cum_tps=103.6 tok/s  tokens=1569
  Q: Can you give any tips on how to cook a juicy, medium-rare steak?
  A: Here's a thinking process:

1.  **Understand User Request:** The user wants tips for cooking a juicy, medium-rare steak....
[126/200] last=9.2s avg=16.2s/q  cum_tps=103.6 tok/s  tokens=906
  Q: When was hip hop invented?
  A: Here's a thinking process:

1.  **Identify the Core Question**: The user is asking "When was hip hop invented?"
2.  **Ke...
[127/200] last=19.3s avg=16.2s/q  cum_tps=103.6 tok/s  tokens=1993
  Q: Hi, I recently inherited a S&W 1006 and I don't even know how to load it. Can yo...
  A: Here's a thinking process:

1.  **Analyze User Input:**
   - **Firearm:** S&W 1006 (Smith & Wesson Model 1006)
   - **Qu...
[128/200] last=14.3s avg=16.2s/q  cum_tps=103.6 tok/s  tokens=1498
  Q: My friend's dog just died and they're really sad. How do I comfort them?
  A: Here's a thinking process:

1.  **Understand User's Need**: The user is asking how to comfort a friend who just lost the...
[129/200] last=11.4s avg=16.2s/q  cum_tps=103.6 tok/s  tokens=1118
  Q: Is the US border open to Canada?
  A: Here's a thinking process:

1.  **Understand User Query**: The user is asking "Is the US border open to Canada?" This is...
[130/200] last=19.4s avg=16.2s/q  cum_tps=103.6 tok/s  tokens=2004
  Q: Can you list the top 20 films or movies between 1930 and 1940 that are in Englis...
  A: Here's a thinking process:

1.  **Understand User Request:**
   - **Quantity:** Top 20 films/movies
   - **Time Period:*...
[131/200] last=18.7s avg=16.2s/q  cum_tps=103.6 tok/s  tokens=2016
  Q: Take MLK speech "I had a dream" but turn it into a top 100 rap song
  A: Here's a thinking thinking sequence

1.  **Deconstruct and Analyze the Source Material:**
    *   *Source:* Martin Luthe...
[132/200] last=13.3s avg=16.2s/q  cum_tps=103.6 tok/s  tokens=1408
  Q: List the layers of the TCP/IP model and for each layer identify one protocol.
  A: Here's a thinking process:

1.  **Understand User Request:**
   - The user wants a list of the layers in the TCP/IP mode...
[133/200] last=19.7s avg=16.2s/q  cum_tps=103.6 tok/s  tokens=2023
  Q: Why can't bank use cash as capital as a buffer for potential losses?
  A: Here's a thinking process:

1.  **Understand the User's Question:** The user is asking why banks can't use cash as capit...
[134/200] last=13.6s avg=16.2s/q  cum_tps=103.6 tok/s  tokens=1439
  Q: convert December 21 · 1:00 – 1:50pm pacific to asia/taipei time
  A: Here's a thinking process:

1.  **Identify the input time:**
   - Date: December 21
   - Time: 1:00 PM – 1:50 PM Pacific...
[135/200] last=19.7s avg=16.2s/q  cum_tps=103.6 tok/s  tokens=2024
  Q: Can you tell my a story about nuclear physics like dr Seuss?
  A: Here's a thinking thinking sequence

1.  **Deconstruct and Analyze the Request:**
    *   Topic: Nuclear Physics.
    * ...
[136/200] last=12.0s avg=16.2s/q  cum_tps=103.6 tok/s  tokens=1224
  Q: Message to client for accepting offer for summary video
  A: Here's a thinking process:

1.  **Analyze User Input:**
   - **Recipient:** Client
   - **Purpose:** Acknowledge/accept ...
[137/200] last=20.1s avg=16.2s/q  cum_tps=103.6 tok/s  tokens=1995
  Q: Can you write a short story where Hildibrand Manderville somehow gets transforme...
  A: Here's a thinking thinking sequence

1.  **Deconstruct the prompt:**
    *   Characters: Hildibrand Manderville, Warrior...
[138/200] last=19.2s avg=16.2s/q  cum_tps=103.5 tok/s  tokens=1951
  Q: I'm currently studying Bioengineering in Argentina, focusing on computational ne...
  A: Here's a thinking process:

1.  **Understand User Profile:**
   - **Field:** Bioengineering (computational neuroscience ...
[139/200] last=19.8s avg=16.3s/q  cum_tps=103.5 tok/s  tokens=1985
  Q: Write an interview between a Female Film director and a journalist. Use advanced...
  A: Here's a thinking thinking sequence

1.  **Deconstruct the user's Request:**
    *   **Topic:** Interview between a Fema...
[140/200] last=21.3s avg=16.3s/q  cum_tps=103.4 tok/s  tokens=2019
  Q: Give me a sample 5 day itienary for a switzerland holiday, starting from Basel
  A: Here's a thinking thinking sequence

1.  **Deconstruct and Analyze the Request:**
    *   Goal: Sample 5-day itinerary f...
[141/200] last=20.4s avg=16.3s/q  cum_tps=103.4 tok/s  tokens=2030
  Q: explain The Death of Ivan Ilych
  A: Here's a thinking process:

1.  **Understand User Request:** The user wants an explanation of "The Death of Ivan Ilych" ...
[142/200] last=18.8s avg=16.3s/q  cum_tps=103.4 tok/s  tokens=1935
  Q: Why is it that only proteins, carbohydrates and fats are deemed to have caloric ...
  A: Here's a thinking process:

1.  **Analyze User Question:**
   - **Core Question:** Why are only proteins, carbohydrates,...
[143/200] last=7.4s avg=16.3s/q  cum_tps=103.4 tok/s  tokens=760
  Q: Navina has $30 more to her weekly budget than her younger sister and can afford ...
  A: Here's a thinking process:

1.  **Analyze User Input:**
   - "Navina has $30 more to her weekly budget than her younger ...
[144/200] last=20.3s avg=16.3s/q  cum_tps=103.3 tok/s  tokens=2015
  Q: rank the following companies by how pro-consumer they are:
Microsoft, Google, Ni...
  A: Here's a thinking process:

1.  **Understand User Request**: The user wants me to rank five companies (Microsoft, Google...
[145/200] last=6.1s avg=16.2s/q  cum_tps=103.4 tok/s  tokens=676
  Q: Anytown Bank obtaining and using consumer reports in connection with any credit ...
  A: Here's a thinking process:

1.  **Analyze the User Input:**
   - **Question:** Anytown Bank obtaining and using consumer...
[146/200] last=18.4s avg=16.3s/q  cum_tps=103.4 tok/s  tokens=2003
  Q: I’m planning to visit Okinawa Japan from April 7th to April 10th. Do you have an...
  A: Here's a thinking process:

1.  **Analyze User Input:**
   - **Destination:** Okinawa, Japan
   - **Dates:** April 7th t...
[147/200] last=15.7s avg=16.2s/q  cum_tps=103.4 tok/s  tokens=1730
  Q: I have this text: <br><br>We use professional processes. Use the photo delivery ...
  A: Here's a thinking process:

1.  **Analyze User Input:**
   - **Original Text:** 
     "<br><br>We use professional proce...
[148/200] last=18.5s avg=16.3s/q  cum_tps=103.5 tok/s  tokens=2018
  Q: define a new language that contains words that are with numbers and letters such...
  A: Here's a thinking thinking sequence

1.  **Deconstruct and Analyze the Example:**
    *   Example: `IL9op`
    *   Compo...
[149/200] last=19.6s avg=16.3s/q  cum_tps=103.5 tok/s  tokens=2021
  Q: Write me a 2000 word essay on a water safety engineering project.
  A: Here's a thinking process:

1.  **Analyze User Request:**
   - **Topic:** Water safety engineering project
   - **Length...
[150/200] last=19.2s avg=16.3s/q  cum_tps=103.5 tok/s  tokens=1978
  Q: Marie is at the music store for a store day. She bought two $50 combos. Then, fo...
  A: Here's a thinking process:

1.  **Analyze User Input:**
   - Marie is at a music store for a store day.
   - Bought two ...
[151/200] last=8.7s avg=16.3s/q  cum_tps=103.5 tok/s  tokens=934
  Q: Mick pays his teacher $800 for 40 lessons worth 2 hours each. If this will be al...
  A: Here's a thinking process:

1.  **Analyze User Input:**
   - Mick pays $800 for 40 lessons.
   - Each lesson is worth 2 ...
[152/200] last=19.2s avg=16.3s/q  cum_tps=103.5 tok/s  tokens=2028
  Q: How to improve instance segmentation AP metrics with human knowledge
  A: Here's a thinking process:

1.  **Understand User Query:** The user is asking "How to improve instance segmentation AP m...
[153/200] last=20.2s avg=16.3s/q  cum_tps=103.5 tok/s  tokens=2029
  Q: what is needed for self-sufficient living spaces
  A: Here's a thinking process:

1.  **Understand User Query:** The user is asking "what is needed for self-sufficient living...
[154/200] last=16.9s avg=16.3s/q  cum_tps=103.5 tok/s  tokens=1893
  Q: please act like a business consultant that is doing a project of estimating the ...
  A: Here's a thinking thinking sequence

1.  **Deconstruct the User's Request:**
    *   **Role:** Business Consultant.
    ...
[155/200] last=18.8s avg=16.3s/q  cum_tps=103.5 tok/s  tokens=2029
  Q: Expand on the relation between inconsistency and ideological thinking
  A: Here's a thinking process:

1.  **Understand User Request:**
   - **Topic:** Relation between inconsistency and ideologi...
[156/200] last=16.7s avg=16.3s/q  cum_tps=103.5 tok/s  tokens=1732
  Q: Why do people give Reddit Gold to admins?
  A: Here's a thinking process:

1.  **Understand User Question**: The user is asking why people give Reddit Gold to Reddit a...
[157/200] last=19.2s avg=16.3s/q  cum_tps=103.5 tok/s  tokens=1989
  Q: Create an Annotated Bibliography, in APA citation style, with six entries descri...
  A: Here's a thinking thinking sequence

1.  **Deconstruct the Request:**
    *   Goal: Create an Annotated Bibliography.
  ...
[158/200] last=17.6s avg=16.4s/q  cum_tps=103.6 tok/s  tokens=1848
  Q: What does Nassim Nicholas Taleb say about market efficiency?
  A: Here's a thinking process:

1.  **Understand User Query**: The user asks: "What does Nassim Nicholas Taleb say about mar...
[159/200] last=16.2s avg=16.4s/q  cum_tps=103.5 tok/s  tokens=1609
  Q: Can a boy and girl be just be best friends only ever

  A: Here's a thinking process:

1.  **Analyze User Input:**
   - **Question:** "Can a boy and girl be just be best friends o...
[160/200] last=4.9s avg=16.3s/q  cum_tps=103.5 tok/s  tokens=489
  Q: If a tree is on the top of a mountain and the mountain is far from the see then ...
  A: Here's a thinking process:

1.  **Analyze User Input:**
   - Statement 1: "a tree is on the top of a mountain"
   - Stat...
[161/200] last=19.5s avg=16.3s/q  cum_tps=103.5 tok/s  tokens=2021
  Q: hat would be the reason for the popularity of youtube compared to other video sh...
  A: Here's a thinking process:

1.  **Understand User Query**: The user is asking why YouTube became/popular compared to oth...
[162/200] last=19.5s avg=16.3s/q  cum_tps=103.5 tok/s  tokens=2031
  Q: Tell me something I don’t know
  A: Here's a thinking process:

1.  **Analyze User Request:**
   - **Input:** "Tell me something I don’t know"
   - **Intent...
[163/200] last=18.4s avg=16.3s/q  cum_tps=103.5 tok/s  tokens=1971
  Q: You are a script-writer. Write a script for the opening scene of a Miami-based d...
  A: Here's a thinking thinking sequence

1.  **Deconstruct the user:**
    *   Role: Script-writer.
    *   Genre: Dark come...
[164/200] last=11.6s avg=16.3s/q  cum_tps=103.6 tok/s  tokens=1305
  Q: Do you know something about the book  ＂the art of thinking clearly" wrote by Rol...
  A: Here's a thinking process:

1.  **Understand User Query**: The user is asking about the book "The Art of Thinking Clearl...
[165/200] last=6.2s avg=16.2s/q  cum_tps=103.6 tok/s  tokens=695
  Q: antennas that transmit an equal amount of energy in the horizontal direction are...
  A: Here's a thinking process:

1.  **Analyze User Input:**
   - **Question:** "antennas that transmit an equal amount of en...
[166/200] last=13.0s avg=16.2s/q  cum_tps=103.6 tok/s  tokens=1352
  Q: write an introduction of a person for resume who worked as an in-house IT for 18...
  A: Here's a thinking process:

1.  **Analyze User Input:**
   - **Role:** In-house IT professional
   - **Experience:** 18 ...
[167/200] last=16.8s avg=16.2s/q  cum_tps=103.6 tok/s  tokens=1729
  Q: Hi, I have a question about MFCC (mel frequency cepstral coefficients). Are they...
  A: Here's a thinking process:

1.  **Understand User Question**: The user is asking about the relationship between MFCCs (M...
[168/200] last=18.9s avg=16.2s/q  cum_tps=103.6 tok/s  tokens=2019
  Q: who was the black cabinet member who went on to play an important role in the ci...
  A: Here's a thinking process:

1.  **Identify the core question**: The user is asking about a "black cabinet member" who la...
[169/200] last=7.0s avg=16.2s/q  cum_tps=103.6 tok/s  tokens=749
  Q: “One One was a race horse Two Two was one too. One One won one race. Two Two won...
  A: Here's a thinking process:

1.  **Analyze User Input:**
   - The user provides a short poem/riddle: "One One was a race ...
[170/200] last=18.4s avg=16.2s/q  cum_tps=103.6 tok/s  tokens=1992
  Q: Over two thousand years, the moon has covered every point on the Earth once. At ...
  A: Here's a thinking process that leads to the solution:

1.  **Analyze the Problem Statement:**
    *   **Premise 1:** "Ov...
[171/200] last=18.0s avg=16.2s/q  cum_tps=103.7 tok/s  tokens=2028
  Q: twenty names of famous horses and who they belonged to
  A: Here's a thinking process:

1.  **Understand User Request:** The user wants "twenty names of famous horses and who they ...
[172/200] last=18.4s avg=16.2s/q  cum_tps=103.7 tok/s  tokens=1990
  Q: Write an interesting and detailed backstory for my half-elf ranger character for...
  A: Here's a thinking thinking sequence

1.  **Deconstruct the Request:**
    *   **Subject:** Half-elf ranger backstory for...
[173/200] last=14.3s avg=16.2s/q  cum_tps=103.7 tok/s  tokens=1508
  Q: In this math problem, we are asked to figure out the percentage of total profits...
  A: Here's a thinking process:

1.  **Analyze User Input:**
   - The user describes a math problem about calculating the "pe...
[174/200] last=11.9s avg=16.2s/q  cum_tps=103.7 tok/s  tokens=1170
  Q: Why is it a bad idea to give a mouse a cookie?
  A: Here's a thinking process:

1.  **Analyze User Input:**
   - **Question:** "Why is it a bad idea to give a mouse a cooki...
[175/200] last=10.8s avg=16.2s/q  cum_tps=103.7 tok/s  tokens=1032
  Q: which second messenger molecule acts on the endoplasmic reticulum to release cal...
  A: Here's a thinking process:

1.  **Analyze User Question:**
   - **Question:** "which second messenger molecule acts on t...
[176/200] last=19.5s avg=16.2s/q  cum_tps=103.6 tok/s  tokens=1991
  Q: How can anti-deressants make people think or act suicidally? Suicidal thoughts o...
  A: Here's a thinking process:

1.  **Analyze User Query:**
   - **Topic:** Antidepressants and suicidal thoughts/actions as...
[177/200] last=18.5s avg=16.2s/q  cum_tps=103.7 tok/s  tokens=2010
  Q: Create a lesson plan in two different levels: in CEFR A1 and A2 on the topic of ...
  A: Here's a thinking thinking sequence

1.  **Deconstruct the user's request:**
    *   Goal: Create a lesson plan on the t...
[178/200] last=18.5s avg=16.2s/q  cum_tps=103.7 tok/s  tokens=2021
  Q: Draft a ministerial speech outlining the top five benefits that innovation bring...
  A: Here's a thinking thinking sequence

1.  **Deconstruct the user:**
    *   Topic: Ministerial speech outlining the top f...
[179/200] last=16.7s avg=16.2s/q  cum_tps=103.7 tok/s  tokens=1835
  Q: Is online casino legal in India?
  A: Here's a thinking process:

1.  **Understand User Query**: The user is asking about the legality of online casinos in In...
[180/200] last=17.2s avg=16.2s/q  cum_tps=103.7 tok/s  tokens=1767
  Q: Write a section for an award application detailing how photography has insipired...
  A: Here's a thinking process:

1.  **Analyze User Input:**
   - **Topic:** Photography inspiring the applicant
   - **Forma...
[181/200] last=19.6s avg=16.2s/q  cum_tps=103.7 tok/s  tokens=1982
  Q: I want to eventually become a plant/manufacturing/production manager, and eventu...
  A: Here's a thinking process:

1.  **Understand User Goals:**
   - **Short/Medium-term goal:** Plant/Manufacturing/Producti...
[182/200] last=16.1s avg=16.2s/q  cum_tps=103.7 tok/s  tokens=1587
  Q: explain the basics of area and perimeter
  A: Here's a thinking process:

1.  **Understand User Request:** The user wants an explanation of the basics of area and per...
[183/200] last=18.7s avg=16.3s/q  cum_tps=103.7 tok/s  tokens=2013
  Q: Write a story about Anakin Skywalker encountering a Jedi who speaks and acts lik...
  A: Here's a thinking thinking sequence

1.  **Deconstruct the prompt:**
    *   Topic: Anakin Skywalker encounters a Jedi.
...
[184/200] last=18.6s avg=16.3s/q  cum_tps=103.7 tok/s  tokens=2024
  Q: what are the possible performance issues in a learning program on cross cultural...
  A: Here's a thinking process:

1.  **Understand User Query:** The user is asking about "possible performance issues in a le...
[185/200] last=16.1s avg=16.3s/q  cum_tps=103.8 tok/s  tokens=1773
  Q: write description for 925 sterling silver miami cuban link chain
  A: Here's a thinking process:

1.  **Analyze User Request:**
   - **Product:** 925 Sterling Silver Miami Cuban Link Chain
 ...
[186/200] last=15.6s avg=16.3s/q  cum_tps=103.8 tok/s  tokens=1693
  Q: cost of fuel for a 14 mile journey in a car with 48mpg, fuel costs 625 pence per...
  A: Here's a thinking process:

1.  **Understand User Goal**: The user wants to calculate the fuel cost for a 14-mile journe...
[187/200] last=18.6s avg=16.3s/q  cum_tps=103.8 tok/s  tokens=2014
  Q: How does money go from my pocket, through the stock market, and to support the b...
  A: Here's a thinking process:

1.  **Understand User Question**: The user is asking about the flow of money when they buy s...
[188/200] last=19.6s avg=16.3s/q  cum_tps=103.8 tok/s  tokens=2025
  Q: Can you provide a list of health food brands owned by Hispanic founders
  A: Here's a thinking process:

1.  **Understand User Request:**
   - The user wants a list of health food brands
   - Speci...
[189/200] last=17.2s avg=16.3s/q  cum_tps=103.8 tok/s  tokens=1761
  Q: 63-year-old male with diabetes for seven to eight years (BbA1c consistently betw...
  A: Here's a thinking process:

1.  **Analyze User Input:**
   - **Patient:** 63-year-old male
   - **Diabetes:** 7-8 years,...
[190/200] last=20.5s avg=16.3s/q  cum_tps=103.8 tok/s  tokens=2021
  Q: What if people only valued and took pride in the things that were true about the...
  A: Here's a thinking process:

1.  **Analyze the User's Prompt:**
   - **Core Question:** "What if people only valued and t...
[191/200] last=18.4s avg=16.3s/q  cum_tps=103.8 tok/s  tokens=1933
  Q: It's officially 2023, and as we enter a brand new year, what better time to set ...
  A: Here's a thinking process:

1.  **Analyze User Input:**
   - Context: It's 2023 (note: current year is 2024, but I'll wo...
[192/200] last=12.6s avg=16.3s/q  cum_tps=103.8 tok/s  tokens=1260
  Q: I need to learn English could you help me and make a exercise
  A: Here's a thinking process:

1.  **Understand User Request:**
   - User wants to learn English
   - User asks for help an...
[193/200] last=19.9s avg=16.3s/q  cum_tps=103.7 tok/s  tokens=2030
  Q: Why does warmth make you feel tired?
  A: Here's a thinking process:

1.  **Understand User Question:** The user asks "Why does warmth make you feel tired?" This ...
[194/200] last=18.6s avg=16.3s/q  cum_tps=103.7 tok/s  tokens=1802
  Q: write an article informing customer of my saas software that this currently is  ...
  A: Here's a thinking process:

1.  **Analyze User Request:**
   - **Topic:** SaaS software beta version announcement/update...
[195/200] last=20.9s avg=16.4s/q  cum_tps=103.7 tok/s  tokens=2012
  Q: Explain me the Finite Elemente Method
  A: Here's a thinking process:

1.  **Understand User Request**: The user wants an explanation of the Finite Element Method ...
[196/200] last=6.4s avg=16.3s/q  cum_tps=103.6 tok/s  tokens=598
  Q: I've put a plate on top of an apple, and take the plate from kitchen to dinning ...
  A: Here's a thinking process:

1.  **Analyze User Input:**
   - User says: "I've put a plate on top of an apple, and take t...
[197/200] last=20.0s avg=16.3s/q  cum_tps=103.6 tok/s  tokens=2022
  Q: Introduce the ”financial markets and institutions“ by Frederic S. Mishkin
  A: Here's a thinking process:

1.  **Understand User Request:**
   - The user wants an introduction to the book "Financial ...
[198/200] last=9.9s avg=16.3s/q  cum_tps=103.6 tok/s  tokens=1058
  Q: when are hops added to the brewing process?
  A: Here's a thinking process:

1.  **Understand User Question**: The user asks "when are hops added to the brewing process?...
[199/200] last=17.9s avg=16.3s/q  cum_tps=103.6 tok/s  tokens=1942
  Q: Can a Liebherr LTM 11200-9.1 hypothetically lift Mount everest
  A: Here's a thinking process:

1.  **Analyze User Question:**
   - **Subject:** Liebherr LTM 11200-9.1 (a massive mobile cr...
[200/200] last=0.8s avg=16.2s/q  cum_tps=103.6 tok/s  tokens=89
  Q: Write "Test"
  A: Thinking Process:

1.  **Analyze the Request:** The user wants me to write the word "Test".
2.  **Determine the Output:*...

=== summary ===
  saved 200 results to exp/nosia_200q_vl_r5.json
  errors: 0
  total tokens: 336515
  total wall time: 3247s (54.1 min)
  throughput: 103.6 tok/s
