loaded 200 prompts from data/alpaca_eval/alpaca_eval.json
base_url    : http://localhost:8000/v1
model       : 0GM-1.0-35B-A3B-SIA-vocab-lowrank
max_tokens  : 2048
temperature : 1.0
top_p / top_k / rep_penalty: 0.95 / 20 / None
disable_thinking: False
no_think_prompt : False
sia_weight / sia_topk / sia_entropy_threshold: None / None / None
output      : exp/sia_200q_vl_r3.json
------------------------------------------------------------
[1/200] last=29.6s avg=29.6s/q  cum_tps=68.4 tok/s  tokens=2023
  Q: What are the names of some famous actors that started their careers on Broadway?
  A: Here's a thinking process:

1.  **Understand User Query**: The user is asking for names of famous actors who started the...
[2/200] last=31.8s avg=30.7s/q  cum_tps=66.0 tok/s  tokens=2030
  Q: How did US states get their names?
  A: Here's a thinking process:

1.  **Understand User Query**: The user asks "How did US states get their names?" This is a ...
[3/200] last=31.3s avg=30.9s/q  cum_tps=65.4 tok/s  tokens=2004
  Q: Hi, my sister and her girlfriends want me to play kickball with them. Can you ex...
  A: Here's a thinking process:

1.  **Understand User Request:**
   - User wants to learn how to play kickball
   - Context:...
[4/200] last=27.2s avg=29.9s/q  cum_tps=67.5 tok/s  tokens=2024
  Q: What is some cool music from the 1920s?
  A: Here's a thinking process:

1.  **Understand User Request:**
   - **Topic:** Cool music from the 1920s
   - **Key aspect...
[5/200] last=24.7s avg=28.9s/q  cum_tps=67.3 tok/s  tokens=1648
  Q: How do I wrap a present neatly?
  A: Here's a thinking process:

1.  **Understand User Request**: The user is asking for instructions on how to wrap a presen...
[6/200] last=26.0s avg=28.4s/q  cum_tps=67.7 tok/s  tokens=1816
  Q: How do I dice without slicing my finger
  A: Here's a thinking process:

1.  **Understand User Query:** The user is asking for advice on how to dice food (likely veg...
[7/200] last=15.2s avg=26.5s/q  cum_tps=67.9 tok/s  tokens=1061
  Q: Hi, I'm trying to solve a crossword puzzle, but I've never done one of these bef...
  A: Here's a thinking process:

1.  **Analyze User Input:**
   - User is asking for help with a crossword puzzle
   - They'v...
[8/200] last=19.7s avg=25.7s/q  cum_tps=68.7 tok/s  tokens=1511
  Q: Who is Larry Page?
  A: Here's a thinking process:

1.  **Identify the Core Entity**: The user asks "Who is Larry Page?"
2.  **Key Facts about L...
[9/200] last=29.3s avg=26.1s/q  cum_tps=68.8 tok/s  tokens=2028
  Q: What are different drawers I should have for clothes?
  A: Here's a thinking process:

1.  **Understand User Query**: The user is asking about "different drawers I should have for...
[10/200] last=28.3s avg=26.3s/q  cum_tps=68.9 tok/s  tokens=1989
  Q: I like to host guests at my home from time to time, and I am gathering  recipes ...
  A: Here's a thinking process:

1.  **Understand User Request:**
   - User wants to host guests and is gathering recipes
   ...
[11/200] last=20.5s avg=25.8s/q  cum_tps=69.6 tok/s  tokens=1615
  Q: do you think retinoid is effective on removing the acne? because I have a lot of...
  A: Here's a thinking process:

1.  **Understand User Query**: The user is asking about the effectiveness of retinoids for t...
[12/200] last=27.2s avg=25.9s/q  cum_tps=69.2 tok/s  tokens=1764
  Q: I'm trying to teach myself to have nicer handwriting. Can you help?
  A: Here's a thinking process:

1.  **Understand User Goal**: The user wants to learn to improve their handwriting ("nicer h...
[13/200] last=25.5s avg=25.9s/q  cum_tps=69.9 tok/s  tokens=1988
  Q: I like to host guests at my home from time to time, and I am gathering  recipes ...
  A: Here's a thinking process:

1.  **Understand User Request:**
   - User hosts guests occasionally
   - Wants recipes to k...
[14/200] last=19.8s avg=25.4s/q  cum_tps=70.9 tok/s  tokens=1729
  Q: What are the best exercises for beginners?
  A: Here's a thinking process:

1.  **Understand User Query**: The user is asking for "the best exercises for beginners." Th...
[15/200] last=26.6s avg=25.5s/q  cum_tps=70.7 tok/s  tokens=1828
  Q: Do you know why turkeys became the official food of thanksgiving?
  A: Here's a thinking process:

1.  **Understand User Question**: The user is asking about the historical reasons why turkey...
[16/200] last=23.2s avg=25.4s/q  cum_tps=70.6 tok/s  tokens=1578
  Q: I want to get better at networking at work
  A: Here's a thinking process:

1.  **Understand User Goal**: The user wants to improve their networking skills specifically...
[17/200] last=32.8s avg=25.8s/q  cum_tps=69.9 tok/s  tokens=2031
  Q: Are there any weird Christmas traditions?
  A: Here's a thinking process:

1.  **Understand User Query**: The user asks "Are there any weird Christmas traditions?" Thi...
[18/200] last=28.1s avg=25.9s/q  cum_tps=70.0 tok/s  tokens=2017
  Q: Hi, I'm interested in learning to play badminton. Can you explain the game to me...
  A: Here's a thinking process:

1.  **Understand User Request:** The user wants to learn badminton and is asking for an expl...
[19/200] last=17.8s avg=25.5s/q  cum_tps=70.0 tok/s  tokens=1258
  Q: Do you know why cats always rub up against your legs?
  A: Here's a thinking process:

1.  **Understand User Question**: The user is asking why cats rub up against human legs. Thi...
[20/200] last=31.7s avg=25.8s/q  cum_tps=69.6 tok/s  tokens=2008
  Q: I am going to try to roast a pig at home for Thanksgiving this year. What equipm...
  A: Here's a thinking process:

1.  **Understand User Goal**: The user wants to roast a whole pig at home for Thanksgiving a...
[21/200] last=17.3s avg=25.4s/q  cum_tps=69.8 tok/s  tokens=1314
  Q: Help me find a good rated electric saw.
  A: Here's a thinking process:

1.  **Understand User Request:** The user is asking for a "good rated electric saw." This is...
[22/200] last=28.1s avg=25.5s/q  cum_tps=69.9 tok/s  tokens=2025
  Q: What are some artists I might like if I like Billy Joel?
  A: Here's a thinking process:

1.  **Analyze User Request:**
   - **Artist mentioned:** Billy Joel
   - **Goal:** Recommend...
[23/200] last=15.3s avg=25.1s/q  cum_tps=70.3 tok/s  tokens=1249
  Q: What type of soil is suitable for cactus?
  A: Here's a thinking process:

1.  **Understand User Query**: The user asks "What type of soil is suitable for cactus?" Thi...
[24/200] last=28.3s avg=25.2s/q  cum_tps=70.3 tok/s  tokens=2031
  Q: How do you become an author?
  A: Here's a thinking process:

1.  **Understand User Query:** The user asks "How do you become an author?" This is a broad,...
[25/200] last=11.3s avg=24.7s/q  cum_tps=70.5 tok/s  tokens=876
  Q: What breed dog is smallest?
  A: Here's a thinking process:

1.  **Understand User Question**: The user is asking "What breed dog is smallest?" This is a...
[26/200] last=27.8s avg=24.8s/q  cum_tps=70.5 tok/s  tokens=2027
  Q: What are some species of bears that are now extinct?
  A: Here's a thinking process:

1.  **Understand User Query**: The user asks for "some species of bears that are now extinct...
[27/200] last=11.0s avg=24.3s/q  cum_tps=70.9 tok/s  tokens=983
  Q: What causes the northern lights?
  A: Here's a thinking process:

1.  **Understand User Question**: The user asks "What causes the northern lights?" This is a...
[28/200] last=27.3s avg=24.4s/q  cum_tps=70.9 tok/s  tokens=1979
  Q: What are some good foods to eat when you are sick? I am looking for something to...
  A: Here's a thinking process:

1.  **Understand User Request:**
   - **Topic:** Foods to eat when sick
   - **Target Audien...
[29/200] last=30.4s avg=24.6s/q  cum_tps=70.8 tok/s  tokens=2029
  Q: Why is kobe beef so damn expensive?
  A: Here's a thinking process:

1.  **Understand User Question**: The user is asking why Kobe beef is so expensive. They're ...
[30/200] last=18.3s avg=24.4s/q  cum_tps=71.0 tok/s  tokens=1458
  Q: How do I clean my armpits?
  A: Here's a thinking process:

1.  **Understand User Query**: The user is asking "How do I clean my armpits?" This is a str...
[31/200] last=24.6s avg=24.4s/q  cum_tps=71.4 tok/s  tokens=2031
  Q: How do I detail a car?
  A: Here's a thinking process:

1.  **Understand User Request**: The user is asking "How do I detail a car?" This is a broad...
[32/200] last=24.1s avg=24.4s/q  cum_tps=71.7 tok/s  tokens=1959
  Q: I am going to make pumpkin pie for the first time.  Can you help me?
  A: Here's a thinking process:

1.  **Understand User Request**: The user wants to make pumpkin pie for the first time and i...
[33/200] last=24.1s avg=24.4s/q  cum_tps=72.0 tok/s  tokens=2029
  Q: What kind of foods do they eat in Thailand
  A: Here's a thinking process:

1.  **Understand User Query**: The user asks "What kind of foods do they eat in Thailand". T...
[34/200] last=27.9s avg=24.5s/q  cum_tps=72.0 tok/s  tokens=1965
  Q: What are some good browser alternatives to Chrome?
  A: Here's a thinking process:

1.  **Understand User Query**: The user is asking for good browser alternatives to Google Ch...
[35/200] last=6.8s avg=24.0s/q  cum_tps=72.0 tok/s  tokens=508
  Q: Who created the Superman cartoon character?
  A: Here's a thinking process:

1.  **Identify the core question**: The user asks "Who created the Superman cartoon characte...
[36/200] last=14.2s avg=23.7s/q  cum_tps=72.1 tok/s  tokens=1132
  Q: What is Atlantis?
  A: Here's a thinking process:

1.  **Understand User Query**: The user asks "What is Atlantis?" This is a straightforward f...
[37/200] last=28.4s avg=23.8s/q  cum_tps=72.1 tok/s  tokens=2030
  Q: How do I make escargot?
  A: Here's a thinking process:

1.  **Understand User Request:** The user is asking "How do I make escargot?" This is a culi...
[38/200] last=21.8s avg=23.8s/q  cum_tps=72.3 tok/s  tokens=1743
  Q: What exactly causes volcanoes to form?
  A: Here's a thinking process:

1.  **Understand User Question**: The user asks "What exactly causes volcanoes to form?" Thi...
[39/200] last=21.4s avg=23.7s/q  cum_tps=72.4 tok/s  tokens=1652
  Q: Hi, I have some falafel, but no tahini to put on them. Can you give me a recipe ...
  A: Here's a thinking process:

1.  **Understand User Request**: The user has falafel but no tahini, and wants a recipe to m...
[40/200] last=29.3s avg=23.9s/q  cum_tps=72.3 tok/s  tokens=2025
  Q: Should I get my children a nanny? I'm so exhausted.
  A: Here's a thinking process:

1.  **Analyze User Input:**
   - **Question:** "Should I get my children a nanny?"
   - **Ke...
[41/200] last=15.6s avg=23.7s/q  cum_tps=72.4 tok/s  tokens=1201
  Q: When was Canada colonized?
  A: Here's a thinking process:

1.  **Analyze User Question:** The user asks "When was Canada colonized?" This is a historic...
[42/200] last=23.3s avg=23.6s/q  cum_tps=72.4 tok/s  tokens=1695
  Q: How can I  use my phone less?
  A: Here's a thinking process:

1.  **Understand User Goal**: The user wants to know how to reduce their phone usage. This i...
[43/200] last=29.2s avg=23.8s/q  cum_tps=72.3 tok/s  tokens=2017
  Q: How did mankind discover that the earth was spherical, and why did they initiall...
  A: Here's a thinking process:

1.  **Understand User's Question:**
   - **Part 1:** How did mankind discover that the Earth...
[44/200] last=17.6s avg=23.6s/q  cum_tps=72.3 tok/s  tokens=1328
  Q: What is Gremolata?
  A: Here's a thinking process:

1.  **Understand User Query**: The user asks "What is Gremolata?" - a straightforward defini...
[45/200] last=28.8s avg=23.8s/q  cum_tps=72.3 tok/s  tokens=2029
  Q: Why did humans evolve to believe in God?
  A: Here's a thinking process:

1.  **Understand the User's Question**: The user asks "Why did humans evolve to believe in G...
[46/200] last=27.0s avg=23.8s/q  cum_tps=72.4 tok/s  tokens=2029
  Q: what should i build a cabin out of?
  A: Here's a thinking process:

1.  **Understand User Query**: The user is asking "what should I build a cabin out of?" This...
[47/200] last=28.3s avg=23.9s/q  cum_tps=72.3 tok/s  tokens=2025
  Q: Why do a lot of Scientists not believe in God or Satan?
  A: Here's a thinking process:

1.  **Analyze User Question:**
   - **Topic:** Scientists and belief in God/Satan
   - **Cor...
[48/200] last=26.0s avg=24.0s/q  cum_tps=72.4 tok/s  tokens=1988
  Q: I like to host guests at my home from time to time, and I am gathering  recipes ...
  A: Here's a thinking process:

1.  **Analyze User Request:**
   - **Context:** Hosts guests occasionally, looking for diver...
[49/200] last=20.4s avg=23.9s/q  cum_tps=72.5 tok/s  tokens=1515
  Q: Why can I see the moon during the day?
  A: Here's a thinking process:

1.  **Understand User Question**: The user asks "Why can I see the moon during the day?" Thi...
[50/200] last=21.7s avg=23.8s/q  cum_tps=72.5 tok/s  tokens=1659
  Q: How do I take care of a wooden table?
  A: Here's a thinking process:

1.  **Understand User Query**: The user is asking "How do I take care of a wooden table?" Th...
[51/200] last=6.6s avg=23.5s/q  cum_tps=72.6 tok/s  tokens=598
  Q: What year was the Yamato Battleship built?
  A: Here's a thinking process:

1.  **Identify the core entity**: The user is asking about the "Yamato Battleship".
2.  **Id...
[52/200] last=15.4s avg=23.4s/q  cum_tps=72.6 tok/s  tokens=1098
  Q: Did they ever announce the release date for the new elder scrolls game?
  A: Here's a thinking process:

1.  **Identify the Core Question**: The user is asking if Bethesda/ZeniMax has announced a r...
[53/200] last=27.0s avg=23.4s/q  cum_tps=72.6 tok/s  tokens=1988
  Q: I like to host guests at my home from time to time, and I am gathering  recipes ...
  A: Here's a thinking process:

1.  **Understand User Request:**
   - User hosts guests at home occasionally
   - Wants reci...
[54/200] last=28.8s avg=23.5s/q  cum_tps=72.6 tok/s  tokens=2023
  Q: Please tell me about the romantic relationship between Julius Caesar and Cleopat...
  A: Here's a thinking process:

1.  **Understand User Query**: The user is asking about the romantic relationship between Ju...
[55/200] last=14.4s avg=23.4s/q  cum_tps=72.7 tok/s  tokens=1234
  Q: Hi, I'm in the mood for a Bloody Mary. Can you give me a recipe for making one?
  A: Here's a thinking process:

1.  **Analyze User Request:**
   - User wants a recipe for a Bloody Mary cocktail.
   - Tone...
[56/200] last=27.1s avg=23.4s/q  cum_tps=72.8 tok/s  tokens=2030
  Q: What are some famous world music artists?
  A: Here's a thinking process:

1.  **Understand User Query**: The user asks for "famous world music artists." This is a bro...
[57/200] last=23.9s avg=23.4s/q  cum_tps=72.7 tok/s  tokens=1622
  Q: what are some good ways to spread ashes?
  A: Here's a thinking process:

1.  **Understand User Query**: The user is asking for "good ways to spread ashes" (human cre...
[58/200] last=26.8s avg=23.5s/q  cum_tps=72.7 tok/s  tokens=1988
  Q: I like to host guests at my home from time to time, and I am gathering  recipes ...
  A: Here's a thinking process:

1.  **Understand User Request:**
   - User hosts guests occasionally
   - Wants Ukrainian re...
[59/200] last=29.3s avg=23.6s/q  cum_tps=72.6 tok/s  tokens=1988
  Q: I like to host guests at my home from time to time, and I am gathering  recipes ...
  A: Here's a thinking process:

1.  **Understand User Request:**
   - User hosts guests occasionally
   - Wants recipes to k...
[60/200] last=30.9s avg=23.7s/q  cum_tps=72.4 tok/s  tokens=2004
  Q: I've read the book "The Twelve Caesars" by Suetonius, a few times. I'm curious a...
  A: Here's a thinking process:

1.  **Analyze User Input:**
   - **Book:** "The Twelve Caesars" by Suetonius
   - **User's e...
[61/200] last=28.7s avg=23.8s/q  cum_tps=72.4 tok/s  tokens=2029
  Q: Please tell me the history of Walt Disney.
  A: Here's a thinking process:

1.  **Understand User Request**: The user asks for "the history of Walt Disney." This is a b...
[62/200] last=23.4s avg=23.8s/q  cum_tps=72.3 tok/s  tokens=1628
  Q: Can you help me figure out how to sew a button on a shirt?
  A: Here's a thinking process:

1.  **Understand User Request**: The user wants help learning how to sew a button on a shirt...
[63/200] last=31.5s avg=23.9s/q  cum_tps=72.2 tok/s  tokens=2015
  Q: How did serial killers get away with murder for so long in the 70s and 80s?
  A: Here's a thinking process:

1.  **Understand User Question**: The user is asking why serial killers were able to evade c...
[64/200] last=22.3s avg=23.9s/q  cum_tps=72.2 tok/s  tokens=1675
  Q: How do I make apple juice?
  A: Here's a thinking process:

1.  **Understand User Request**: The user wants to know how to make apple juice. This is a s...
[65/200] last=27.3s avg=23.9s/q  cum_tps=72.2 tok/s  tokens=1988
  Q: I like to host guests at my home from time to time, and I am gathering  recipes ...
  A: Here's a thinking process:

1.  **Understand User Request:**
   - User wants to host guests and is collecting recipes fr...
[66/200] last=23.6s avg=23.9s/q  cum_tps=72.3 tok/s  tokens=1787
  Q: How can I make bubble solution?
  A: Here's a thinking process:

1.  **Understand User Request:** The user wants to know how to make bubble solution. This is...
[67/200] last=25.1s avg=24.0s/q  cum_tps=72.3 tok/s  tokens=1846
  Q: How to make frosting with crisco
  A: Here's a thinking process:

1.  **Understand User Request:** The user wants to know how to make frosting using Crisco (s...
[68/200] last=24.8s avg=24.0s/q  cum_tps=72.4 tok/s  tokens=1986
  Q: I like to host guests at my home from time to time, and I am gathering  recipes ...
  A: Here's a thinking process:

1.  **Understand User Request:**
   - User wants to host guests at home
   - Wants recipes t...
[69/200] last=26.0s avg=24.0s/q  cum_tps=72.4 tok/s  tokens=1955
  Q: I want to learn more about airplanes. How were they created?
  A: Here's a thinking process:

1.  **Understand User Request:**
   - **Topic:** Airplanes
   - **Question:** How were they ...
[70/200] last=15.5s avg=23.9s/q  cum_tps=72.5 tok/s  tokens=1191
  Q: Can you tell me a very easy to way clean a showerhead?
  A: Here's a thinking process:

1.  **Understand User Request**: The user wants a "very easy way to clean a showerhead." The...
[71/200] last=17.0s avg=23.8s/q  cum_tps=72.6 tok/s  tokens=1427
  Q: Please give me a list of planets in our solar system.  I am going to choose whic...
  A: Thinking Process:

1.  **Deconstruct the user's request:**
    *   Goal: List of planets in the solar system.
    *   Pu...
[72/200] last=15.2s avg=23.7s/q  cum_tps=72.7 tok/s  tokens=1257
  Q: Who was the first lead vocal for the rock band Starship?
  A: Here's a thinking process:

1.  **Identify the core entity and question**: The question asks for the "first lead vocal f...
[73/200] last=24.4s avg=23.7s/q  cum_tps=72.8 tok/s  tokens=2003
  Q: I need to get my nephew a birthday gift. I'm thinking of giving him a game for h...
  A: Here's a thinking process:

1.  **Understand User Request:**
   - **Recipient:** Nephew (age not specified, which is imp...
[74/200] last=23.2s avg=23.7s/q  cum_tps=72.8 tok/s  tokens=1657
  Q: Best way to defrost a refrigerator freezer?
  A: Here's a thinking process:

1.  **Understand User Query**: The user is asking for the "best way to defrost a refrigerato...
[75/200] last=28.5s avg=23.7s/q  cum_tps=72.8 tok/s  tokens=2025
  Q: What are some toys I can buy my kids for imaginative play?
  A: Here's a thinking process:

1.  **Understand User Request:**
   - **Topic:** Toys for kids
   - **Purpose:** Imaginative...
[76/200] last=27.1s avg=23.8s/q  cum_tps=72.8 tok/s  tokens=1972
  Q: How do I know if my house has a water leak?
  A: Here's a thinking process:

1.  **Understand User Query**: The user is asking how to detect a water leak in their house....
[77/200] last=26.7s avg=23.8s/q  cum_tps=72.8 tok/s  tokens=1986
  Q: I like to host guests at my home from time to time, and I am gathering  recipes ...
  A: Here's a thinking process:

1.  **Understand User Request:**
   - User hosts guests at home occasionally
   - Wants to g...
[78/200] last=25.1s avg=23.8s/q  cum_tps=72.9 tok/s  tokens=1989
  Q: I like to host guests at my home from time to time, and I am gathering  recipes ...
  A: Here's a thinking process:

1.  **Analyze User Request:**
   - **Context:** Hosts guests at home, wants to keep things i...
[79/200] last=28.2s avg=23.9s/q  cum_tps=72.9 tok/s  tokens=2027
  Q: What do the different octane values of gasoline mean?
  A: Here's a thinking process:

1.  **Understand User Question**: The user asks "What do the different octane values of gaso...
[80/200] last=28.2s avg=23.9s/q  cum_tps=72.8 tok/s  tokens=2030
  Q: How can I fix a leaking roof?
  A: Here's a thinking process:

1.  **Understand User Query**: The user is asking "How can I fix a leaking roof?" This is a ...
[81/200] last=18.9s avg=23.9s/q  cum_tps=72.9 tok/s  tokens=1408
  Q: I have a hard time falling asleep.  Is there any type of music that can help me ...
  A: Here's a thinking process:

1.  **Understand User Query**: The user is asking about music that can help them fall asleep...
[82/200] last=29.8s avg=24.0s/q  cum_tps=72.8 tok/s  tokens=2028
  Q: What are places to visit in Montgomery, Alabama?
  A: Here's a thinking process:

1.  **Understand User Request**: The user is asking for places to visit in Montgomery, Alaba...
[83/200] last=29.8s avg=24.0s/q  cum_tps=72.7 tok/s  tokens=2012
  Q: Hi, I've decided to keep a rat as a pet. How do I house, feed, and otherwise car...
  A: Here's a thinking process:

1.  **Understand User Request:**
   - User wants to know how to house, feed, and care for a ...
[84/200] last=28.3s avg=24.1s/q  cum_tps=72.6 tok/s  tokens=1795
  Q: How do you get water in the desert?
  A: Here's a thinking process:

1.  **Understand User Query**: The user asks "How do you get water in the desert?" This is a...
[85/200] last=31.6s avg=24.2s/q  cum_tps=72.4 tok/s  tokens=2025
  Q: How do I get better at aiming with my slingshot?
  A: Here's a thinking process:

1.  **Understand User Query**: The user wants to know how to improve their aiming skills wit...
[86/200] last=26.4s avg=24.2s/q  cum_tps=72.5 tok/s  tokens=1984
  Q: I like to host guests at my home from time to time, and I am gathering  recipes ...
  A: Here's a thinking process:

1.  **Understand User Request:**
   - User hosts guests and wants to gather recipes
   - Int...
[87/200] last=30.9s avg=24.3s/q  cum_tps=72.4 tok/s  tokens=2006
  Q: I have my grandfather's antique fountain pen and a bottle of ink, but have never...
  A: Here's a thinking process:

1.  **Understand User Request:**
   - User has an antique fountain pen and ink
   - Never re...
[88/200] last=27.0s avg=24.3s/q  cum_tps=72.4 tok/s  tokens=2018
  Q: Hi, I'd like to play ice hockey. Can you explain how the game works?
  A: Here's a thinking process:

1.  **Understand User Request**: The user wants to learn how ice hockey works. They're askin...
[89/200] last=11.7s avg=24.2s/q  cum_tps=72.5 tok/s  tokens=1006
  Q: What is kevlar made out of?
  A: Here's a thinking process:

1.  **Understand User Question**: The user asks "What is kevlar made out of?" This is a stra...
[90/200] last=30.3s avg=24.2s/q  cum_tps=72.4 tok/s  tokens=2016
  Q: Hi, I'd like to learn how to play racquetball. Can you explain the game to me?
  A: Here's a thinking process:

1.  **Understand User Request**: The user wants to learn how to play racquetball and is aski...
[91/200] last=29.4s avg=24.3s/q  cum_tps=72.3 tok/s  tokens=2024
  Q: What are some  good books to buy for a sci fi fan?
  A: Here's a thinking process:

1.  **Analyze User Request:**
   - **Topic:** Sci-fi books
   - **Goal:** Recommendations fo...
[92/200] last=13.9s avg=24.2s/q  cum_tps=72.4 tok/s  tokens=1067
  Q: When were smart phones first made?
  A: Here's a thinking process:

1.  **Understand User Question**: The user asks "When were smart phones first made?" This is...
[93/200] last=24.0s avg=24.2s/q  cum_tps=72.5 tok/s  tokens=1947
  Q: Hi, I'd like to learn to bake challah. Can you give me a recipe for that?
  A: Here's a thinking process:

1.  **Understand User Request**: The user wants to learn to bake challah and is asking for a...
[94/200] last=7.0s avg=24.0s/q  cum_tps=72.5 tok/s  tokens=586
  Q: Did Facebook corporation change its name?
  A: Here's a thinking process:

1.  **Identify the Core Question**: The user is asking if Facebook Corporation changed its n...
[95/200] last=29.1s avg=24.0s/q  cum_tps=72.4 tok/s  tokens=1987
  Q: I like to host guests at my home from time to time, and I am gathering  recipes ...
  A: Here's a thinking process:

1.  **Analyze User Request:**
   - **Context:** Hosts guests at home, gathering recipes for ...
[96/200] last=27.6s avg=24.1s/q  cum_tps=72.4 tok/s  tokens=1962
  Q: I want to start saving some money by growing my own food. Can I do this during t...
  A: Here's a thinking process:

1.  **Understand User Goal**: The user wants to save money by growing their own food, specif...
[97/200] last=22.3s avg=24.1s/q  cum_tps=72.4 tok/s  tokens=1607
  Q: How can I spice things up in the bedroom?
  A: Here's a thinking process:

1.  **Analyze User Input:**
   - **Topic:** Spicing things up in the bedroom
   - **Intent:*...
[98/200] last=15.4s avg=24.0s/q  cum_tps=72.5 tok/s  tokens=1217
  Q: Is human blood ever any color other than red?
  A: Here's a thinking process:

1.  **Understand User Question**: The user asks "Is human blood ever any color other than re...
[99/200] last=25.6s avg=24.0s/q  cum_tps=72.5 tok/s  tokens=2026
  Q: Please tell me about pearls.  Where are they found?
  A: Here's a thinking process:

1.  **Understand User Query**: The user is asking about pearls and specifically where they a...
[100/200] last=21.3s avg=24.0s/q  cum_tps=72.6 tok/s  tokens=1616
  Q: What are some herbs I can dry out?
  A: Here's a thinking process:

1.  **Understand User Query**: The user is asking for herbs that can be dried out. This is a...
[101/200] last=25.3s avg=24.0s/q  cum_tps=72.6 tok/s  tokens=1987
  Q: I like to host guests at my home from time to time, and I am gathering  recipes ...
  A: Here's a thinking process:

1.  **Understand User Request:**
   - User wants to host guests and is gathering recipes for...
[102/200] last=34.2s avg=24.1s/q  cum_tps=72.4 tok/s  tokens=2030
  Q: What is a scary Halloween costume idea?
  A: Here's a thinking process:

1.  **Analyze User Request:**
   - **Topic:** Halloween costume ideas
   - **Specific Requir...
[103/200] last=16.9s avg=24.0s/q  cum_tps=72.5 tok/s  tokens=1326
  Q: Whats the largest star in our galaxy?
  A: Here's a thinking process:

1.  **Understand User Question**: The user asks "Whats the largest star in our galaxy?" This...
[104/200] last=28.0s avg=24.0s/q  cum_tps=72.5 tok/s  tokens=2013
  Q: I'm trying to draw out a hopscotch game on my driveway. Can you walk me through ...
  A: Here's a thinking process:

1.  **Understand User Request**: The user wants to draw a hopscotch game on their driveway. ...
[105/200] last=19.0s avg=24.0s/q  cum_tps=72.6 tok/s  tokens=1724
  Q: Can you tell me how to make chocolate chip cookies?
  A: Here's a thinking process:

1.  **Understand User Request**: The user is asking for a recipe to make chocolate chip cook...
[106/200] last=10.2s avg=23.9s/q  cum_tps=72.6 tok/s  tokens=812
  Q: Where is Indonesia?
  A: Here's a thinking process:

1.  **Understand User Query**: The user asks "Where is Indonesia?" - a straightforward geogr...
[107/200] last=15.5s avg=23.8s/q  cum_tps=72.7 tok/s  tokens=1347
  Q: Hi, I need to find the area of a 20 sided die for my math homework. Can you help...
  A: Here's a thinking process:

1.  **Understand User Request**: The user wants to find the "area" of a 20-sided die (icosah...
[108/200] last=22.5s avg=23.8s/q  cum_tps=72.7 tok/s  tokens=1595
  Q: I'm trying to learn how to install window blinds.
  A: Here's a thinking process:

1.  **Understand User Request:** The user wants to learn how to install window blinds. This ...
[109/200] last=27.4s avg=23.8s/q  cum_tps=72.7 tok/s  tokens=2018
  Q: I want to learn more about becoming a CPA. How long does it take to become a CPA...
  A: Here's a thinking process:

1.  **Understand User Query:** The user wants to know how long it takes to become a CPA (Cer...
[110/200] last=17.3s avg=23.8s/q  cum_tps=72.7 tok/s  tokens=1192
  Q: I want to talk about "Smooth",  a song by Rob Thomas.
  A: Here's a thinking process:

1.  **Analyze User Input:**
   - **Topic:** "Smooth" by Rob Thomas
   - **Intent:** The user...
[111/200] last=35.3s avg=23.9s/q  cum_tps=72.5 tok/s  tokens=1997
  Q: I'd like you to write me a story in the style of Don Delillo, about a bunch of i...
  A: Here's a thinking thinking sequence

1.  **Deconstruct the Prompt:**
    *   Style: Don DeLillo.
    *   Topic: Immortal...
[112/200] last=25.9s avg=23.9s/q  cum_tps=72.5 tok/s  tokens=1988
  Q: I like to host guests at my home from time to time, and I am gathering  recipes ...
  A: Here's a thinking process:

1.  **Understand User Request:**
   - User hosts guests occasionally
   - Wants to gather re...
[113/200] last=20.4s avg=23.8s/q  cum_tps=72.5 tok/s  tokens=1600
  Q: Is it true that the native Australians were really prisoners of England?
  A: Here's a thinking process:

1.  **Analyze User Question**: The user asks: "Is it true that the native Australians were r...
[114/200] last=4.9s avg=23.7s/q  cum_tps=72.6 tok/s  tokens=442
  Q: What color is the sky
  A: Here's a thinking process:

1.  **Analyze User Input:**
   - Question: "What color is the sky"
   - This is a straightfo...
[115/200] last=26.9s avg=23.7s/q  cum_tps=72.5 tok/s  tokens=1863
  Q: Is there a meaning for Christmas wreaths?
  A: Here's a thinking process:

1.  **Understand User Question**: The user is asking about the meaning behind Christmas wrea...
[116/200] last=24.0s avg=23.7s/q  cum_tps=72.6 tok/s  tokens=1983
  Q: I like to host guests at my home from time to time, and I am gathering  recipes ...
  A: Here's a thinking process:

1.  **Understand User Request:**
   - User hosts guests occasionally and wants to try Latvia...
[117/200] last=25.2s avg=23.7s/q  cum_tps=72.7 tok/s  tokens=2014
  Q: Hi, I'd like to make my own peanut brittle. Can you give me a recipe and cooking...
  A: Here's a thinking process:

1.  **Understand User Request:** The user wants a recipe and cooking instructions for homema...
[118/200] last=28.9s avg=23.8s/q  cum_tps=72.6 tok/s  tokens=1926
  Q: I'm trying to stop my neighbour's cat from coming in to my garden and fighting w...
  A: Here's a thinking process:

1.  **Understand User's Problem**: The user wants to prevent their neighbor's cat from enter...
[119/200] last=12.4s avg=23.7s/q  cum_tps=72.6 tok/s  tokens=898
  Q: does the dinosaurs really exist?
  A: Here's a thinking process:

1.  **Understand User Question**: The user asks "does the dinosaurs really exist?" This is a...
[120/200] last=29.8s avg=23.7s/q  cum_tps=72.6 tok/s  tokens=2031
  Q: what are some big cat hybrids?
  A: Here's a thinking process:

1.  **Understand User Query**: The user is asking about "big cat hybrids" - meaning crosses ...
[121/200] last=8.7s avg=23.6s/q  cum_tps=72.6 tok/s  tokens=759
  Q: what is the name of chris tucker first movie
  A: Here's a thinking process:

1.  **Identify the core entity and question**: The user is asking for the name of Chris Tuck...
[122/200] last=10.4s avg=23.5s/q  cum_tps=72.7 tok/s  tokens=913
  Q: How long does it take our eyes to fully adapt to darkness?
  A: Here's a thinking process:

1.  **Understand User Question**: The user is asking about the time it takes for human eyes ...
[123/200] last=12.4s avg=23.4s/q  cum_tps=72.7 tok/s  tokens=843
  Q: Has there been any news regarding a potential release date for Starcraft 3?
  A: Here's a thinking process:

1.  **Understand User Query**: The user is asking about news regarding a potential release d...
[124/200] last=24.7s avg=23.4s/q  cum_tps=72.7 tok/s  tokens=1997
  Q: How is oil turned into gasoline?
  A: Here's a thinking process:

1.  **Understand User Question:** The user asks "How is oil turned into gasoline?" This is a...
[125/200] last=25.7s avg=23.4s/q  cum_tps=72.8 tok/s  tokens=2021
  Q: Can you give any tips on how to cook a juicy, medium-rare steak?
  A: Here's a thinking process:

1.  **Understand User Request:** The user wants tips on cooking a juicy, medium-rare steak. ...
[126/200] last=11.5s avg=23.3s/q  cum_tps=72.8 tok/s  tokens=912
  Q: When was hip hop invented?
  A: Here's a thinking process:

1.  **Understand User Question**: The user asks "When was hip hop invented?" This is a strai...
[127/200] last=28.9s avg=23.4s/q  cum_tps=72.8 tok/s  tokens=1993
  Q: Hi, I recently inherited a S&W 1006 and I don't even know how to load it. Can yo...
  A: Here's a thinking process:

1.  **Analyze User Input:**
   - **Firearm:** S&W 1006 (Smith & Wesson 1006)
   - **Request:...
[128/200] last=18.8s avg=23.3s/q  cum_tps=72.8 tok/s  tokens=1485
  Q: My friend's dog just died and they're really sad. How do I comfort them?
  A: Here's a thinking process:

1.  **Understand User's Problem**: The user's friend just lost their dog and is grieving. Th...
[129/200] last=13.1s avg=23.3s/q  cum_tps=72.8 tok/s  tokens=1039
  Q: Is the US border open to Canada?
  A: Here's a thinking process:

1.  **Understand User Query**: The user is asking "Is the US border open to Canada?" This is...
[130/200] last=26.1s avg=23.3s/q  cum_tps=72.9 tok/s  tokens=2004
  Q: Can you list the top 20 films or movies between 1930 and 1940 that are in Englis...
  A: Here's a thinking process:

1.  **Understand User Request:**
   - **Timeframe:** 1930-1940 (inclusive)
   - **Language:*...
[131/200] last=35.1s avg=23.4s/q  cum_tps=72.7 tok/s  tokens=2016
  Q: Take MLK speech "I had a dream" but turn it into a top 100 rap song
  A: Here's a thinking thinking sequence

1.  **Deconstruct and Analyze the Source Material:**
    *   *Goal:* Create a rap v...
[132/200] last=8.1s avg=23.3s/q  cum_tps=72.7 tok/s  tokens=737
  Q: List the layers of the TCP/IP model and for each layer identify one protocol.
  A: Here's a thinking process:

1.  **Understand User Request:**
   - **Task:** List the layers of the TCP/IP model.
   - **...
[133/200] last=28.8s avg=23.3s/q  cum_tps=72.7 tok/s  tokens=2023
  Q: Why can't bank use cash as capital as a buffer for potential losses?
  A: Here's a thinking process:

1.  **Understand the User's Question:**
   - The user asks: "Why can't bank use cash as capi...
[134/200] last=9.7s avg=23.2s/q  cum_tps=72.8 tok/s  tokens=949
  Q: convert December 21 · 1:00 – 1:50pm pacific to asia/taipei time
  A: Here's a thinking process:

1.  **Understand User Request:**
   - Input: "December 21 · 1:00 – 1:50pm pacific"
   - Targ...
[135/200] last=35.9s avg=23.3s/q  cum_tps=72.6 tok/s  tokens=2024
  Q: Can you tell my a story about nuclear physics like dr Seuss?
  A: Thinking Process:

1.  **Deconstruct the Request:**
    *   Topic: Nuclear Physics.
    *   Style: Dr. Seuss.

2.  **Ana...
[136/200] last=14.7s avg=23.2s/q  cum_tps=72.6 tok/s  tokens=1196
  Q: Message to client for accepting offer for summary video
  A: Here's a thinking process:

1.  **Understand User Request:**
   - **Goal:** Write a message to a client accepting their ...
[137/200] last=34.8s avg=23.3s/q  cum_tps=72.5 tok/s  tokens=1995
  Q: Can you write a short story where Hildibrand Manderville somehow gets transforme...
  A: Here's a thinking thinking sequence

1.  **Deconstruct the Prompt:**
    *   Topic: Hildibrand Manderville becomes Ganda...
[138/200] last=28.3s avg=23.4s/q  cum_tps=72.4 tok/s  tokens=1951
  Q: I'm currently studying Bioengineering in Argentina, focusing on computational ne...
  A: Here's a thinking process:

1.  **Analyze User Input:**
   - **Field:** Bioengineering, focusing on Computational Neuros...
[139/200] last=28.6s avg=23.4s/q  cum_tps=72.4 tok/s  tokens=1985
  Q: Write an interview between a Female Film director and a journalist. Use advanced...
  A: Here's a thinking thinking sequence

1.  **Deconstruct the prompt:**
    *   **Topic:** Interview between a Female Film ...
[140/200] last=28.0s avg=23.4s/q  cum_tps=72.4 tok/s  tokens=2019
  Q: Give me a sample 5 day itienary for a switzerland holiday, starting from Basel
  A: Here's a thinking thinking sequence

1.  **Deconstruct and Analyze the Request:**
    *   Goal: 5-day itinerary for Swit...
[141/200] last=30.9s avg=23.5s/q  cum_tps=72.3 tok/s  tokens=2030
  Q: explain The Death of Ivan Ilych
  A: Here's a thinking process:

1.  **Understand User Request:** The user wants an explanation of "The Death of Ivan Ilych" ...
[142/200] last=26.3s avg=23.5s/q  cum_tps=72.3 tok/s  tokens=1935
  Q: Why is it that only proteins, carbohydrates and fats are deemed to have caloric ...
  A: Here's a thinking process:

1.  **Understand the User's Question:**
   - The user is asking why only proteins, carbohydr...
[143/200] last=11.4s avg=23.4s/q  cum_tps=72.4 tok/s  tokens=930
  Q: Navina has $30 more to her weekly budget than her younger sister and can afford ...
  A: Here's a thinking process:

1.  **Analyze User Input:**
   - "Navina has $30 more to her weekly budget than her younger ...
[144/200] last=36.9s avg=23.5s/q  cum_tps=72.2 tok/s  tokens=2015
  Q: rank the following companies by how pro-consumer they are:
Microsoft, Google, Ni...
  A: Here's a thinking process:

1.  **Understand User Request:** The user wants me to rank five companies (Microsoft, Google...
[145/200] last=9.6s avg=23.4s/q  cum_tps=72.2 tok/s  tokens=769
  Q: Anytown Bank obtaining and using consumer reports in connection with any credit ...
  A: Here's a thinking process:

1.  **Analyze the User Input:**
   - **Question:** Anytown Bank obtaining and using consumer...
[146/200] last=30.5s avg=23.5s/q  cum_tps=72.1 tok/s  tokens=2003
  Q: I’m planning to visit Okinawa Japan from April 7th to April 10th. Do you have an...
  A: Here's a thinking process:

1.  **Analyze User Input:**
   - **Destination:** Okinawa, Japan
   - **Dates:** April 7th t...
[147/200] last=25.4s avg=23.5s/q  cum_tps=72.2 tok/s  tokens=1912
  Q: I have this text: <br><br>We use professional processes. Use the photo delivery ...
  A: Here's a thinking process:

1.  **Analyze User Input:**
   - **Original Text:** 
     `<br><br>We use professional proce...
[148/200] last=31.7s avg=23.5s/q  cum_tps=72.1 tok/s  tokens=2018
  Q: define a new language that contains words that are with numbers and letters such...
  A: Here's a thinking process:

1.  **Understand User Request:**
   - The user wants me to "define a new language" that cont...
[149/200] last=28.2s avg=23.6s/q  cum_tps=72.1 tok/s  tokens=2021
  Q: Write me a 2000 word essay on a water safety engineering project.
  A: Here's a thinking process:

1.  **Analyze User Request:**
   - **Topic:** Water safety engineering project
   - **Length...
[150/200] last=25.8s avg=23.6s/q  cum_tps=72.1 tok/s  tokens=1978
  Q: Marie is at the music store for a store day. She bought two $50 combos. Then, fo...
  A: Here's a thinking process:

1.  **Analyze User Input:**
   - Marie is at a music store for a "store day" (context, not d...
[151/200] last=23.5s avg=23.6s/q  cum_tps=72.2 tok/s  tokens=1998
  Q: Mick pays his teacher $800 for 40 lessons worth 2 hours each. If this will be al...
  A: Here's a thinking process:

1.  **Analyze User Input:**
   - "Mick pays his teacher $800 for 40 lessons worth 2 hours ea...
[152/200] last=30.9s avg=23.6s/q  cum_tps=72.1 tok/s  tokens=2028
  Q: How to improve instance segmentation AP metrics with human knowledge
  A: Here's a thinking process:

1.  **Understand User Query:**
   - **Topic:** Instance Segmentation
   - **Metric:** AP (Av...
[153/200] last=27.2s avg=23.7s/q  cum_tps=72.2 tok/s  tokens=2029
  Q: what is needed for self-sufficient living spaces
  A: Here's a thinking process:

1.  **Understand User Query:** The user asks "what is needed for self-sufficient living spac...
[154/200] last=29.3s avg=23.7s/q  cum_tps=72.1 tok/s  tokens=1893
  Q: please act like a business consultant that is doing a project of estimating the ...
  A: Here's a thinking thinking sequence

1.  **Deconstruct the user's request:**
    *   Goal: Estimate the full potential o...
[155/200] last=31.3s avg=23.7s/q  cum_tps=72.0 tok/s  tokens=2029
  Q: Expand on the relation between inconsistency and ideological thinking
  A: Here's a thinking process:

1.  **Deconstruct the Prompt:**
   - **Topic:** Relation between inconsistency and ideologic...
[156/200] last=20.6s avg=23.7s/q  cum_tps=72.0 tok/s  tokens=1350
  Q: Why do people give Reddit Gold to admins?
  A: Here's a thinking process:

1.  **Understand User Question**: The user is asking why people give Reddit Gold (now known ...
[157/200] last=30.0s avg=23.8s/q  cum_tps=71.9 tok/s  tokens=1989
  Q: Create an Annotated Bibliography, in APA citation style, with six entries descri...
  A: Here's a thinking thinking sequence

1.  **Deconstruct the user:**
    *   Goal: Create an Annotated Bibliography.
    *...
[158/200] last=29.5s avg=23.8s/q  cum_tps=71.9 tok/s  tokens=2026
  Q: What does Nassim Nicholas Taleb say about market efficiency?
  A: Here's a thinking process:

1.  **Understand User Query**: The user asks what Nassim Nicholas Taleb says about market ef...
[159/200] last=18.8s avg=23.8s/q  cum_tps=71.9 tok/s  tokens=1270
  Q: Can a boy and girl be just be best friends only ever

  A: Here's a thinking process:

1.  **Analyze User Question:**
   - **Question:** "Can a boy and girl be just be best friend...
[160/200] last=5.8s avg=23.7s/q  cum_tps=71.9 tok/s  tokens=491
  Q: If a tree is on the top of a mountain and the mountain is far from the see then ...
  A: Here's a thinking process:

1.  **Analyze User Input:**
   - Premise 1: "a tree is on the top of a mountain"
   - Premis...
[161/200] last=28.7s avg=23.7s/q  cum_tps=71.9 tok/s  tokens=2021
  Q: hat would be the reason for the popularity of youtube compared to other video sh...
  A: Here's a thinking process:

1.  **Understand User Question**: The user is asking about the reasons for YouTube's popular...
[162/200] last=31.4s avg=23.7s/q  cum_tps=71.8 tok/s  tokens=2031
  Q: Tell me something I don’t know
  A: Here's a thinking process:

1.  **Analyze User Request:**
   - **Input:** "Tell me something I don’t know"
   - **Nature...
[163/200] last=35.1s avg=23.8s/q  cum_tps=71.7 tok/s  tokens=1971
  Q: You are a script-writer. Write a script for the opening scene of a Miami-based d...
  A: Here's a thinking process:

1.  **Analyze User Request:**
   - **Role:** Script-writer
   - **Format:** Opening scene sc...
[164/200] last=24.8s avg=23.8s/q  cum_tps=71.7 tok/s  tokens=1814
  Q: Do you know something about the book  ＂the art of thinking clearly" wrote by Rol...
  A: Here's a thinking process:

1.  **Understand User Query**: The user is asking about the book "The Art of Thinking Clearl...
[165/200] last=27.9s avg=23.8s/q  cum_tps=71.7 tok/s  tokens=2022
  Q: antennas that transmit an equal amount of energy in the horizontal direction are...
  A: Here's a thinking process that leads to the answer:

1.  **Analyze the Request:**
    *   **Subject:** Antennas.
    *  ...
[166/200] last=23.6s avg=23.8s/q  cum_tps=71.8 tok/s  tokens=1930
  Q: write an introduction of a person for resume who worked as an in-house IT for 18...
  A: Here's a thinking thinking sequence

1.  **Deconstruct the user's request:**
    *   Role: In-house IT professional.
   ...
[167/200] last=24.9s avg=23.8s/q  cum_tps=71.8 tok/s  tokens=1893
  Q: Hi, I have a question about MFCC (mel frequency cepstral coefficients). Are they...
  A: Here's a thinking process:

1.  **Understand User's Question**: The user is asking about the difference between MFCCs (M...
[168/200] last=28.0s avg=23.9s/q  cum_tps=71.8 tok/s  tokens=2019
  Q: who was the black cabinet member who went on to play an important role in the ci...
  A: Here's a thinking process:

1.  **Analyze User Question:**
   - Key elements: "black cabinet member", "went on to play a...
[169/200] last=10.0s avg=23.8s/q  cum_tps=71.8 tok/s  tokens=821
  Q: “One One was a race horse Two Two was one too. One One won one race. Two Two won...
  A: Here's a thinking process:

1.  **Analyze the User Input:**
   - The text: "One One was a race horse Two Two was one too...
[170/200] last=27.3s avg=23.8s/q  cum_tps=71.8 tok/s  tokens=1992
  Q: Over two thousand years, the moon has covered every point on the Earth once. At ...
  A: Here's a thinking process:

1.  **Analyze User Input:**
   - "Over two thousand years, the moon has covered every point ...
[171/200] last=27.4s avg=23.8s/q  cum_tps=71.8 tok/s  tokens=2028
  Q: twenty names of famous horses and who they belonged to
  A: Here's a thinking process:

1.  **Understand User Request**: The user wants "twenty names of famous horses and who they ...
[172/200] last=34.6s avg=23.9s/q  cum_tps=71.7 tok/s  tokens=1990
  Q: Write an interesting and detailed backstory for my half-elf ranger character for...
  A: Here's a thinking thinking sequence

1.  **Deconstruct the Request:**
    *   Topic: Backstory for a half-elf ranger in ...
[173/200] last=20.9s avg=23.9s/q  cum_tps=71.8 tok/s  tokens=1610
  Q: In this math problem, we are asked to figure out the percentage of total profits...
  A: Here's a thinking process:

1.  **Analyze User Input:**
   - The user presents a math problem about quarterly profit per...
[174/200] last=30.4s avg=23.9s/q  cum_tps=71.7 tok/s  tokens=2025
  Q: Why is it a bad idea to give a mouse a cookie?
  A: Thinking Process:

1.  **Analyze the Riddle**: The user is asking "Why is it a bad idea to give a mouse a cookie?"
2.  *...
[175/200] last=23.7s avg=23.9s/q  cum_tps=71.8 tok/s  tokens=2021
  Q: which second messenger molecule acts on the endoplasmic reticulum to release cal...
  A: Here's a thinking process that leads to the answer:

1.  **Analyze the Request:**
    *   **Target molecule:** Second me...
[176/200] last=28.3s avg=23.9s/q  cum_tps=71.8 tok/s  tokens=1991
  Q: How can anti-deressants make people think or act suicidally? Suicidal thoughts o...
  A: Here's a thinking process:

1.  **Analyze User Input:**
   - **Question:** How can anti-depressants make people think or...
[177/200] last=31.1s avg=24.0s/q  cum_tps=71.7 tok/s  tokens=2010
  Q: Create a lesson plan in two different levels: in CEFR A1 and A2 on the topic of ...
  A: Here's a thinking thinking sequence

1.  **Deconstruct the user's request:**
    *   Goal: Create a lesson plan.
    *  ...
[178/200] last=30.0s avg=24.0s/q  cum_tps=71.7 tok/s  tokens=2021
  Q: Draft a ministerial speech outlining the top five benefits that innovation bring...
  A: Here's a thinking process:

1.  **Analyze User Request:**
   - **Document Type:** Ministerial speech
   - **Topic:** Top...
[179/200] last=24.1s avg=24.0s/q  cum_tps=71.7 tok/s  tokens=1769
  Q: Is online casino legal in India?
  A: Here's a thinking process:

1.  **Understand User Query**: The user is asking about the legality of online casinos in In...
[180/200] last=29.5s avg=24.0s/q  cum_tps=71.7 tok/s  tokens=2023
  Q: Write a section for an award application detailing how photography has insipired...
  A: Here's a thinking thinking sequence

1.  **Deconstruct the user's request:**
    *   Goal: Write a section for an award ...
[181/200] last=29.4s avg=24.1s/q  cum_tps=71.6 tok/s  tokens=1982
  Q: I want to eventually become a plant/manufacturing/production manager, and eventu...
  A: Here's a thinking process:

1.  **Understand User Goal:**
   - **Target Roles:** Plant/Manufacturing/Production Manager ...
[182/200] last=21.3s avg=24.1s/q  cum_tps=71.7 tok/s  tokens=1802
  Q: explain the basics of area and perimeter
  A: Here's a thinking process:

1.  **Understand User Request:** The user wants an explanation of the basics of area and per...
[183/200] last=36.4s avg=24.1s/q  cum_tps=71.6 tok/s  tokens=2013
  Q: Write a story about Anakin Skywalker encountering a Jedi who speaks and acts lik...
  A: Here's a thinking thinking sequence

1.  **Deconstruct the prompt:**
    *   Topic: Anakin Skywalker encounters a Jedi.
...
[184/200] last=28.9s avg=24.2s/q  cum_tps=71.6 tok/s  tokens=2024
  Q: what are the possible performance issues in a learning program on cross cultural...
  A: Here's a thinking process:

1.  **Understand User Query:** The user is asking about "possible performance issues in a le...
[185/200] last=27.5s avg=24.2s/q  cum_tps=71.6 tok/s  tokens=2023
  Q: write description for 925 sterling silver miami cuban link chain
  A: Here's a thinking thinking sequence

1.  **Deconstruct the Request:**
    *   Product: Miami Cuban Link Chain.
    *   M...
[186/200] last=24.6s avg=24.2s/q  cum_tps=71.6 tok/s  tokens=1969
  Q: cost of fuel for a 14 mile journey in a car with 48mpg, fuel costs 625 pence per...
  A: Here's a thinking process:

1.  **Analyze User Input:**
   - Journey distance: 14 miles
   - Car fuel efficiency: 48 mpg...
[187/200] last=28.8s avg=24.2s/q  cum_tps=71.6 tok/s  tokens=2014
  Q: How does money go from my pocket, through the stock market, and to support the b...
  A: Here's a thinking process:

1.  **Understand User Question**: The user is asking about the flow of money when they buy s...
[188/200] last=28.0s avg=24.2s/q  cum_tps=71.6 tok/s  tokens=2025
  Q: Can you provide a list of health food brands owned by Hispanic founders
  A: Here's a thinking process:

1.  **Understand User Request:** The user wants a list of health food brands owned by Hispan...
[189/200] last=25.8s avg=24.2s/q  cum_tps=71.6 tok/s  tokens=1761
  Q: 63-year-old male with diabetes for seven to eight years (BbA1c consistently betw...
  A: Here's a thinking process:

1.  **Analyze User Input:**
   - **Patient:** 63-year-old male
   - **Diabetes:** 7-8 years,...
[190/200] last=30.3s avg=24.3s/q  cum_tps=71.6 tok/s  tokens=2021
  Q: What if people only valued and took pride in the things that were true about the...
  A: Here's a thinking process:

1.  **Analyze the User's Prompt:**
   - **Core Question:** "What if people only valued and t...
[191/200] last=27.5s avg=24.3s/q  cum_tps=71.5 tok/s  tokens=1933
  Q: It's officially 2023, and as we enter a brand new year, what better time to set ...
  A: Thinking Process:

1.  **Deconstruct the Request:**
    *   Context: It's 2023, setting revenue enablement goals for the...
[192/200] last=13.4s avg=24.2s/q  cum_tps=71.6 tok/s  tokens=1100
  Q: I need to learn English could you help me and make a exercise
  A: Here's a thinking process:

1.  **Understand User Request:**
   - User wants to learn English
   - User is asking for he...
[193/200] last=25.5s avg=24.2s/q  cum_tps=71.6 tok/s  tokens=2030
  Q: Why does warmth make you feel tired?
  A: Here's a thinking process:

1.  **Understand User Question:** The user asks "Why does warmth make you feel tired?" This ...
[194/200] last=27.2s avg=24.2s/q  cum_tps=71.6 tok/s  tokens=2004
  Q: write an article informing customer of my saas software that this currently is  ...
  A: Here's a thinking thinking sequence

1.  **Deconstruct and Analyze the Request:**
    *   Goal: Write an article for cus...
[195/200] last=24.1s avg=24.2s/q  cum_tps=71.7 tok/s  tokens=2031
  Q: Explain me the Finite Elemente Method
  A: Here's a thinking process:

1.  **Understand User Request:** The user wants an explanation of the Finite Element Method ...
[196/200] last=7.8s avg=24.2s/q  cum_tps=71.7 tok/s  tokens=618
  Q: I've put a plate on top of an apple, and take the plate from kitchen to dinning ...
  A: Here's a thinking process:

1.  **Analyze User Input:**
   - Action 1: Put a plate on top of an apple.
   - Action 2: Ta...
[197/200] last=28.1s avg=24.2s/q  cum_tps=71.7 tok/s  tokens=2022
  Q: Introduce the ”financial markets and institutions“ by Frederic S. Mishkin
  A: Here's a thinking thinking sequence

1.  **Deconstruct the user's request:**
    *   Topic: "Financial Markets and Insti...
[198/200] last=14.6s avg=24.1s/q  cum_tps=71.7 tok/s  tokens=1120
  Q: when are hops added to the brewing process?
  A: Here's a thinking process:

1.  **Understand User Question**: The user is asking "when are hops added to the brewing pro...
[199/200] last=26.1s avg=24.1s/q  cum_tps=71.7 tok/s  tokens=2015
  Q: Can a Liebherr LTM 11200-9.1 hypothetically lift Mount everest
  A: Here's a thinking process:

1.  **Understand the User's Question:**
   - The user asks: "Can a Liebherr LTM 11200-9.1 hy...
[200/200] last=4.4s avg=24.0s/q  cum_tps=71.8 tok/s  tokens=406
  Q: Write "Test"
  A: Here's a thinking process:

1.  **Analyze User Input:**
   - The user simply says: `Write "Test"`
   - This is a straigh...

=== summary ===
  saved 200 results to exp/sia_200q_vl_r3.json
  errors: 0
  total tokens: 345140
  total wall time: 4809s (80.2 min)
  throughput: 71.8 tok/s
