目标服务: http://localhost:8000
✅ /health OK

[SIA] Stress Test — 从 conc=1 开始，每档 2 轮，上限 conc=512
  realistic-prompt，max_out=304
  停止条件：tok/s < 峰值×60%（连续2档） 或 失败率>50% 或 服务崩溃 或 conc>512

  conc=   1  (2 请求)... ok=2/2  ITL=12.0ms  tok/s=79.8  TPM=4787  ✓  (fail=0%)
  conc=   2  (4 请求)... ok=4/4  ITL=14.5ms  tok/s=130.9  TPM=7856  ✓  (fail=0%)
  conc=   4  (8 请求)... ok=8/8  ITL=20.7ms  tok/s=169.5  TPM=10171  ✓  (fail=0%)
  conc=   8  (16 请求)... ok=16/16  ITL=28.0ms  tok/s=273.4  TPM=16404  ✓  (fail=0%)
  conc=  16  (32 请求)... ok=32/32  ITL=35.8ms  tok/s=426.4  TPM=25585  ✓  (fail=0%)
  conc=  24  (48 请求)... ok=48/48  ITL=41.0ms  tok/s=557.4  TPM=33442  ✓  (fail=0%)
  conc=  36  (72 请求)... ok=72/72  ITL=49.6ms  tok/s=687.4  TPM=41243  ✓  (fail=0%)
  conc=  56  (112 请求)... ok=112/112  ITL=62.3ms  tok/s=841.0  TPM=50463  ✓  (fail=0%)
  conc=  84  (168 请求)... ok=168/168  ITL=80.4ms  tok/s=973.3  TPM=58397  ✓  (fail=0%)
  conc= 128  (256 请求)... ok=256/256  ITL=83.4ms  tok/s=879.5  TPM=52768  ✓  (fail=0%)
  conc= 192  (384 请求)... ok=384/384  ITL=92.0ms  tok/s=1001.6  TPM=60097  ✓  (fail=0%)
  conc= 288  (576 请求)... ok=576/576  ITL=90.6ms  tok/s=1030.3  TPM=61818  ✓  (fail=0%)
  conc= 432  (864 请求)... ok=864/864  ITL=90.2ms  tok/s=1004.0  TPM=60237  ✓  (fail=0%)

═════════════════════════════════════════════════════════════════════════════════════════════════
  Stress Test [SIA]  (realistic-prompt, max_out=304)
  ───────────────────────────────────────────────────────────────────────────────────────────────
  Conc    Input  Output   TTFT mean   TTFT p99   ITL mean    Req Lat   Out tok/s   Req/s      TPM
  ───────────────────────────────────────────────────────────────────────────────────────────────
     1      428     304       175ms      221ms     12.0ms     3809ms        79.8    0.26     4787
     2      428     304       247ms      265ms     14.5ms     4641ms       130.9    0.43     7856
     4      428     304       901ms     1518ms     20.7ms     7170ms       169.5    0.56    10171
     8      428     304       401ms      474ms     28.0ms     8887ms       273.4    0.90    16404
    16      428     304       525ms      678ms     35.8ms    11382ms       426.4    1.40    25585
    24      428     304       626ms      812ms     41.0ms    13039ms       557.4    1.83    33442
    36      428     304       778ms     1135ms     49.6ms    15811ms       687.4    2.26    41243
    56      428     304      1151ms     1816ms     62.3ms    20032ms       841.0    2.77    50463
    84      428     304      1492ms     2517ms     80.4ms    25839ms       973.3    3.20    58397
   128      428     304      7904ms    30890ms     83.4ms    33166ms       879.5    2.89    52768
   192      428     304     16038ms    32964ms     92.0ms    43903ms      1001.6    3.29    60097
   288      428     304     29741ms    61291ms     90.6ms    57200ms      1030.3    3.39    61818
   432      428     304     50812ms   117422ms     90.2ms    78155ms      1004.0    3.30    60237
  ───────────────────────────────────────────────────────────────────────────────────────────────

  🏆 峰值吞吐：conc=288  tok/s=1030.3  ITL=90.6ms  input=428tok  output=304tok
  🛑 停止原因：已达上限 conc=512（可用 --stress-max-conc 调整）


压测完成。
