目标服务: http://localhost:8000
✅ /health OK

[noSIA] Stress Test — 从 conc=1 开始，每档 2 轮，上限 conc=512
  realistic-prompt，max_out=304
  停止条件：tok/s < 峰值×60%（连续2档） 或 失败率>50% 或 服务崩溃 或 conc>512

  conc=   1  (2 请求)... ok=2/2  ITL=9.1ms  tok/s=103.6  TPM=6215  ✓  (fail=0%)
  conc=   2  (4 请求)... ok=4/4  ITL=10.1ms  tok/s=183.4  TPM=11001  ✓  (fail=0%)
  conc=   4  (8 请求)... ok=8/8  ITL=11.3ms  tok/s=325.8  TPM=19547  ✓  (fail=0%)
  conc=   8  (16 请求)... ok=16/16  ITL=12.2ms  tok/s=599.3  TPM=35959  ✓  (fail=0%)
  conc=  16  (32 请求)... ok=32/32  ITL=14.2ms  tok/s=1012.4  TPM=60743  ✓  (fail=0%)
  conc=  24  (48 请求)... ok=48/48  ITL=15.8ms  tok/s=1350.7  TPM=81043  ✓  (fail=0%)
  conc=  36  (72 请求)... ok=72/72  ITL=19.1ms  tok/s=1665.2  TPM=99915  ✓  (fail=0%)
  conc=  56  (112 请求)... ok=112/112  ITL=21.5ms  tok/s=2233.2  TPM=133993  ✓  (fail=0%)
  conc=  84  (168 请求)... ok=168/168  ITL=26.3ms  tok/s=2694.0  TPM=161642  ✓  (fail=0%)
  conc= 128  (256 请求)... ok=253/256  ITL=27.3ms  tok/s=2405.8  TPM=144350  ✓  (fail=1%)
  conc= 192  (384 请求)... ok=384/384  ITL=28.7ms  tok/s=2990.2  TPM=179412  ✓  (fail=0%)
  conc= 288  (576 请求)... ok=576/576  ITL=29.7ms  tok/s=2962.5  TPM=177750  ✓  (fail=0%)
  conc= 432  (864 请求)... ok=864/864  ITL=30.3ms  tok/s=2844.2  TPM=170653  ✓  (fail=0%)

═════════════════════════════════════════════════════════════════════════════════════════════════
  Stress Test [noSIA]  (realistic-prompt, max_out=304)
  ───────────────────────────────────────────────────────────────────────────────────────────────
  Conc    Input  Output   TTFT mean   TTFT p99   ITL mean    Req Lat   Out tok/s   Req/s      TPM
  ───────────────────────────────────────────────────────────────────────────────────────────────
     1      428     304       164ms      178ms      9.1ms     2934ms       103.6    0.34     6215
     2      428     304       261ms      290ms     10.1ms     3314ms       183.4    0.60    11001
     4      428     304       296ms      312ms     11.3ms     3729ms       325.8    1.07    19547
     8      428     304       357ms      389ms     12.2ms     4050ms       599.3    1.97    35959
    16      428     304       497ms      621ms     14.2ms     4786ms      1012.4    3.33    60743
    24      428     304       584ms      773ms     15.8ms     5376ms      1350.7    4.44    81043
    36      428     304       755ms     1131ms     19.1ms     6525ms      1665.2    5.48    99915
    56      428     304      1038ms     1633ms     21.5ms     7545ms      2233.2    7.35   133993
    84      428     304      1380ms     2376ms     26.3ms     9337ms      2694.0    8.86   161642
   128      428     304      3478ms    10807ms     27.3ms    11753ms      2405.8    7.91   144350
   192      428     304      6257ms    12361ms     28.7ms    14958ms      2990.2    9.84   179412
   288      428     304     11204ms    22931ms     29.7ms    20210ms      2962.5    9.75   177750
   432      428     304     18505ms    41203ms     30.3ms    27678ms      2844.2    9.36   170653
  ───────────────────────────────────────────────────────────────────────────────────────────────

  🏆 峰值吞吐：conc=192  tok/s=2990.2  ITL=28.7ms  input=428tok  output=304tok
  🛑 停止原因：已达上限 conc=512（可用 --stress-max-conc 调整）


压测完成。
