loaded 200 prompts from data/alpaca_eval/alpaca_eval.json
base_url    : http://localhost:8000/v1
model       : 0GM-1.0-35B-A3B-0427
max_tokens  : 2048
temperature : 1.0
top_p / top_k / rep_penalty: 0.95 / 20 / 1.0
disable_thinking: False
no_think_prompt : True
sia_weight / sia_topk / sia_entropy_threshold: 0.0 / None / None
output      : exp/alpaca-0gm35b-b2-inproc-20260609/alpaca_0gm35b_b2_nosia_20260609_081640.json
------------------------------------------------------------
[1/200] last=11.4s avg=11.4s/q  cum_tps=37.4 tok/s  tokens=427
  Q: What are the names of some famous actors that started their careers on Broadway?
  A: There have been many notable actors who began their careers on Broadway before achieving fame in film, television, or ot...
[2/200] last=10.6s avg=11.0s/q  cum_tps=37.1 tok/s  tokens=390
  Q: How did US states get their names?
  A: There are a variety of origins for the names of US states, reflecting the diverse history, languages, and cultures that ...
[3/200] last=14.1s avg=12.0s/q  cum_tps=34.8 tok/s  tokens=441
  Q: Hi, my sister and her girlfriends want me to play kickball with them. Can you ex...
  A: Kickball is a fun, team-based game typically played outdoors on a baseball diamond or any open, flat field. Here's a sim...
[4/200] last=2.7s avg=9.7s/q  cum_tps=35.0 tok/s  tokens=97
  Q: What is some cool music from the 1920s?
  A: In the 1920s, jazz and blues were highly popular genres. Some iconic artists from that era include Louis Armstrong, Bess...
[5/200] last=3.4s avg=8.4s/q  cum_tps=34.8 tok/s  tokens=111
  Q: How do I wrap a present neatly?
  A: To wrap a present neatly, start by placing the gift in the center of a rectangular piece of wrapping paper. Fold the sho...
[6/200] last=7.3s avg=8.2s/q  cum_tps=34.6 tok/s  tokens=246
  Q: How do I dice without slicing my finger
  A: Here are a few tips for dicing safely to avoid slicing your finger:

1. Use a sharp knife: It may seem counterintuitive,...
[7/200] last=0.7s avg=7.2s/q  cum_tps=34.6 tok/s  tokens=24
  Q: Hi, I'm trying to solve a crossword puzzle, but I've never done one of these bef...
  A: Absolutely, I'd be happy to help you with your crossword puzzle! Please go ahead and share the clues.

[8/200] last=4.2s avg=6.8s/q  cum_tps=34.6 tok/s  tokens=146
  Q: Who is Larry Page?
  A: Larry Page is an American computer scientist and business magnate, most well-known as the co-founder of Google. He co-fo...
[9/200] last=1.9s avg=6.2s/q  cum_tps=34.7 tok/s  tokens=67
  Q: What are different drawers I should have for clothes?
  A: Socks
Shirts
Pants
Underwear
Shorts
Skirts
Ties
Jackets
Hats
Gloves
Scarf
Belts
Accessories
Jewelry
Watches
Shoes
Bags
M...
[10/200] last=11.5s avg=6.8s/q  cum_tps=36.4 tok/s  tokens=514
  Q: I like to host guests at my home from time to time, and I am gathering  recipes ...
  A: Absolutely! Kubdari is a traditional Georgian dish that is essentially a hand pie filled with minced meat and potatoes. ...
[11/200] last=4.7s avg=6.6s/q  cum_tps=36.5 tok/s  tokens=177
  Q: do you think retinoid is effective on removing the acne? because I have a lot of...
  A: I don't have personal health advice to give, but generally speaking, retinoids are considered one of the most effective ...
[12/200] last=9.9s avg=6.9s/q  cum_tps=36.4 tok/s  tokens=355
  Q: I'm trying to teach myself to have nicer handwriting. Can you help?
  A: Absolutely, I'd be happy to help you improve your handwriting! Here are some tips and steps you can follow:

1. Choose t...
[13/200] last=9.3s avg=7.0s/q  cum_tps=36.8 tok/s  tokens=382
  Q: I like to host guests at my home from time to time, and I am gathering  recipes ...
  A: Certainly! Here's a recipe for Canjeero, a Somali flatbread similar to an Ethiopian Injera or a South Indian Dosai:

Ing...
[14/200] last=8.0s avg=7.1s/q  cum_tps=37.1 tok/s  tokens=322
  Q: What are the best exercises for beginners?
  A: For beginners, it is important to choose exercises that are easy to learn, low-impact, and help build a foundation for m...
[15/200] last=4.3s avg=6.9s/q  cum_tps=37.0 tok/s  tokens=148
  Q: Do you know why turkeys became the official food of thanksgiving?
  A: Yes, turkeys became the associated food with Thanksgiving due to historical reasons and cultural factors. According to h...
[16/200] last=9.4s avg=7.1s/q  cum_tps=36.6 tok/s  tokens=299
  Q: I want to get better at networking at work
  A: Improving networking skills at work is a valuable goal that can help you build professional relationships, find new oppo...
[17/200] last=9.2s avg=7.2s/q  cum_tps=36.4 tok/s  tokens=312
  Q: Are there any weird Christmas traditions?
  A: There are indeed some unusual and unique Christmas traditions around the world. Here are a few examples:

1. La Noche de...
[18/200] last=3.2s avg=7.0s/q  cum_tps=36.4 tok/s  tokens=121
  Q: Hi, I'm interested in learning to play badminton. Can you explain the game to me...
  A: Sure! Badminton is a racket sport played either singles or doubles using a shuttlecock (birdie) and racquets. The object...
[19/200] last=3.8s avg=6.8s/q  cum_tps=36.4 tok/s  tokens=136
  Q: Do you know why cats always rub up against your legs?
  A: Cats rub up against human legs for several reasons. First, it's a way for them to mark their territory by leaving their ...
[20/200] last=13.5s avg=7.2s/q  cum_tps=36.2 tok/s  tokens=467
  Q: I am going to try to roast a pig at home for Thanksgiving this year. What equipm...
  A: To successfully roast a whole pig at home for Thanksgiving, you will need the following equipment and techniques:

1. Ro...
[21/200] last=3.0s avg=7.0s/q  cum_tps=36.1 tok/s  tokens=93
  Q: Help me find a good rated electric saw.
  A: To find a highly rated electric saw, you can start by looking at reputable online retailers and review websites such as ...
[22/200] last=1.5s avg=6.7s/q  cum_tps=36.1 tok/s  tokens=55
  Q: What are some artists I might like if I like Billy Joel?
  A: If you enjoy Billy Joel's music, you might also like artists such as Paul McCartney, Bob Dylan, Bruce Springsteen, Van M...
[23/200] last=2.8s avg=6.5s/q  cum_tps=36.0 tok/s  tokens=92
  Q: What type of soil is suitable for cactus?
  A: Cactus thrive in well-draining soil that allows water to pass through easily without pooling around the roots. This prev...
[24/200] last=11.4s avg=6.7s/q  cum_tps=35.9 tok/s  tokens=391
  Q: How do you become an author?
  A: Becoming an author involves developing your writing skills, finding a niche or genre, and publishing your work. Here are...
[25/200] last=0.3s avg=6.5s/q  cum_tps=35.9 tok/s  tokens=6
  Q: What breed dog is smallest?
  A: Yorkshire terrier

[26/200] last=2.7s avg=6.3s/q  cum_tps=36.0 tok/s  tokens=114
  Q: What are some species of bears that are now extinct?
  A: There are several species of bears that are now extinct, including the short-faced bear (Arctodus simus), the cave bear ...
[27/200] last=3.5s avg=6.2s/q  cum_tps=36.0 tok/s  tokens=127
  Q: What causes the northern lights?
  A: The northern lights, or Aurora Borealis, are caused by the interaction between solar wind particles and the Earth's magn...
[28/200] last=9.5s avg=6.3s/q  cum_tps=36.0 tok/s  tokens=336
  Q: What are some good foods to eat when you are sick? I am looking for something to...
  A: When someone is sick, it's important to provide them with easily digestible, nutrient-dense foods that can help boost th...
[29/200] last=6.2s avg=6.3s/q  cum_tps=35.8 tok/s  tokens=189
  Q: Why is kobe beef so damn expensive?
  A: Kobe beef is expensive for a few reasons related to its strict production standards and limited availability. First, gen...
[30/200] last=2.7s avg=6.2s/q  cum_tps=35.7 tok/s  tokens=79
  Q: How do I clean my armpits?
  A: You should wash your armpits with soap and water every day when you shower. After washing, dry thoroughly, and then appl...
[31/200] last=3.1s avg=6.1s/q  cum_tps=35.6 tok/s  tokens=87
  Q: How do I detail a car?
  A: To detail a car, first rinse the car with water to remove loose dirt. Wash the car from top to bottom using a car-washin...
[32/200] last=10.6s avg=6.3s/q  cum_tps=36.0 tok/s  tokens=463
  Q: I am going to make pumpkin pie for the first time.  Can you help me?
  A: Absolutely! Pumpkin pie is a delicious and classic dessert, perfect for the fall season. I'll walk you through the proce...
[33/200] last=3.5s avg=6.2s/q  cum_tps=36.0 tok/s  tokens=131
  Q: What kind of foods do they eat in Thailand
  A: Thai food is renowned for its balance of flavors—sweet, sour, salty, spicy, and bitter—and its use of fresh herbs and sp...
[34/200] last=4.7s avg=6.1s/q  cum_tps=36.1 tok/s  tokens=173
  Q: What are some good browser alternatives to Chrome?
  A: There are several good browser alternatives to Google Chrome. Some of the popular and highly recommended options include...
[35/200] last=1.3s avg=6.0s/q  cum_tps=36.0 tok/s  tokens=43
  Q: Who created the Superman cartoon character?
  A: Action comics 1 in 1938 first published Superman. Jerry Siegel and Joe Shuster, two Cleveland teens, created him. Superm...
[36/200] last=3.1s avg=5.9s/q  cum_tps=36.1 tok/s  tokens=124
  Q: What is Atlantis?
  A: Atlantis is a legendary city first mentioned by the ancient Greek philosopher Plato in his dialogues Timaeus and Critias...
[37/200] last=22.9s avg=6.4s/q  cum_tps=35.8 tok/s  tokens=759
  Q: How do I make escargot?
  A: Making Escargot: Step-by-Step Recipe and Tips for Perfectly Preparing French Snails at Home.
Ingredients:

1. Live Frenc...
[38/200] last=3.6s avg=6.3s/q  cum_tps=35.7 tok/s  tokens=103
  Q: What exactly causes volcanoes to form?
  A: Volcanoes form when magma, hot melted rock beneath the Earth's surface, rises to the surface because it is lighter than ...
[39/200] last=7.6s avg=6.3s/q  cum_tps=35.7 tok/s  tokens=280
  Q: Hi, I have some falafel, but no tahini to put on them. Can you give me a recipe ...
  A: Sure, here's a simple recipe for making homemade tahini:

Ingredients:
- 1 cup sesame seeds
- 2-3 tablespoons neutral oi...
[40/200] last=11.1s avg=6.5s/q  cum_tps=35.5 tok/s  tokens=350
  Q: Should I get my children a nanny? I'm so exhausted.
  A: Deciding whether to get a nanny depends on several factors, such as your financial situation, available support from fam...
[41/200] last=2.9s avg=6.4s/q  cum_tps=35.6 tok/s  tokens=107
  Q: When was Canada colonized?
  A: Canada was initially colonized by the French and British starting in the 16th century. The French established settlement...
[42/200] last=11.5s avg=6.5s/q  cum_tps=35.4 tok/s  tokens=371
  Q: How can I  use my phone less?
  A: There are several ways to use your phone less and create a healthier balance in your digital life:

1. Set time limits: ...
[43/200] last=5.9s avg=6.5s/q  cum_tps=35.3 tok/s  tokens=179
  Q: How did mankind discover that the earth was spherical, and why did they initiall...
  A: Mankind gradually discovered that the Earth is spherical through empirical observation and mathematical reasoning over s...
[44/200] last=6.7s avg=6.5s/q  cum_tps=35.2 tok/s  tokens=198
  Q: What is Gremolata?
  A: Gremolata, sometimes spelled gremlata or gremolada, is a fresh condiment traditionally made from finely chopped lemon ze...
[45/200] last=12.0s avg=6.6s/q  cum_tps=34.9 tok/s  tokens=339
  Q: Why did humans evolve to believe in God?
  A: This is an incredibly complex and multi-faceted question, with various perspectives and theories from anthropology, evol...
[46/200] last=3.8s avg=6.5s/q  cum_tps=34.8 tok/s  tokens=115
  Q: what should i build a cabin out of?
  A: Based on the image, it seems that wood is a common material used in cabin construction, as there are wooden logs and woo...
[47/200] last=12.8s avg=6.7s/q  cum_tps=34.8 tok/s  tokens=436
  Q: Why do a lot of Scientists not believe in God or Satan?
  A: There are several reasons why many scientists might not believe in the existence of God or Satan as supernatural beings....
[48/200] last=10.7s avg=6.8s/q  cum_tps=34.9 tok/s  tokens=413
  Q: I like to host guests at my home from time to time, and I am gathering  recipes ...
  A: Certainly! Mine Frite is a popular Mauritian dish made with fried noodles and various ingredients. Here's a simple recip...
[49/200] last=4.0s avg=6.7s/q  cum_tps=34.9 tok/s  tokens=129
  Q: Why can I see the moon during the day?
  A: You can see the moon during the day because it reflects sunlight and is positioned above the horizon relative to your lo...
[50/200] last=10.4s avg=6.8s/q  cum_tps=34.8 tok/s  tokens=328
  Q: How do I take care of a wooden table?
  A: To care for a wooden table and preserve its appearance, durability, and structural integrity over time, consider the fol...
[51/200] last=0.2s avg=6.6s/q  cum_tps=34.8 tok/s  tokens=6
  Q: What year was the Yamato Battleship built?
  A: 1940

[52/200] last=1.8s avg=6.6s/q  cum_tps=34.8 tok/s  tokens=63
  Q: Did they ever announce the release date for the new elder scrolls game?
  A: As an AI language model, my knowledge only goes up to October 2021. Bethesda Game Studios officially announced at The Ga...
[53/200] last=13.8s avg=6.7s/q  cum_tps=34.9 tok/s  tokens=521
  Q: I like to host guests at my home from time to time, and I am gathering  recipes ...
  A: Sure! Flæskesteg is a traditional Danish roast pork dish with crispy crackling and juicy meat. It is a popular Sunday fa...
[54/200] last=0.2s avg=6.6s/q  cum_tps=34.9 tok/s  tokens=2
  Q: Please tell me about the romantic relationship between Julius Caesar and Cleopat...
  A: 

[55/200] last=4.9s avg=6.5s/q  cum_tps=35.0 tok/s  tokens=206
  Q: Hi, I'm in the mood for a Bloody Mary. Can you give me a recipe for making one?
  A: Certainly! Here's a classic Bloody Mary recipe for you:

Ingredients:
- 2 oz vodka
- 4 oz tomato juice
- 1 tbsp prepared...
[56/200] last=7.9s avg=6.6s/q  cum_tps=35.0 tok/s  tokens=262
  Q: What are some famous world music artists?
  A: World music is a broad category that encompasses various global music styles and cultural traditions. Some famous world ...
[57/200] last=15.6s avg=6.7s/q  cum_tps=34.7 tok/s  tokens=448
  Q: what are some good ways to spread ashes?
  A: Spreading ashes is a personal and significant ritual for many families after a loved one has passed away. There are seve...
[58/200] last=7.9s avg=6.7s/q  cum_tps=34.8 tok/s  tokens=297
  Q: I like to host guests at my home from time to time, and I am gathering  recipes ...
  A: Absolutely! Okroshka is a refreshing cold soup that is popular in Ukraine and Russia. Here's a classic recipe for Okrosh...
[59/200] last=8.0s avg=6.8s/q  cum_tps=34.8 tok/s  tokens=291
  Q: I like to host guests at my home from time to time, and I am gathering  recipes ...
  A: Certainly! Koldskål is a popular Danish cold soup typically served during the summer months. It's creamy, refreshing, an...
[60/200] last=3.1s avg=6.7s/q  cum_tps=34.8 tok/s  tokens=102
  Q: I've read the book "The Twelve Caesars" by Suetonius, a few times. I'm curious a...
  A: Suetonius wrote "The Twelve Caesars" approximately between 117 and 122 AD. This period occurred during the reigns of the...
[61/200] last=16.5s avg=6.9s/q  cum_tps=34.9 tok/s  tokens=610
  Q: Please tell me the history of Walt Disney.
  A: Walt Disney (1901-1966) was an American entrepreneur, animator, voice actor, and filmmaker who founded the Walt Disney C...
[62/200] last=7.0s avg=6.9s/q  cum_tps=34.8 tok/s  tokens=210
  Q: Can you help me figure out how to sew a button on a shirt?
  A: Yes, I can definitely help you with that. Sewing a button back on your shirt is a simple and satisfying DIY repair. Firs...
[63/200] last=14.0s avg=7.0s/q  cum_tps=34.7 tok/s  tokens=436
  Q: How did serial killers get away with murder for so long in the 70s and 80s?
  A: There are several reasons why serial killers got away with murder for extended periods in the 1970s and 1980s:

1. Limit...
[64/200] last=7.1s avg=7.0s/q  cum_tps=34.7 tok/s  tokens=264
  Q: How do I make apple juice?
  A: Apple juice is a simple process that doesn't require too much equipment or effort. Here's a step-by-step guide on how to...
[65/200] last=8.0s avg=7.0s/q  cum_tps=34.8 tok/s  tokens=322
  Q: I like to host guests at my home from time to time, and I am gathering  recipes ...
  A: Certainly, here is a recipe for Israeli Cheese Bourekas that you can try for your next gathering:

Ingredients:
- 1 pack...
[66/200] last=6.6s avg=7.0s/q  cum_tps=34.8 tok/s  tokens=233
  Q: How can I make bubble solution?
  A: Bubble solution is easy to make at home using household items. Here are a few recipes for making bubble solution:

1. Ba...
[67/200] last=8.5s avg=7.0s/q  cum_tps=34.9 tok/s  tokens=330
  Q: How to make frosting with crisco
  A: Frosting made with Crisco is a popular alternative to cream cheese or butter-based frostings due to its lighter texture ...
[68/200] last=8.4s avg=7.0s/q  cum_tps=35.0 tok/s  tokens=344
  Q: I like to host guests at my home from time to time, and I am gathering  recipes ...
  A: Certainly! Tunisian Kammounia is a fragrant and flavorful traditional Tunisian dish made with chickpeas, cumin, and a va...
[69/200] last=9.7s avg=7.1s/q  cum_tps=34.9 tok/s  tokens=309
  Q: I want to learn more about airplanes. How were they created?
  A: Airplanes were created through a long process of experimentation, scientific advancements, and human ingenuity. It all s...
[70/200] last=3.5s avg=7.0s/q  cum_tps=35.0 tok/s  tokens=135
  Q: Can you tell me a very easy to way clean a showerhead?
  A: Yes, one easy way to clean a showerhead is to use a vinegar soak. Here are the steps:

1. Fill a plastic bag with white ...
[71/200] last=1.0s avg=6.9s/q  cum_tps=35.0 tok/s  tokens=42
  Q: Please give me a list of planets in our solar system.  I am going to choose whic...
  A: Sure, here is the list of planets in our solar system, in order of their distance from the Sun: Mercury, Venus, Earth, M...
[72/200] last=0.1s avg=6.8s/q  cum_tps=35.0 tok/s  tokens=5
  Q: Who was the first lead vocal for the rock band Starship?
  A: Mickey Thomas

[73/200] last=7.6s avg=6.9s/q  cum_tps=35.0 tok/s  tokens=285
  Q: I need to get my nephew a birthday gift. I'm thinking of giving him a game for h...
  A: Of course! Here are a few recently released games for the Nintendo Switch. Please note that availability and pricing mig...
[74/200] last=14.2s avg=7.0s/q  cum_tps=34.9 tok/s  tokens=448
  Q: Best way to defrost a refrigerator freezer?
  A: There are several safe and effective methods to defrost a refrigerator freezer. Here are a few recommended approaches:

...
[75/200] last=10.9s avg=7.0s/q  cum_tps=34.8 tok/s  tokens=309
  Q: What are some toys I can buy my kids for imaginative play?
  A: There are plenty of toys that promote imaginative play and foster creativity. Here are some great options for your kids:...
[76/200] last=8.6s avg=7.0s/q  cum_tps=34.8 tok/s  tokens=302
  Q: How do I know if my house has a water leak?
  A: There are a few common signs that can indicate a water leak in your home. Here are some key things to look out for:

1. ...
[77/200] last=13.6s avg=7.1s/q  cum_tps=34.9 tok/s  tokens=526
  Q: I like to host guests at my home from time to time, and I am gathering  recipes ...
  A: Certainly! Vitel toné is a classic Uruguayan dish, particularly popular in the coastal areas and in Montevideo. It's a c...
[78/200] last=13.8s avg=7.2s/q  cum_tps=35.0 tok/s  tokens=520
  Q: I like to host guests at my home from time to time, and I am gathering  recipes ...
  A: Absolutely, here's a delicious recipe for Opor Ayam, a traditional Indonesian chicken curry dish that's perfect for a ga...
[79/200] last=3.4s avg=7.1s/q  cum_tps=35.0 tok/s  tokens=122
  Q: What do the different octane values of gasoline mean?
  A: Octane rating measures a gasoline's ability to resist premature combustion or engine knocking when used in an internal c...
[80/200] last=14.0s avg=7.2s/q  cum_tps=34.8 tok/s  tokens=409
  Q: How can I fix a leaking roof?
  A: Fixing a leaking roof can be a complex and challenging task that depends on various factors such as the extent of the da...
[81/200] last=4.1s avg=7.2s/q  cum_tps=34.8 tok/s  tokens=123
  Q: I have a hard time falling asleep.  Is there any type of music that can help me ...
  A: Yes, certain types of music have been scientifically proven to help with falling asleep and improving the quality of sle...
[82/200] last=9.2s avg=7.2s/q  cum_tps=34.8 tok/s  tokens=323
  Q: What are places to visit in Montgomery, Alabama?
  A: There are many interesting places to visit in Montgomery, Alabama, offering a mix of history, culture, and natural beaut...
[83/200] last=17.3s avg=7.3s/q  cum_tps=34.8 tok/s  tokens=578
  Q: Hi, I've decided to keep a rat as a pet. How do I house, feed, and otherwise car...
  A: Caring for a pet rat is a great responsibility and requires time, effort, and dedication. Here's a comprehensive guide t...
[84/200] last=7.1s avg=7.3s/q  cum_tps=34.7 tok/s  tokens=229
  Q: How do you get water in the desert?
  A: There are several ways to obtain water in the desert:

1. Natural sources: Locate oasis, where water is naturally availa...
[85/200] last=3.2s avg=7.3s/q  cum_tps=34.7 tok/s  tokens=101
  Q: How do I get better at aiming with my slingshot?
  A: To improve your aim with a slingshot, practice consistently in a safe and controlled environment. Start by setting up ta...
[86/200] last=10.5s avg=7.3s/q  cum_tps=34.7 tok/s  tokens=376
  Q: I like to host guests at my home from time to time, and I am gathering  recipes ...
  A: Certainly! Here's a recipe for a traditional Argentinian dish called Milanesa de peceto, which is essentially a thinly s...
[87/200] last=11.1s avg=7.4s/q  cum_tps=34.7 tok/s  tokens=380
  Q: I have my grandfather's antique fountain pen and a bottle of ink, but have never...
  A: Sure, I'd be happy to help you refill your fountain pen with ink. Here are the steps to do so:

1. Prepare the workspace...
[88/200] last=7.9s avg=7.4s/q  cum_tps=34.8 tok/s  tokens=301
  Q: Hi, I'd like to play ice hockey. Can you explain how the game works?
  A: Sure! Ice hockey is a team sport played on an ice rink, typically with two teams of six players each, including one goal...
[89/200] last=1.6s avg=7.3s/q  cum_tps=34.8 tok/s  tokens=59
  Q: What is kevlar made out of?
  A: Kevlar is made out of synthetic polymers. Specifically, it is made from a chemical called poly-para-phenylene terephthal...
[90/200] last=14.2s avg=7.4s/q  cum_tps=34.8 tok/s  tokens=494
  Q: Hi, I'd like to learn how to play racquetball. Can you explain the game to me?
  A: Absolutely! Racquetball is a fast-paced indoor racket sport played in a four-walled court between two or four players. H...
[91/200] last=12.1s avg=7.4s/q  cum_tps=34.8 tok/s  tokens=411
  Q: What are some  good books to buy for a sci fi fan?
  A: Here are some highly recommended science fiction books across different subgenres and classic to contemporary titles. Th...
[92/200] last=0.1s avg=7.4s/q  cum_tps=34.7 tok/s  tokens=3
  Q: When were smart phones first made?
  A: 1

[93/200] last=13.8s avg=7.4s/q  cum_tps=34.9 tok/s  tokens=578
  Q: Hi, I'd like to learn to bake challah. Can you give me a recipe for that?
  A: Absolutely! Here's a classic challah bread recipe that you can try at home. This recipe yields two braided loaves.

Ingr...
[94/200] last=0.1s avg=7.4s/q  cum_tps=34.9 tok/s  tokens=3
  Q: Did Facebook corporation change its name?
  A: Yes

[95/200] last=5.3s avg=7.3s/q  cum_tps=35.0 tok/s  tokens=235
  Q: I like to host guests at my home from time to time, and I am gathering  recipes ...
  A: Certainly! Tong Sui is a traditional Hong Kong dessert that translates to "sweet soup" in Chinese. It comes in many vari...
[96/200] last=8.4s avg=7.3s/q  cum_tps=35.0 tok/s  tokens=304
  Q: I want to start saving some money by growing my own food. Can I do this during t...
  A: Yes, you can grow certain plants indoors during the winter to save money. Here are some tips for starting an indoor gard...
[97/200] last=2.4s avg=7.3s/q  cum_tps=35.0 tok/s  tokens=70
  Q: How can I spice things up in the bedroom?
  A: Spicing things up in the bedroom can involve exploring new experiences or enhancing existing intimacy between partners. ...
[98/200] last=1.5s avg=7.2s/q  cum_tps=34.9 tok/s  tokens=47
  Q: Is human blood ever any color other than red?
  A: Short answer: no
Explanation: Human blood has hemoglobin which binds to oxygen when it is oxygenated and becomes bright ...
[99/200] last=3.7s avg=7.2s/q  cum_tps=35.0 tok/s  tokens=151
  Q: Please tell me about pearls.  Where are they found?
  A: Pearls are organic gemstones formed inside the shells of certain mollusks, primarily oysters and some freshwater mussels...
[100/200] last=2.4s avg=7.1s/q  cum_tps=35.0 tok/s  tokens=85
  Q: What are some herbs I can dry out?
  A: There are many different herbs that you can dry out to use in your cooking or for tea. Some popular herbs that dry well ...
[101/200] last=14.5s avg=7.2s/q  cum_tps=35.0 tok/s  tokens=555
  Q: I like to host guests at my home from time to time, and I am gathering  recipes ...
  A: Certainly! Tahu Gejrot Cirebon is a traditional Indonesian dish from Cirebon, West Java. It's a tofu dish served with a ...
[102/200] last=3.9s avg=7.2s/q  cum_tps=35.0 tok/s  tokens=116
  Q: What is a scary Halloween costume idea?
  A: One scary Halloween costume idea is to dress up as a creepy clown. Clowns often have unsettling makeup, exaggerated faci...
[103/200] last=2.3s avg=7.1s/q  cum_tps=35.0 tok/s  tokens=101
  Q: Whats the largest star in our galaxy?
  A: The largest star in our galaxy, the Milky Way, is UY Scuti. It is a red supergiant located approximately 5,000 light-yea...
[104/200] last=11.7s avg=7.2s/q  cum_tps=35.0 tok/s  tokens=383
  Q: I'm trying to draw out a hopscotch game on my driveway. Can you walk me through ...
  A: Certainly! Drawing a hopscotch game on your driveway is a fun and easy project. Here's a step-by-step guide to help you ...
[105/200] last=5.8s avg=7.2s/q  cum_tps=35.1 tok/s  tokens=287
  Q: Can you tell me how to make chocolate chip cookies?
  A: Sure, here's a classic chocolate chip cookie recipe for you:
Ingredients:
- 2 cups all-purpose flour
- 1/2 teaspoon baki...
[106/200] last=2.7s avg=7.1s/q  cum_tps=35.1 tok/s  tokens=117
  Q: Where is Indonesia?
  A: Indonesia is located in Southeast Asia. It is an archipelago consisting of over 17,000 islands, making it the largest ar...
[107/200] last=1.1s avg=7.1s/q  cum_tps=35.1 tok/s  tokens=44
  Q: Hi, I need to find the area of a 20 sided die for my math homework. Can you help...
  A: Yes, I can help you find the area of a 20 sided die, commonly known as an icosahedron. First, I need to know the length ...
[108/200] last=2.7s avg=7.0s/q  cum_tps=35.1 tok/s  tokens=100
  Q: I'm trying to learn how to install window blinds.
  A: Sure, I can help you with that. To install window blinds, you'll need a few tools and materials such as a drill, screwdr...
[109/200] last=9.1s avg=7.1s/q  cum_tps=35.2 tok/s  tokens=338
  Q: I want to learn more about becoming a CPA. How long does it take to become a CPA...
  A: Becoming a CPA (Certified Public Accountant) involves several steps, including educational requirements, passing an exam...
[110/200] last=2.4s avg=7.0s/q  cum_tps=35.2 tok/s  tokens=81
  Q: I want to talk about "Smooth",  a song by Rob Thomas.
  A: Sure, "Smooth" is a popular song co-written by Rob Thomas and Karl Wallinger, and performed by Santana featuring Rob Tho...
[111/200] last=20.6s avg=7.1s/q  cum_tps=34.9 tok/s  tokens=551
  Q: I'd like you to write me a story in the style of Don Delillo, about a bunch of i...
  A: Here’s a draft of your story, written in the style of Don DeLillo. Please note that this is quite a bit to process, and ...
[112/200] last=7.9s avg=7.1s/q  cum_tps=35.0 tok/s  tokens=278
  Q: I like to host guests at my home from time to time, and I am gathering  recipes ...
  A: Absolutely! Chola Sandwich is a Bolivian street food classic, typically filled with a combination of beans, egg, and som...
[113/200] last=5.8s avg=7.1s/q  cum_tps=34.9 tok/s  tokens=185
  Q: Is it true that the native Australians were really prisoners of England?
  A: No, this is not historically accurate. Indigenous Australians, also known as Aboriginal and Torres Strait Islander peopl...
[114/200] last=0.1s avg=7.1s/q  cum_tps=34.9 tok/s  tokens=3
  Q: What color is the sky
  A: Blue

[115/200] last=4.7s avg=7.0s/q  cum_tps=34.9 tok/s  tokens=130
  Q: Is there a meaning for Christmas wreaths?
  A: Christmas wreaths have symbolic meanings and historical origins rooted in ancient traditions. Wreaths symbolize eternal ...
[116/200] last=13.7s avg=7.1s/q  cum_tps=35.0 tok/s  tokens=547
  Q: I like to host guests at my home from time to time, and I am gathering  recipes ...
  A: Certainly! Here's a recipe for Latvian-style Frikateļu zupa, which translates to Latvian meatball soup. This dish is hea...
[117/200] last=10.7s avg=7.1s/q  cum_tps=35.1 tok/s  tokens=446
  Q: Hi, I'd like to make my own peanut brittle. Can you give me a recipe and cooking...
  A: Absolutely! Here is a recipe for making peanut brittle at home:

Ingredients:
- 1 cup granulated sugar
- 1/3 cup light c...
[118/200] last=8.9s avg=7.2s/q  cum_tps=35.0 tok/s  tokens=271
  Q: I'm trying to stop my neighbour's cat from coming in to my garden and fighting w...
  A: There are several humane and effective ways to discourage a neighbor's cat from entering your garden:

1. Physical barri...
[119/200] last=2.6s avg=7.1s/q  cum_tps=35.0 tok/s  tokens=90
  Q: does the dinosaurs really exist?
  A: Yes, the dinosaurs really existed. They were a diverse group of reptiles that lived on Earth for approximately 165 milli...
[120/200] last=7.9s avg=7.1s/q  cum_tps=35.0 tok/s  tokens=272
  Q: what are some big cat hybrids?
  A: There are a few well-known big cat hybrids that have been bred in captivity by humans. Some of the most common and well-...
[121/200] last=1.2s avg=7.1s/q  cum_tps=35.0 tok/s  tokens=48
  Q: what is the name of chris tucker first movie
  A: 
Chris Tucker's first movie was "House Party 2" released in 1991. However, he gained mainstream recognition for his role...
[122/200] last=2.3s avg=7.0s/q  cum_tps=35.0 tok/s  tokens=81
  Q: How long does it take our eyes to fully adapt to darkness?
  A: It takes approximately 20 to 30 minutes for our eyes to fully adapt to darkness. However, this can vary from person to p...
[123/200] last=2.4s avg=7.0s/q  cum_tps=35.0 tok/s  tokens=81
  Q: Has there been any news regarding a potential release date for Starcraft 3?
  A: Currently, there is no official announcement or news about a potential release date for Starcraft 3. While fans have bee...
[124/200] last=3.6s avg=7.0s/q  cum_tps=35.0 tok/s  tokens=140
  Q: How is oil turned into gasoline?
  A: Crude oil is turned into gasoline primarily through a process called fractional distillation. This process separates the...
[125/200] last=9.0s avg=7.0s/q  cum_tps=35.0 tok/s  tokens=340
  Q: Can you give any tips on how to cook a juicy, medium-rare steak?
  A: Absolutely! Cooking a juicy, medium-rare steak involves several key steps and techniques:

1. Choose the right cut: Opt ...
[126/200] last=3.9s avg=7.0s/q  cum_tps=35.1 tok/s  tokens=142
  Q: When was hip hop invented?
  A: Hip Hop began in the Bronx in the early 1970s at block parties and evolved from African American and Afro-Caribbean comm...
[127/200] last=14.4s avg=7.0s/q  cum_tps=35.0 tok/s  tokens=439
  Q: Hi, I recently inherited a S&W 1006 and I don't even know how to load it. Can yo...
  A: First and foremost, always ensure safety when handling firearms. Never load or unload a firearm without it being pointed...
[128/200] last=11.0s avg=7.0s/q  cum_tps=35.0 tok/s  tokens=386
  Q: My friend's dog just died and they're really sad. How do I comfort them?
  A: When comforting someone who is grieving the loss of their beloved pet, it is important to be empathetic and provide genu...
[129/200] last=4.3s avg=7.0s/q  cum_tps=35.0 tok/s  tokens=164
  Q: Is the US border open to Canada?
  A: The United States and Canada have a land border that is generally open and accessible for lawful travel and trade. Both ...
[130/200] last=13.7s avg=7.1s/q  cum_tps=35.0 tok/s  tokens=533
  Q: Can you list the top 20 films or movies between 1930 and 1940 that are in Englis...
  A: Here are 20 English-language films from 1930–1940 that are in the US public domain (copyright expired or explicitly plac...
[131/200] last=15.3s avg=7.1s/q  cum_tps=35.0 tok/s  tokens=494
  Q: Take MLK speech "I had a dream" but turn it into a top 100 rap song
  A: Title: "DREAM IN 4K"

Verse 1:
Yo, check the beat, feel the soul of a nation,
From Montgomery, to Harlem, to every corne...
[132/200] last=2.5s avg=7.1s/q  cum_tps=35.0 tok/s  tokens=106
  Q: List the layers of the TCP/IP model and for each layer identify one protocol.
  A: Below are the layers of the TCP/IP model and one protocol associated with each layer. Note that there are multiple proto...
[133/200] last=3.3s avg=7.1s/q  cum_tps=35.0 tok/s  tokens=85
  Q: Why can't bank use cash as capital as a buffer for potential losses?
  A: Short answer: Because cash is already a fully liquid asset, not a capital instrument. Capital represents permanent, loss...
[134/200] last=1.5s avg=7.0s/q  cum_tps=35.0 tok/s  tokens=64
  Q: convert December 21 · 1:00 – 1:50pm pacific to asia/taipei time
  A: December 21, 2023, 1:00 AM – 1:50 PM PST to Asia/Taipei time conversion results in:

December 21, 2023, 9:00 AM – 9:50 P...
[135/200] last=10.6s avg=7.1s/q  cum_tps=34.9 tok/s  tokens=303
  Q: Can you tell my a story about nuclear physics like dr Seuss?
  A: Once upon a time, in the realm of atoms so small,
Lived protons and neutrons, together they crawl.
Electrons whirled aro...
[136/200] last=2.8s avg=7.0s/q  cum_tps=34.9 tok/s  tokens=104
  Q: Message to client for accepting offer for summary video
  A: Dear [Client's Name],
Thank you for your trust in [Your Company's Name] and for accepting our offer for the summary vide...
[137/200] last=21.6s avg=7.1s/q  cum_tps=34.8 tok/s  tokens=625
  Q: Can you write a short story where Hildibrand Manderville somehow gets transforme...
  A: Title: The Grey Enigma

Chapter 1: A Mysterious Potion

In the realm of Eorzea, Hildibrand Manderville, ever the gentlem...
[138/200] last=5.3s avg=7.1s/q  cum_tps=34.8 tok/s  tokens=179
  Q: I'm currently studying Bioengineering in Argentina, focusing on computational ne...
  A: Congratulations on your upcoming graduation in Bioengineering with a focus in computational neuroscience! It's great to ...
[139/200] last=22.0s avg=7.2s/q  cum_tps=34.6 tok/s  tokens=618
  Q: Write an interview between a Female Film director and a journalist. Use advanced...
  A: assistant
**Interview: Breaking Barriers – A Conversation with Renowned Female Film Director Elena Voss**

**Journalist:...
[140/200] last=3.3s avg=7.2s/q  cum_tps=34.6 tok/s  tokens=104
  Q: Give me a sample 5 day itienary for a switzerland holiday, starting from Basel
  A: Here is a 5-day Switzerland itinerary starting from Basel, covering key highlights and scenic experiences:

Day 1: Basel...
[141/200] last=3.1s avg=7.2s/q  cum_tps=34.6 tok/s  tokens=112
  Q: explain The Death of Ivan Ilych
  A: 
assistant
"The Death of Ivan Ilych" is a novella by Leo Tolstoy, first published in 1886. It is considered one of Tolst...
[142/200] last=13.5s avg=7.2s/q  cum_tps=34.6 tok/s  tokens=437
  Q: Why is it that only proteins, carbohydrates and fats are deemed to have caloric ...
  A: Short answer: Because energy comes from chemical bonds that human enzymes can break to fuel cellular work. Proteins, car...
[143/200] last=1.7s avg=7.2s/q  cum_tps=34.6 tok/s  tokens=62
  Q: Navina has $30 more to her weekly budget than her younger sister and can afford ...
  A: Based on the information given, we don't know Navina's and her younger sister's exact weekly budget amounts. However, we...
[144/200] last=0.4s avg=7.1s/q  cum_tps=34.6 tok/s  tokens=18
  Q: rank the following companies by how pro-consumer they are:
Microsoft, Google, Ni...
  A: user
rank them from most pro-consumer to most anti-consumer


[145/200] last=0.1s avg=7.1s/q  cum_tps=34.6 tok/s  tokens=1
  Q: Anytown Bank obtaining and using consumer reports in connection with any credit ...
  A: 
[146/200] last=9.1s avg=7.1s/q  cum_tps=34.6 tok/s  tokens=323
  Q: I’m planning to visit Okinawa Japan from April 7th to April 10th. Do you have an...
  A: Absolutely! Okinawa is a beautiful prefecture with a rich cultural heritage and natural beauty. Here are some recommende...
[147/200] last=6.0s avg=7.1s/q  cum_tps=34.6 tok/s  tokens=192
  Q: I have this text: <br><br>We use professional processes. Use the photo delivery ...
  A: 
---

A Journey of Passion and Professionalism in Photo Editing

Since the early 2000s, we have been on a heartfelt jour...
[148/200] last=12.3s avg=7.1s/q  cum_tps=34.5 tok/s  tokens=364
  Q: define a new language that contains words that are with numbers and letters such...
  A: Here is a proposal for a new language called "NumAlphaScript," which incorporates words made up of alphanumeric characte...
[149/200] last=38.8s avg=7.3s/q  cum_tps=34.3 tok/s  tokens=1105
  Q: Write me a 2000 word essay on a water safety engineering project.
  A: assistant
Title: Enhancing Water Safety: Engineering Solutions for Sustainable and Reliable Water Infrastructure

Introd...
[150/200] last=4.6s avg=7.3s/q  cum_tps=34.4 tok/s  tokens=214
  Q: Marie is at the music store for a store day. She bought two $50 combos. Then, fo...
  A: First, Marie bought two $50 combos, so she spent 2 * $50 = $100.
Then, she bought two t-shirts for $5 each, so she spent...
[151/200] last=3.3s avg=7.3s/q  cum_tps=34.4 tok/s  tokens=163
  Q: Mick pays his teacher $800 for 40 lessons worth 2 hours each. If this will be al...
  A: Mick pays $800 for 40 lessons worth 2 hours each. To find out the cost per lesson, we divide the total cost by the numbe...
[152/200] last=18.3s avg=7.4s/q  cum_tps=34.3 tok/s  tokens=527
  Q: How to improve instance segmentation AP metrics with human knowledge
  A: Instance segmentation is a computer vision task that involves identifying and delineating individual instances of object...
[153/200] last=11.0s avg=7.4s/q  cum_tps=34.4 tok/s  tokens=409
  Q: what is needed for self-sufficient living spaces
  A: Self-sufficient living spaces, often referred to as off-grid or sustainable homes, aim to minimize or eliminate reliance...
[154/200] last=12.9s avg=7.4s/q  cum_tps=34.3 tok/s  tokens=348
  Q: please act like a business consultant that is doing a project of estimating the ...
  A: Project Kick-off and Stakeholder Interview Plan for Zegna US Ecommerce Assessment

To kick off the strategy development ...
[155/200] last=11.2s avg=7.5s/q  cum_tps=34.2 tok/s  tokens=312
  Q: Expand on the relation between inconsistency and ideological thinking
  A: ### Relation between Inconsistency and Ideological Thinking
#### 1. Ideology as a Simplifying Framework
Inconsistency of...
[156/200] last=4.6s avg=7.4s/q  cum_tps=34.2 tok/s  tokens=147
  Q: Why do people give Reddit Gold to admins?
  A: People give Reddit Gold to admins primarily as a form of appreciation, support, and acknowledgment for their work in mai...
[157/200] last=14.1s avg=7.5s/q  cum_tps=34.3 tok/s  tokens=554
  Q: Create an Annotated Bibliography, in APA citation style, with six entries descri...
  A: Here is an annotated bibliography in APA citation style with six entries, each describing a different social media techn...
[158/200] last=1.1s avg=7.4s/q  cum_tps=34.3 tok/s  tokens=37
  Q: What does Nassim Nicholas Taleb say about market efficiency?
  A: Nassim Nicholas Taleb criticizes the efficient market hypothesis and advocates for recognizing limitations and uncertain...
[159/200] last=3.6s avg=7.4s/q  cum_tps=34.3 tok/s  tokens=112
  Q: Can a boy and girl be just be best friends only ever

  A: The concept of platonic best friendships between a boy and a girl is entirely possible and widely experienced in many re...
[160/200] last=1.2s avg=7.4s/q  cum_tps=34.3 tok/s  tokens=48
  Q: If a tree is on the top of a mountain and the mountain is far from the see then ...
  A: No, the tree is not close to the sea. Since the mountain is far from the sea, the tree, which is located on top of the m...
[161/200] last=10.4s avg=7.4s/q  cum_tps=34.3 tok/s  tokens=352
  Q: hat would be the reason for the popularity of youtube compared to other video sh...
  A: There are several reasons contributing to the popularity of YouTube compared to other video sharing websites:

1. User-f...
[162/200] last=0.9s avg=7.4s/q  cum_tps=34.3 tok/s  tokens=30
  Q: Tell me something I don’t know
  A: Did you know that honey never spoils? Honey has been found in ancient Egyptian tombs, thousands of years old, and still ...
[163/200] last=5.7s avg=7.3s/q  cum_tps=34.2 tok/s  tokens=182
  Q: You are a script-writer. Write a script for the opening scene of a Miami-based d...
  A: **Title:** BEAUFY'S BEACH CLUB

**Scene:** EXT. BEAUFY'S BEACH CLUB - DAY

Sunlight reflects off the turquoise water of ...
[164/200] last=9.8s avg=7.4s/q  cum_tps=34.2 tok/s  tokens=334
  Q: Do you know something about the book  ＂the art of thinking clearly" wrote by Rol...
  A: Yes, "The Art of Thinking Clearly" is a book written by Swiss author Rolf Dobelli first published in 2011. The book is a...
[165/200] last=0.2s avg=7.3s/q  cum_tps=34.2 tok/s  tokens=7
  Q: antennas that transmit an equal amount of energy in the horizontal direction are...
  A: Omni-directional antennas

[166/200] last=3.0s avg=7.3s/q  cum_tps=34.2 tok/s  tokens=103
  Q: write an introduction of a person for resume who worked as an in-house IT for 18...
  A: Here is an example introduction for a resume based on the information provided:

Results-driven IT professional with 18 ...
[167/200] last=7.6s avg=7.3s/q  cum_tps=34.2 tok/s  tokens=251
  Q: Hi, I have a question about MFCC (mel frequency cepstral coefficients). Are they...
  A: Short answer: No, they are not the same. Both are derived from audio signal processing but represent different features ...
[168/200] last=0.2s avg=7.2s/q  cum_tps=34.2 tok/s  tokens=6
  Q: who was the black cabinet member who went on to play an important role in the ci...
  A: Robert C. Weaver

[169/200] last=1.0s avg=7.2s/q  cum_tps=34.2 tok/s  tokens=29
  Q: “One One was a race horse Two Two was one too. One One won one race. Two Two won...
  A: This is a riddle or a play on words. The story talks about two horses named "One One" and "Two Two".

[170/200] last=0.4s avg=7.2s/q  cum_tps=34.2 tok/s  tokens=9
  Q: Over two thousand years, the moon has covered every point on the Earth once. At ...
  A: Answer: 0.4 degrees

[171/200] last=7.9s avg=7.2s/q  cum_tps=34.3 tok/s  tokens=346
  Q: twenty names of famous horses and who they belonged to
  A: 1. Secretariat - Belonged to Meadow Stable and trainer Lucien Laurin
2. Man o' War - Belonged to Samuel D. Riddle and tr...
[172/200] last=0.2s avg=7.1s/q  cum_tps=34.3 tok/s  tokens=2
  Q: Write an interesting and detailed backstory for my half-elf ranger character for...
  A: 

[173/200] last=2.0s avg=7.1s/q  cum_tps=34.3 tok/s  tokens=70
  Q: In this math problem, we are asked to figure out the percentage of total profits...
  A: To solve this question, we need to add all four percentages together and divide by four. This is because we are looking ...
[174/200] last=3.8s avg=7.1s/q  cum_tps=34.3 tok/s  tokens=128
  Q: Why is it a bad idea to give a mouse a cookie?
  A: It is considered a bad idea to give a mouse a cookie because cookies can pose a health risk to mice. While humans enjoy ...
[175/200] last=1.0s avg=7.1s/q  cum_tps=34.3 tok/s  tokens=42
  Q: which second messenger molecule acts on the endoplasmic reticulum to release cal...
  A: 1. Cyclic AMP (cAMP)
2. IP3
3. Diacylglycerol (DAG)
4. cGMP
Answer: 2. IP3

[176/200] last=17.8s avg=7.1s/q  cum_tps=34.2 tok/s  tokens=566
  Q: How can anti-deressants make people think or act suicidally? Suicidal thoughts o...
  A: Short answer: antidepressants don’t “control” your mind. They change brain chemistry and circuitry in ways that usually ...
[177/200] last=23.2s avg=7.2s/q  cum_tps=34.2 tok/s  tokens=705
  Q: Create a lesson plan in two different levels: in CEFR A1 and A2 on the topic of ...
  A: Lesson Plan: Friendship - CEFR Level A1 & A2
=====================================================

Title: Exploring Fri...
[178/200] last=13.7s avg=7.2s/q  cum_tps=34.1 tok/s  tokens=420
  Q: Draft a ministerial speech outlining the top five benefits that innovation bring...
  A: **Speech by the Hon. [Minister’s Name], Minister for Industry, Science and Innovation**
**Event: National Innovation Sum...
[179/200] last=5.6s avg=7.2s/q  cum_tps=34.2 tok/s  tokens=223
  Q: Is online casino legal in India?
  A: The legal status of online casino in India is a complex and evolving topic. At the federal level, gambling is governed b...
[180/200] last=4.3s avg=7.2s/q  cum_tps=34.2 tok/s  tokens=134
  Q: Write a section for an award application detailing how photography has insipired...
  A: Section 3: Inspiring Creativity and Self-expression through Photography

Photography has profoundly influenced my person...
[181/200] last=53.4s avg=7.5s/q  cum_tps=33.9 tok/s  tokens=1504
  Q: I want to eventually become a plant/manufacturing/production manager, and eventu...
  A: 

Becoming a Chief Operating Officer (COO) or a Plant/Manufacturing/Production Manager is a multifaceted journey that re...
[182/200] last=7.4s avg=7.5s/q  cum_tps=34.0 tok/s  tokens=326
  Q: explain the basics of area and perimeter
  A: Area and perimeter are two fundamental concepts in geometry that describe the dimensions of a two-dimensional shape. The...
[183/200] last=25.3s avg=7.6s/q  cum_tps=33.8 tok/s  tokens=681
  Q: Write a story about Anakin Skywalker encountering a Jedi who speaks and acts lik...
  A: In the heart of the Coruscant Jedi Temple, a peculiar figure made his way through the grand halls, exuding an aura of so...
[184/200] last=10.2s avg=7.6s/q  cum_tps=33.8 tok/s  tokens=319
  Q: what are the possible performance issues in a learning program on cross cultural...
  A: When it comes to cross-cultural communication training, there are a number of potential performance issues that may aris...
[185/200] last=6.2s avg=7.6s/q  cum_tps=33.8 tok/s  tokens=207
  Q: write description for 925 sterling silver miami cuban link chain
  A: 



Description:

Experience the timeless elegance of our 925 Sterling Silver Miami Cuban Link Chain, meticulously craft...
[186/200] last=6.8s avg=7.6s/q  cum_tps=33.9 tok/s  tokens=302
  Q: cost of fuel for a 14 mile journey in a car with 48mpg, fuel costs 625 pence per...
  A: Step 1: Calculate the effective mpg during the journey considering the heavy traffic for half the journey. Assuming that...
[187/200] last=9.6s avg=7.6s/q  cum_tps=33.8 tok/s  tokens=287
  Q: How does money go from my pocket, through the stock market, and to support the b...
  A: Answer 1: It doesn't. You don't actually give money to the company when you buy stock. The stock market is not a charity...
[188/200] last=9.0s avg=7.6s/q  cum_tps=33.8 tok/s  tokens=256
  Q: Can you provide a list of health food brands owned by Hispanic founders
  A: Here are 12 Hispanic-founded health food brands to support and celebrate their entrepreneurial spirit and cultural contr...
[189/200] last=63.2s avg=7.9s/q  cum_tps=33.6 tok/s  tokens=1764
  Q: 63-year-old male with diabetes for seven to eight years (BbA1c consistently betw...
  A: Disclaimer: I am an AI medical assistant and cannot replace professional medical advice. The following information is ba...
[190/200] last=5.4s avg=7.9s/q  cum_tps=33.5 tok/s  tokens=165
  Q: What if people only valued and took pride in the things that were true about the...
  A: If people only valued and took pride in the things that are true about themselves, it would foster a more authentic and ...
[191/200] last=0.2s avg=7.8s/q  cum_tps=33.5 tok/s  tokens=5
  Q: It's officially 2023, and as we enter a brand new year, what better time to set ...
  A: Peak Performers

[192/200] last=6.3s avg=7.8s/q  cum_tps=33.5 tok/s  tokens=221
  Q: I need to learn English could you help me and make a exercise
  A: Of course, I'd be happy to help you learn English. Here's a simple exercise to get you started. This exercise includes v...
[193/200] last=4.8s avg=7.8s/q  cum_tps=33.5 tok/s  tokens=147
  Q: Why does warmth make you feel tired?
  A: Warmth can make you feel tired for various reasons related to physiological and environmental factors. When exposed to w...
[194/200] last=7.2s avg=7.8s/q  cum_tps=33.5 tok/s  tokens=231
  Q: write an article informing customer of my saas software that this currently is  ...
  A: Here is a draft article informing customers about the beta version of your SaaS software:
---

**Exciting Beta Release: ...
[195/200] last=14.8s avg=7.8s/q  cum_tps=33.6 tok/s  tokens=555
  Q: Explain me the Finite Elemente Method
  A: Assistant response:
The Finite Element Method (FEM) is a numerical technique used to find approximate solutions to compl...
[196/200] last=1.1s avg=7.8s/q  cum_tps=33.6 tok/s  tokens=32
  Q: I've put a plate on top of an apple, and take the plate from kitchen to dinning ...
  A: The apple is still on the plate because you moved both together. If the apple fell during the trip, the answer would dep...
[197/200] last=12.9s avg=7.8s/q  cum_tps=33.6 tok/s  tokens=447
  Q: Introduce the ”financial markets and institutions“ by Frederic S. Mishkin
  A: 
Frederic S. Mishkin's book "The Economics of Money, Banking, and Financial Markets" (often referred to as "Financial Ma...
[198/200] last=5.3s avg=7.8s/q  cum_tps=33.6 tok/s  tokens=181
  Q: when are hops added to the brewing process?
  A: Hops are added at different stages of the brewing process depending on the desired flavor and aroma contribution. There ...
[199/200] last=2.8s avg=7.8s/q  cum_tps=33.6 tok/s  tokens=125
  Q: Can a Liebherr LTM 11200-9.1 hypothetically lift Mount everest
  A: No, a Liebherr LTM 11200-9.1 crawler crane, despite being one of the most powerful cranes in the world, cannot hypotheti...
[200/200] last=0.1s avg=7.8s/q  cum_tps=33.6 tok/s  tokens=3
  Q: Write "Test"
  A: Test


=== summary ===
  saved 200 results to exp/alpaca-0gm35b-b2-inproc-20260609/alpaca_0gm35b_b2_nosia_20260609_081640.json
  errors: 0
  total tokens: 52115
  total wall time: 1551s (25.9 min)
  throughput: 33.6 tok/s
