loaded 200 prompts from data/alpaca_eval/alpaca_eval.json
base_url    : http://localhost:8000/v1
model       : 0GM-1.0-35B-A3B-0427
max_tokens  : 2048
temperature : 1.0
top_p / top_k / rep_penalty: 0.95 / 20 / 1.0
disable_thinking: False
no_think_prompt : False
sia_weight / sia_topk / sia_entropy_threshold: None / None / None
output      : exp/alpaca-0gm35b-b2-inproc-20260609/alpaca_0gm35b_b2_08_sia.json
------------------------------------------------------------
[1/200] last=54.7s avg=54.7s/q  cum_tps=37.4 tok/s  tokens=2048
  Q: What are the names of some famous actors that started their careers on Broadway?
  A: Here's a thinking process:

1.  **Understand User Query**: The user is asking for names of famous actors who started the...
[2/200] last=55.9s avg=55.3s/q  cum_tps=35.9 tok/s  tokens=1922
  Q: How did US states get their names?
  A: Here's a thinking process:

1.  **Understand User Question**: The user asks "How did US states get their names?" This is...
[3/200] last=41.2s avg=50.6s/q  cum_tps=36.6 tok/s  tokens=1592
  Q: Hi, my sister and her girlfriends want me to play kickball with them. Can you ex...
  A: Here's a thinking process:

1.  **Understand User Request:**
   - User wants to learn how to play kickball
   - Wants a ...
[4/200] last=51.8s avg=50.9s/q  cum_tps=37.4 tok/s  tokens=2048
  Q: What is some cool music from the 1920s?
  A: Here's a thinking process:

1.  **Understand User Query**: The user is asking for "cool music from the 1920s". This is a...
[5/200] last=32.1s avg=47.1s/q  cum_tps=37.5 tok/s  tokens=1235
  Q: How do I wrap a present neatly?
  A: Here's a thinking process:

1.  **Understand User Request**: The user wants to know how to wrap a present neatly. This i...
[6/200] last=30.7s avg=44.4s/q  cum_tps=37.8 tok/s  tokens=1232
  Q: How do I dice without slicing my finger
  A: Here's a thinking process:

1.  **Understand User Request:** The user wants to know how to dice safely without slicing t...
[7/200] last=18.4s avg=40.7s/q  cum_tps=38.1 tok/s  tokens=782
  Q: Hi, I'm trying to solve a crossword puzzle, but I've never done one of these bef...
  A: Here's a thinking process:

1.  **Analyze User Input:**
   - User wants help solving a crossword puzzle
   - They've nev...
[8/200] last=22.6s avg=38.4s/q  cum_tps=38.5 tok/s  tokens=967
  Q: Who is Larry Page?
  A: Here's a thinking process:

1.  **Identify the User's Question**: The user asks "Who is Larry Page?"

2.  **Key Informat...
[9/200] last=38.7s avg=38.5s/q  cum_tps=38.4 tok/s  tokens=1459
  Q: What are different drawers I should have for clothes?
  A: Here's a thinking process:

1.  **Understand User Query**: The user is asking about "different drawers I should have for...
[10/200] last=51.5s avg=39.8s/q  cum_tps=38.6 tok/s  tokens=2048
  Q: I like to host guests at my home from time to time, and I am gathering  recipes ...
  A: Here's a thinking process:

1.  **Understand User Request:**
   - User hosts guests at home occasionally
   - Wants reci...
[11/200] last=34.3s avg=39.3s/q  cum_tps=38.9 tok/s  tokens=1468
  Q: do you think retinoid is effective on removing the acne? because I have a lot of...
  A: Here's a thinking process:

1.  **Understand User Query**: The user is asking about the effectiveness of retinoids for a...
[12/200] last=44.9s avg=39.7s/q  cum_tps=38.5 tok/s  tokens=1545
  Q: I'm trying to teach myself to have nicer handwriting. Can you help?
  A: Here's a thinking process:

1.  **Understand User Request:**
   - User wants to teach themselves to have "nicer handwrit...
[13/200] last=54.9s avg=40.9s/q  cum_tps=38.3 tok/s  tokens=2030
  Q: I like to host guests at my home from time to time, and I am gathering  recipes ...
  A: Here's a thinking process:

1.  **Understand User Request:**
   - User hosts guests occasionally
   - Wants recipes for ...
[14/200] last=41.7s avg=41.0s/q  cum_tps=38.8 tok/s  tokens=1871
  Q: What are the best exercises for beginners?
  A: Here's a thinking process:

1.  **Understand User Query**: The user is asking for "the best exercises for beginners." Th...
[15/200] last=32.2s avg=40.4s/q  cum_tps=38.7 tok/s  tokens=1188
  Q: Do you know why turkeys became the official food of thanksgiving?
  A: Here's a thinking process:

1.  **Understand User Question**: The user is asking about the historical reason why turkeys...
[16/200] last=56.5s avg=41.4s/q  cum_tps=38.4 tok/s  tokens=2027
  Q: I want to get better at networking at work
  A: Here's a thinking process:

1.  **Understand User Goal**: The user wants to "get better at networking at work." This is ...
[17/200] last=52.6s avg=42.1s/q  cum_tps=38.5 tok/s  tokens=2048
  Q: Are there any weird Christmas traditions?
  A: Here's a thinking process:

1.  **Understand User Query**: The user asks "Are there any weird Christmas traditions?" The...
[18/200] last=45.7s avg=42.3s/q  cum_tps=38.6 tok/s  tokens=1843
  Q: Hi, I'm interested in learning to play badminton. Can you explain the game to me...
  A: Here's a thinking process:

1.  **Understand User Request:** The user wants to learn badminton and is asking for an expl...
[19/200] last=19.1s avg=41.0s/q  cum_tps=38.6 tok/s  tokens=778
  Q: Do you know why cats always rub up against your legs?
  A: Here's a thinking process:

1.  **Understand User Query**: The user is asking about why cats rub against their legs. Thi...
[20/200] last=61.4s avg=42.1s/q  cum_tps=38.3 tok/s  tokens=2048
  Q: I am going to try to roast a pig at home for Thanksgiving this year. What equipm...
  A: Here's a thinking process:

1.  **Understand User Goal**: The user wants to roast a whole pig at home for Thanksgiving. ...
[21/200] last=37.2s avg=41.8s/q  cum_tps=38.4 tok/s  tokens=1529
  Q: Help me find a good rated electric saw.
  A: Here's a thinking process:

1.  **Understand User Request:**
   - User wants a "good rated electric saw"
   - This is qu...
[22/200] last=59.5s avg=42.6s/q  cum_tps=38.1 tok/s  tokens=2000
  Q: What are some artists I might like if I like Billy Joel?
  A: Here's a thinking process:

1.  **Analyze User Query:**
   - **User likes:** Billy Joel
   - **Request:** Artists they m...
[23/200] last=24.6s avg=41.8s/q  cum_tps=38.3 tok/s  tokens=1119
  Q: What type of soil is suitable for cactus?
  A: Here's a thinking process:

1.  **Understand User Query**: The user asks "What type of soil is suitable for cactus?" Thi...
[24/200] last=52.0s avg=42.3s/q  cum_tps=38.1 tok/s  tokens=1813
  Q: How do you become an author?
  A: Here's a thinking process:

1.  **Understand User Query**: The user asks "How do you become an author?" This is a broad,...
[25/200] last=32.6s avg=41.9s/q  cum_tps=38.2 tok/s  tokens=1378
  Q: What breed dog is smallest?
  A: Here's a thinking process:

1.  **Understand User Question**: The user is asking "What breed dog is smallest?" This is a...
[26/200] last=50.6s avg=42.2s/q  cum_tps=38.3 tok/s  tokens=2030
  Q: What are some species of bears that are now extinct?
  A: Here's a thinking process:

1.  **Understand User Query**: The user is asking for "some species of bears that are now ex...
[27/200] last=18.7s avg=41.3s/q  cum_tps=38.5 tok/s  tokens=892
  Q: What causes the northern lights?
  A: Here's a thinking process:

1.  **Understand User Question**: The user asks "What causes the northern lights?" - a strai...
[28/200] last=53.5s avg=41.8s/q  cum_tps=38.5 tok/s  tokens=2048
  Q: What are some good foods to eat when you are sick? I am looking for something to...
  A: Here's a thinking process:

1.  **Understand User Request:**
   - **Goal:** Find good foods to eat when sick
   - **Cont...
[29/200] last=43.0s avg=41.8s/q  cum_tps=38.4 tok/s  tokens=1576
  Q: Why is kobe beef so damn expensive?
  A: Here's a thinking process:

1.  **Understand User Query**: The user is asking why Kobe beef is so expensive. They used c...
[30/200] last=24.6s avg=41.3s/q  cum_tps=38.5 tok/s  tokens=1137
  Q: How do I clean my armpits?
  A: Here's a thinking process:

1.  **Understand User Query:** The user is asking "How do I clean my armpits?" This is a str...
[31/200] last=39.4s avg=41.2s/q  cum_tps=38.6 tok/s  tokens=1617
  Q: How do I detail a car?
  A: Here's a thinking process:

1.  **Understand User Query**: The user is asking "How do I detail a car?" This is a broad b...
[32/200] last=47.5s avg=41.4s/q  cum_tps=38.7 tok/s  tokens=1958
  Q: I am going to make pumpkin pie for the first time.  Can you help me?
  A: Here's a thinking process:

1.  **Understand User Request**: The user wants to make pumpkin pie for the first time and i...
[33/200] last=40.7s avg=41.4s/q  cum_tps=38.8 tok/s  tokens=1665
  Q: What kind of foods do they eat in Thailand
  A: Here's a thinking process:

1.  **Understand User Query**: The user is asking "What kind of foods do they eat in Thailan...
[34/200] last=53.9s avg=41.7s/q  cum_tps=38.7 tok/s  tokens=2048
  Q: What are some good browser alternatives to Chrome?
  A: Here's a thinking process:

1.  **Understand User Query**: The user is asking for "good browser alternatives to Chrome."...
[35/200] last=8.6s avg=40.8s/q  cum_tps=38.8 tok/s  tokens=413
  Q: Who created the Superman cartoon character?
  A: Here's a thinking process:

1.  **Identify the core question**: The user asks "Who created the Superman cartoon characte...
[36/200] last=20.3s avg=40.2s/q  cum_tps=38.8 tok/s  tokens=835
  Q: What is Atlantis?
  A: Here's a thinking process:

1.  **Understand User Query**: The user asks "What is Atlantis?" This is a straightforward f...
[37/200] last=50.1s avg=40.5s/q  cum_tps=38.8 tok/s  tokens=1861
  Q: How do I make escargot?
  A: Here's a thinking process:

1.  **Understand User Request**: The user is asking "How do I make escargot?" This is a culi...
[38/200] last=36.9s avg=40.4s/q  cum_tps=38.9 tok/s  tokens=1670
  Q: What exactly causes volcanoes to form?
  A: Here's a thinking process:

1.  **Understand User Question**: The user asks "What exactly causes volcanoes to form?" Thi...
[39/200] last=29.2s avg=40.1s/q  cum_tps=39.0 tok/s  tokens=1258
  Q: Hi, I have some falafel, but no tahini to put on them. Can you give me a recipe ...
  A: Here's a thinking process:

1.  **Understand User Request**: The user has falafel but no tahini, and wants a recipe to m...
[40/200] last=46.6s avg=40.3s/q  cum_tps=39.0 tok/s  tokens=1726
  Q: Should I get my children a nanny? I'm so exhausted.
  A: Here's a thinking process:

1.  **Analyze User Input:**
   - **Question:** "Should I get my children a nanny?"
   - **Co...
[41/200] last=24.5s avg=39.9s/q  cum_tps=39.0 tok/s  tokens=1077
  Q: When was Canada colonized?
  A: Here's a thinking process:

1.  **Analyze User Question:** The user asks "When was Canada colonized?"
2.  **Identify Key...
[42/200] last=48.6s avg=40.1s/q  cum_tps=39.0 tok/s  tokens=1815
  Q: How can I  use my phone less?
  A: Here's a thinking process:

1.  **Understand User Goal:** The user wants to know how to use their phone less. This is a ...
[43/200] last=52.5s avg=40.4s/q  cum_tps=39.0 tok/s  tokens=2048
  Q: How did mankind discover that the earth was spherical, and why did they initiall...
  A: Here's a thinking process:

1.  **Analyze User Question:**
   - **Core Question 1:** How did mankind discover that the E...
[44/200] last=25.9s avg=40.1s/q  cum_tps=39.0 tok/s  tokens=1087
  Q: What is Gremolata?
  A: Here's a thinking process:

1.  **Understand User Query**: The user is asking "What is Gremolata?" This is a straightfor...
[45/200] last=42.4s avg=40.1s/q  cum_tps=38.9 tok/s  tokens=1477
  Q: Why did humans evolve to believe in God?
  A: Here's a thinking process:

1.  **Analyze User Question**: The user asks "Why did humans evolve to believe in God?" This...
[46/200] last=44.7s avg=40.2s/q  cum_tps=38.9 tok/s  tokens=1659
  Q: what should i build a cabin out of?
  A: Here's a thinking process:

1.  **Understand User Query:** The user is asking "what should i build a cabin out of?" This...
[47/200] last=46.4s avg=40.3s/q  cum_tps=38.8 tok/s  tokens=1727
  Q: Why do a lot of Scientists not believe in God or Satan?
  A: Here's a thinking process:

1.  **Understand the User's Question**: The user asks why many scientists don't believe in G...
[48/200] last=48.2s avg=40.5s/q  cum_tps=38.9 tok/s  tokens=2048
  Q: I like to host guests at my home from time to time, and I am gathering  recipes ...
  A: Here's a thinking process:

1.  **Understand User Request:**
   - User wants to host guests and is gathering recipes fro...
[49/200] last=23.9s avg=40.2s/q  cum_tps=39.0 tok/s  tokens=1057
  Q: Why can I see the moon during the day?
  A: Here's a thinking process:

1.  **Understand User Question**: The user is asking why the moon can be seen during the day...
[50/200] last=40.3s avg=40.2s/q  cum_tps=39.0 tok/s  tokens=1665
  Q: How do I take care of a wooden table?
  A: Here's a thinking process:

1.  **Understand User Query**: The user is asking for guidance on how to care for a wooden t...
[51/200] last=12.1s avg=39.6s/q  cum_tps=39.1 tok/s  tokens=624
  Q: What year was the Yamato Battleship built?
  A: Here's a thinking process:

1.  **Identify the Core Question**: The user is asking about the construction/completion yea...
[52/200] last=12.3s avg=39.1s/q  cum_tps=39.1 tok/s  tokens=530
  Q: Did they ever announce the release date for the new elder scrolls game?
  A: Here's a thinking process:

1.  **Understand User Query**: The user is asking about the release date announcement for th...
[53/200] last=46.9s avg=39.2s/q  cum_tps=39.1 tok/s  tokens=1789
  Q: I like to host guests at my home from time to time, and I am gathering  recipes ...
  A: Here's a thinking process:

1.  **Understand User Request:**
   - User hosts guests occasionally
   - Wants recipes for ...
[54/200] last=57.8s avg=39.6s/q  cum_tps=39.0 tok/s  tokens=2048
  Q: Please tell me about the romantic relationship between Julius Caesar and Cleopat...
  A: Here's a thinking process:

1.  **Understand User Query**: The user is asking about the romantic relationship between Ju...
[55/200] last=24.8s avg=39.3s/q  cum_tps=39.1 tok/s  tokens=1119
  Q: Hi, I'm in the mood for a Bloody Mary. Can you give me a recipe for making one?
  A: Here's a thinking process:

1.  **Understand User Request**: The user wants a recipe for a Bloody Mary cocktail.
2.  **I...
[56/200] last=54.6s avg=39.6s/q  cum_tps=39.0 tok/s  tokens=2048
  Q: What are some famous world music artists?
  A: Here's a thinking process:

1.  **Understand User Query:** The user asks for "famous world music artists." I need to pro...
[57/200] last=51.7s avg=39.8s/q  cum_tps=38.9 tok/s  tokens=1729
  Q: what are some good ways to spread ashes?
  A: Here's a thinking process:

1.  **Understand User Query**: The user is asking about "good ways to spread ashes" (cremati...
[58/200] last=47.6s avg=39.9s/q  cum_tps=38.9 tok/s  tokens=1762
  Q: I like to host guests at my home from time to time, and I am gathering  recipes ...
  A: Here's a thinking process:

1.  **Understand User Request:**
   - User hosts guests occasionally
   - Wants to try Ukrai...
[59/200] last=49.0s avg=40.1s/q  cum_tps=38.9 tok/s  tokens=1978
  Q: I like to host guests at my home from time to time, and I am gathering  recipes ...
  A: Here's a thinking process:

1.  **Understand User Request:**
   - User hosts guests at home occasionally
   - Wants reci...
[60/200] last=57.0s avg=40.4s/q  cum_tps=38.8 tok/s  tokens=1882
  Q: I've read the book "The Twelve Caesars" by Suetonius, a few times. I'm curious a...
  A: Here's a thinking process:

1.  **Understand User Query:** The user has read "The Twelve Caesars" by Suetonius multiple ...
[61/200] last=58.4s avg=40.7s/q  cum_tps=38.7 tok/s  tokens=2035
  Q: Please tell me the history of Walt Disney.
  A: Here's a thinking process:

1.  **Understand User Request**: The user is asking for "the history of Walt Disney." This i...
[62/200] last=48.4s avg=40.8s/q  cum_tps=38.7 tok/s  tokens=1850
  Q: Can you help me figure out how to sew a button on a shirt?
  A: Here's a thinking process:

1.  **Understand User Request**: The user wants to know how to sew a button onto a shirt. Th...
[63/200] last=63.3s avg=41.2s/q  cum_tps=38.5 tok/s  tokens=2048
  Q: How did serial killers get away with murder for so long in the 70s and 80s?
  A: Here's a thinking process:

1.  **Understand User Query**: The user is asking about why serial killers were able to evad...
[64/200] last=38.6s avg=41.1s/q  cum_tps=38.5 tok/s  tokens=1585
  Q: How do I make apple juice?
  A: Here's a thinking process:

1.  **Understand User Request**: The user is asking "How do I make apple juice?" This is a s...
[65/200] last=45.6s avg=41.2s/q  cum_tps=38.5 tok/s  tokens=1702
  Q: I like to host guests at my home from time to time, and I am gathering  recipes ...
  A: Here's a thinking process:

1.  **Analyze User Request:**
   - **Goal:** Host guests at home, gathering recipes for vari...
[66/200] last=26.2s avg=41.0s/q  cum_tps=38.6 tok/s  tokens=1090
  Q: How can I make bubble solution?
  A: Here's a thinking process:

1.  **Understand User Request**: The user wants to know how to make bubble solution. This is...
[67/200] last=35.4s avg=40.9s/q  cum_tps=38.6 tok/s  tokens=1428
  Q: How to make frosting with crisco
  A: Here's a thinking process:

1.  **Understand User Request:** The user wants to know how to make frosting using Crisco (s...
[68/200] last=49.0s avg=41.0s/q  cum_tps=38.6 tok/s  tokens=2048
  Q: I like to host guests at my home from time to time, and I am gathering  recipes ...
  A: Here's a thinking process:

1.  **Understand User Request:**
   - User wants to host guests and is collecting recipes
  ...
[69/200] last=48.0s avg=41.1s/q  cum_tps=38.7 tok/s  tokens=1946
  Q: I want to learn more about airplanes. How were they created?
  A: Here's a thinking process:

1.  **Understand User Request:** The user wants to learn about airplanes, specifically how t...
[70/200] last=22.8s avg=40.8s/q  cum_tps=38.7 tok/s  tokens=1050
  Q: Can you tell me a very easy to way clean a showerhead?
  A: Here's a thinking process:

1.  **Understand User Request:** The user wants a "very easy way to clean a showerhead." Key...
[71/200] last=9.6s avg=40.4s/q  cum_tps=38.8 tok/s  tokens=520
  Q: Please give me a list of planets in our solar system.  I am going to choose whic...
  A: Here's a thinking process:

1.  **Understand User Request**: The user wants a list of planets in our solar system so the...
[72/200] last=27.8s avg=40.2s/q  cum_tps=38.8 tok/s  tokens=1250
  Q: Who was the first lead vocal for the rock band Starship?
  A: Here's a thinking process:

1.  **Identify the core question**: The user asks "Who was the first lead vocal for the rock...
[73/200] last=48.1s avg=40.3s/q  cum_tps=38.9 tok/s  tokens=2048
  Q: I need to get my nephew a birthday gift. I'm thinking of giving him a game for h...
  A: Here's a thinking process:

1.  **Understand User Request:**
   - **Recipient:** Nephew (age not specified, but Nintendo...
[74/200] last=35.8s avg=40.3s/q  cum_tps=38.9 tok/s  tokens=1367
  Q: Best way to defrost a refrigerator freezer?
  A: Here's a thinking process:

1.  **Understand User Query**: The user is asking for the "best way to defrost a refrigerato...
[75/200] last=1.4s avg=39.8s/q  cum_tps=38.9 tok/s  tokens=67
  Q: What are some toys I can buy my kids for imaginative play?
  A: Here's a thinking process:

1.  **Understand User Request:**
   - **Topic:** Toys for imaginative play
   - **Target Aud...
[76/200] last=36.4s avg=39.7s/q  cum_tps=38.9 tok/s  tokens=1522
  Q: How do I know if my house has a water leak?
  A: Here's a thinking process:

1.  **Understand User Query:** The user is asking how to detect if their house has a water l...
[77/200] last=50.1s avg=39.8s/q  cum_tps=39.0 tok/s  tokens=2048
  Q: I like to host guests at my home from time to time, and I am gathering  recipes ...
  A: Here's a thinking process:

1.  **Analyze User Request:**
   - **Goal:** Recipe for Vitel toné
   - **Cuisine:** Uruguay...
[78/200] last=48.0s avg=40.0s/q  cum_tps=39.0 tok/s  tokens=2048
  Q: I like to host guests at my home from time to time, and I am gathering  recipes ...
  A: Here's a thinking process:

1.  **Analyze User Request:**
   - **Goal:** Recipe for Opor Ayam (an Indonesian dish)
   - ...
[79/200] last=41.0s avg=40.0s/q  cum_tps=39.0 tok/s  tokens=1649
  Q: What do the different octane values of gasoline mean?
  A: Here's a thinking process:

1.  **Understand User Query**: The user asks "What do the different octane values of gasolin...
[80/200] last=44.1s avg=40.0s/q  cum_tps=39.0 tok/s  tokens=1567
  Q: How can I fix a leaking roof?
  A: Here's a thinking process:

1.  **Understand User Query**: The user is asking "How can I fix a leaking roof?" This is a ...
[81/200] last=33.0s avg=39.9s/q  cum_tps=39.0 tok/s  tokens=1389
  Q: I have a hard time falling asleep.  Is there any type of music that can help me ...
  A: Here's a thinking process:

1.  **Understand User Query**: The user is asking if there's a type of music that can help t...
[82/200] last=57.1s avg=40.1s/q  cum_tps=39.0 tok/s  tokens=2048
  Q: What are places to visit in Montgomery, Alabama?
  A: Here's a thinking process:

1.  **Understand User Request:** The user is asking for "places to visit in Montgomery, Alab...
[83/200] last=55.8s avg=40.3s/q  cum_tps=38.9 tok/s  tokens=2048
  Q: Hi, I've decided to keep a rat as a pet. How do I house, feed, and otherwise car...
  A: Here's a thinking process:

1.  **Understand User Request:**
   - User wants to keep a rat as a pet
   - Needs comprehen...
[84/200] last=46.7s avg=40.4s/q  cum_tps=38.9 tok/s  tokens=1719
  Q: How do you get water in the desert?
  A: Here's a thinking process:

1.  **Understand User Query:** The user asks "How do you get water in the desert?" This is a...
[85/200] last=58.3s avg=40.6s/q  cum_tps=38.8 tok/s  tokens=1909
  Q: How do I get better at aiming with my slingshot?
  A: Here's a thinking process:

1.  **Understand User Query**: The user wants to improve their aiming skills with a slingsho...
[86/200] last=51.0s avg=40.7s/q  cum_tps=38.8 tok/s  tokens=2048
  Q: I like to host guests at my home from time to time, and I am gathering  recipes ...
  A: Here's a thinking process:

1.  **Understand User Request:**
   - User wants to host guests occasionally
   - Looking fo...
[87/200] last=52.0s avg=40.9s/q  cum_tps=38.7 tok/s  tokens=1728
  Q: I have my grandfather's antique fountain pen and a bottle of ink, but have never...
  A: Here's a thinking process:

1.  **Understand User's Request:**
   - User has an antique fountain pen and a bottle of ink...
[88/200] last=52.6s avg=41.0s/q  cum_tps=38.7 tok/s  tokens=1911
  Q: Hi, I'd like to play ice hockey. Can you explain how the game works?
  A: Here's a thinking process:

1.  **Understand User Request:** The user wants to learn how ice hockey works. They're askin...
[89/200] last=15.6s avg=40.7s/q  cum_tps=38.7 tok/s  tokens=796
  Q: What is kevlar made out of?
  A: Here's a thinking process:

1.  **Understand User Question**: The user asks "What is kevlar made out of?" This is a stra...
[90/200] last=57.1s avg=40.9s/q  cum_tps=38.7 tok/s  tokens=2023
  Q: Hi, I'd like to learn how to play racquetball. Can you explain the game to me?
  A: Here's a thinking process:

1.  **Understand User Request**: The user wants to learn how to play racquetball and is aski...
[91/200] last=49.4s avg=41.0s/q  cum_tps=38.7 tok/s  tokens=2048
  Q: What are some  good books to buy for a sci fi fan?
  A: Here's a thinking process:

1.  **Understand User Request:**
   - **Genre:** Science Fiction (Sci-Fi)
   - **Goal:** Rec...
[92/200] last=19.0s avg=40.8s/q  cum_tps=38.8 tok/s  tokens=882
  Q: When were smart phones first made?
  A: Here's a thinking process:

1.  **Understand User Query**: The user asks "When were smart phones first made?" This is a ...
[93/200] last=46.7s avg=40.8s/q  cum_tps=38.8 tok/s  tokens=2048
  Q: Hi, I'd like to learn to bake challah. Can you give me a recipe for that?
  A: Here's a thinking process:

1.  **Understand User Request**: The user wants to learn to bake challah and is asking for a...
[94/200] last=13.3s avg=40.5s/q  cum_tps=38.8 tok/s  tokens=543
  Q: Did Facebook corporation change its name?
  A: Here's a thinking process:

1.  **Identify the User's Question**: The user asks "Did Facebook corporation change its nam...
[95/200] last=53.7s avg=40.7s/q  cum_tps=38.8 tok/s  tokens=2048
  Q: I like to host guests at my home from time to time, and I am gathering  recipes ...
  A: Here's a thinking process:

1.  **Understand User Request:**
   - User hosts guests occasionally and wants recipes to ke...
[96/200] last=53.7s avg=40.8s/q  cum_tps=38.8 tok/s  tokens=1913
  Q: I want to start saving some money by growing my own food. Can I do this during t...
  A: Here's a thinking process:

1.  **Understand User Goal**: The user wants to save money by growing their own food, specif...
[97/200] last=37.8s avg=40.8s/q  cum_tps=38.8 tok/s  tokens=1395
  Q: How can I spice things up in the bedroom?
  A: Here's a thinking process:

1.  **Analyze User Input:**
   - **Topic:** Spicing things up in the bedroom
   - **Intent:*...
[98/200] last=23.4s avg=40.6s/q  cum_tps=38.8 tok/s  tokens=1090
  Q: Is human blood ever any color other than red?
  A: Here's a thinking process:

1.  **Understand the User's Question:** The user asks if human blood is ever any color other...
[99/200] last=39.2s avg=40.6s/q  cum_tps=38.8 tok/s  tokens=1547
  Q: Please tell me about pearls.  Where are they found?
  A: Here's a thinking process:

1.  **Understand User Query:** The user asks two things:
   - "Please tell me about pearls."...
[100/200] last=35.0s avg=40.5s/q  cum_tps=38.8 tok/s  tokens=1399
  Q: What are some herbs I can dry out?
  A: Here's a thinking process:

1.  **Understand User Query:** The user is asking for herbs that can be dried out. This is a...
[101/200] last=49.7s avg=40.6s/q  cum_tps=38.8 tok/s  tokens=2004
  Q: I like to host guests at my home from time to time, and I am gathering  recipes ...
  A: Here's a thinking process:

1.  **Understand User Request:**
   - User wants to host guests and is gathering recipes
   ...
[102/200] last=51.4s avg=40.7s/q  cum_tps=38.7 tok/s  tokens=1560
  Q: What is a scary Halloween costume idea?
  A: Here's a thinking process:

1.  **Understand User Request:** The user is asking for a "scary Halloween costume idea." Th...
[103/200] last=22.8s avg=40.6s/q  cum_tps=38.8 tok/s  tokens=1097
  Q: Whats the largest star in our galaxy?
  A: Here's a thinking process:

1.  **Understand User Question**: The user asks "Whats the largest star in our galaxy?" refe...
[104/200] last=35.1s avg=40.5s/q  cum_tps=38.8 tok/s  tokens=1358
  Q: I'm trying to draw out a hopscotch game on my driveway. Can you walk me through ...
  A: Here's a thinking process:

1.  **Understand User Request**: The user wants to draw a hopscotch game on their driveway a...
[105/200] last=22.7s avg=40.3s/q  cum_tps=38.8 tok/s  tokens=1108
  Q: Can you tell me how to make chocolate chip cookies?
  A: Here's a thinking process:

1.  **Understand User Request**: The user wants a recipe for chocolate chip cookies.
2.  **I...
[106/200] last=12.8s avg=40.1s/q  cum_tps=38.9 tok/s  tokens=685
  Q: Where is Indonesia?
  A: Here's a thinking process:

1.  **Understand User Question**: The user asks "Where is Indonesia?" - a straightforward ge...
[107/200] last=22.0s avg=39.9s/q  cum_tps=38.9 tok/s  tokens=1035
  Q: Hi, I need to find the area of a 20 sided die for my math homework. Can you help...
  A: Here's a thinking process:

1.  **Understand User Request**: The user wants to find the "area" of a 20-sided die (icosah...
[108/200] last=43.2s avg=39.9s/q  cum_tps=38.9 tok/s  tokens=1596
  Q: I'm trying to learn how to install window blinds.
  A: Here's a thinking process:

1.  **Understand User Request:** The user wants to learn how to install window blinds. This ...
[109/200] last=34.1s avg=39.9s/q  cum_tps=38.9 tok/s  tokens=1361
  Q: I want to learn more about becoming a CPA. How long does it take to become a CPA...
  A: Here's a thinking process:

1.  **Understand User Query:** The user wants to know about becoming a CPA (Certified Public...
[110/200] last=34.2s avg=39.8s/q  cum_tps=38.9 tok/s  tokens=1368
  Q: I want to talk about "Smooth",  a song by Rob Thomas.
  A: Here's a thinking thinking sequence

1.  **Deconstruct and Analyze the User's Request:**
    *   Topic: "Smooth" by Rob ...
[111/200] last=65.0s avg=40.1s/q  cum_tps=38.8 tok/s  tokens=2048
  Q: I'd like you to write me a story in the style of Don Delillo, about a bunch of i...
  A: Here's a thinking process:

1.  **Analyze User Request:**
   - **Style:** Don DeLillo
   - **Characters:** Immortal cats...
[112/200] last=49.9s avg=40.1s/q  cum_tps=38.8 tok/s  tokens=2048
  Q: I like to host guests at my home from time to time, and I am gathering  recipes ...
  A: Here's a thinking process:

1.  **Understand User Request:**
   - User hosts guests at home occasionally
   - Wants to e...
[113/200] last=27.5s avg=40.0s/q  cum_tps=38.8 tok/s  tokens=1072
  Q: Is it true that the native Australians were really prisoners of England?
  A: Here's a thinking process:

1.  **Analyze User Question:**
   - **Claim:** "Native Australians were really prisoners of ...
[114/200] last=7.9s avg=39.7s/q  cum_tps=38.9 tok/s  tokens=427
  Q: What color is the sky
  A: Here's a thinking process:

1.  **Analyze User Input:** The user asks "What color is the sky"
2.  **Identify Core Questi...
[115/200] last=30.2s avg=39.7s/q  cum_tps=38.9 tok/s  tokens=1234
  Q: Is there a meaning for Christmas wreaths?
  A: Here's a thinking process:

1.  **Understand User Query**: The user is asking about the meaning/symbolism behind Christm...
[116/200] last=50.3s avg=39.8s/q  cum_tps=38.9 tok/s  tokens=2048
  Q: I like to host guests at my home from time to time, and I am gathering  recipes ...
  A: Here's a thinking process:

1.  **Understand User Request:**
   - User wants to host guests and is gathering recipes
   ...
[117/200] last=47.9s avg=39.8s/q  cum_tps=38.9 tok/s  tokens=1853
  Q: Hi, I'd like to make my own peanut brittle. Can you give me a recipe and cooking...
  A: Here's a thinking process:

1.  **Understand User Request**: The user wants a recipe and cooking instructions for homema...
[118/200] last=42.2s avg=39.8s/q  cum_tps=38.9 tok/s  tokens=1546
  Q: I'm trying to stop my neighbour's cat from coming in to my garden and fighting w...
  A: Here's a thinking process:

1.  **Understand User's Problem**: The user wants to prevent their neighbor's cat from enter...
[119/200] last=20.1s avg=39.7s/q  cum_tps=38.9 tok/s  tokens=903
  Q: does the dinosaurs really exist?
  A: Here's a thinking process:

1.  **Analyze User Input:**
   - Question: "does the dinosaurs really exist?"
   - Key eleme...
[120/200] last=45.5s avg=39.7s/q  cum_tps=38.9 tok/s  tokens=1698
  Q: what are some big cat hybrids?
  A: Here's a thinking process:

1.  **Understand User Query**: The user is asking about "big cat hybrids" - crossbreeds betw...
[121/200] last=14.1s avg=39.5s/q  cum_tps=38.9 tok/s  tokens=649
  Q: what is the name of chris tucker first movie
  A: Here's a thinking process:

1.  **Identify the User's Question**: The user is asking for the name of Chris Tucker's firs...
[122/200] last=25.4s avg=39.4s/q  cum_tps=38.9 tok/s  tokens=1082
  Q: How long does it take our eyes to fully adapt to darkness?
  A: Here's a thinking process:

1.  **Understand User Question**: The user is asking about the time it takes for human eyes ...
[123/200] last=21.6s avg=39.3s/q  cum_tps=38.9 tok/s  tokens=841
  Q: Has there been any news regarding a potential release date for Starcraft 3?
  A: Here's a thinking process:

1.  **Analyze User Query:**
   - **Topic:** StarCraft 3 (SC3)
   - **Question:** Has there b...
[124/200] last=47.9s avg=39.3s/q  cum_tps=38.9 tok/s  tokens=1825
  Q: How is oil turned into gasoline?
  A: Here's a thinking process:

1.  **Understand User Query:** The user asks "How is oil turned into gasoline?" This is a st...
[125/200] last=35.4s avg=39.3s/q  cum_tps=38.9 tok/s  tokens=1480
  Q: Can you give any tips on how to cook a juicy, medium-rare steak?
  A: Here's a thinking process:

1.  **Understand User Request:** The user wants tips on cooking a juicy, medium-rare steak. ...
[126/200] last=19.5s avg=39.1s/q  cum_tps=39.0 tok/s  tokens=912
  Q: When was hip hop invented?
  A: Here's a thinking process:

1.  **Identify the Core Question**: The user asks "When was hip hop invented?"

2.  **Define...
[127/200] last=35.4s avg=39.1s/q  cum_tps=38.9 tok/s  tokens=1310
  Q: Hi, I recently inherited a S&W 1006 and I don't even know how to load it. Can yo...
  A: Here's a thinking process:

1.  **Analyze User Input:**
   - **Firearm:** S&W 1006 (Smith & Wesson Model 1006)
   - **Re...
[128/200] last=30.4s avg=39.0s/q  cum_tps=39.0 tok/s  tokens=1256
  Q: My friend's dog just died and they're really sad. How do I comfort them?
  A: Here's a thinking process:

1.  **Understand User's Need**: The user is asking for advice on how to comfort a friend who...
[129/200] last=17.8s avg=38.9s/q  cum_tps=39.0 tok/s  tokens=658
  Q: Is the US border open to Canada?
  A: Thinking Process:

1.  **Identify the core question:** The user is asking about the current status of the US-Canada bord...
[130/200] last=45.8s avg=38.9s/q  cum_tps=39.0 tok/s  tokens=2048
  Q: Can you list the top 20 films or movies between 1930 and 1940 that are in Englis...
  A: Here's a thinking process:

1.  **Understand User Request:**
   - **Criteria:** Top 20 films/movies
   - **Time Period:*...
[131/200] last=64.1s avg=39.1s/q  cum_tps=38.9 tok/s  tokens=2048
  Q: Take MLK speech "I had a dream" but turn it into a top 100 rap song
  A: Here's a thinking thinking sequence

1.  **Deconstruct and Analyze the Source Material:**
    *   *Key Themes:* Freedom,...
[132/200] last=15.8s avg=39.0s/q  cum_tps=39.0 tok/s  tokens=828
  Q: List the layers of the TCP/IP model and for each layer identify one protocol.
  A: Here's a thinking process:

1.  **Understand User Request:**
   - **Topic:** TCP/IP model
   - **Task:** List the layers...
[133/200] last=50.0s avg=39.0s/q  cum_tps=38.9 tok/s  tokens=1791
  Q: Why can't bank use cash as capital as a buffer for potential losses?
  A: Here's a thinking process:

1.  **Understand the User's Question:** The user is asking why banks can't use cash as capit...
[134/200] last=15.7s avg=38.9s/q  cum_tps=39.0 tok/s  tokens=844
  Q: convert December 21 · 1:00 – 1:50pm pacific to asia/taipei time
  A: Here's a thinking process:

1.  **Understand User Input:**
   - Date/Time: December 21, 1:00 PM – 1:50 PM Pacific Time (...
[135/200] last=71.7s avg=39.1s/q  cum_tps=38.8 tok/s  tokens=2048
  Q: Can you tell my a story about nuclear physics like dr Seuss?
  A: Here's a thinking thinking sequence

1.  **Deconstruct and Analyze the Request:**
    *   Topic: Nuclear physics.
    * ...
[136/200] last=24.4s avg=39.0s/q  cum_tps=38.9 tok/s  tokens=1093
  Q: Message to client for accepting offer for summary video
  A: Here's a thinking process:

1.  **Analyze User Request:**
   - **Recipient:** Client
   - **Purpose:** Accepting an offe...
[137/200] last=69.9s avg=39.2s/q  cum_tps=38.7 tok/s  tokens=2048
  Q: Can you write a short story where Hildibrand Manderville somehow gets transforme...
  A: Here's a thinking thinking sequence

1.  **Deconstruct and Analyze the Request:**
    *   **Characters:** Hildibrand Man...
[138/200] last=62.2s avg=39.4s/q  cum_tps=38.7 tok/s  tokens=2048
  Q: I'm currently studying Bioengineering in Argentina, focusing on computational ne...
  A: Here's a thinking process:

1.  **Understand User Profile & Context:**
   - **Field:** Bioengineering, Computational Neu...
[139/200] last=75.8s avg=39.7s/q  cum_tps=38.5 tok/s  tokens=2048
  Q: Write an interview between a Female Film director and a journalist. Use advanced...
  A: Here's a thinking process:

1.  **Analyze User Request:**
   - **Format:** Interview between a female film director and ...
[140/200] last=56.4s avg=39.8s/q  cum_tps=38.5 tok/s  tokens=2048
  Q: Give me a sample 5 day itienary for a switzerland holiday, starting from Basel
  A: Here's a thinking thinking sequence

1.  **Deconstruct and Analyze the Request:**
    *   Goal: Sample 5-day itinerary f...
[141/200] last=58.5s avg=39.9s/q  cum_tps=38.4 tok/s  tokens=2048
  Q: explain The Death of Ivan Ilych
  A: Here's a thinking thinking sequence

1.  **Deconstruct the user's request:**
    *   Topic: "The Death of Ivan Ilych" (N...
[142/200] last=48.9s avg=40.0s/q  cum_tps=38.5 tok/s  tokens=1936
  Q: Why is it that only proteins, carbohydrates and fats are deemed to have caloric ...
  A: Here's a thinking process:

1.  **Understand User's Question:**
   - The user asks why only proteins, carbohydrates, and...
[143/200] last=31.0s avg=39.9s/q  cum_tps=38.5 tok/s  tokens=1351
  Q: Navina has $30 more to her weekly budget than her younger sister and can afford ...
  A: Here's a thinking process:

1.  **Analyze User Input:**
   - Navina has $30 more to her weekly budget than her younger s...
[144/200] last=65.1s avg=40.1s/q  cum_tps=38.4 tok/s  tokens=1869
  Q: rank the following companies by how pro-consumer they are:
Microsoft, Google, Ni...
  A: Here's a thinking process:

1.  **Understand User Request:** The user wants me to rank five companies (Microsoft, Google...
[145/200] last=12.1s avg=39.9s/q  cum_tps=38.4 tok/s  tokens=600
  Q: Anytown Bank obtaining and using consumer reports in connection with any credit ...
  A: Here's a thinking process:

1.  **Analyze User Input:**
   - The question asks about a specific banking/financial practi...
[146/200] last=51.8s avg=40.0s/q  cum_tps=38.4 tok/s  tokens=1775
  Q: I’m planning to visit Okinawa Japan from April 7th to April 10th. Do you have an...
  A: Here's a thinking process:

1.  **Analyze User Request:**
   - **Destination:** Okinawa, Japan
   - **Dates:** April 7th...
[147/200] last=50.0s avg=40.0s/q  cum_tps=38.4 tok/s  tokens=1961
  Q: I have this text: <br><br>We use professional processes. Use the photo delivery ...
  A: Here's a thinking process:

1.  **Analyze User Input:**
   - **Original Text:** 
     - Mentions professional processes,...
[148/200] last=58.4s avg=40.2s/q  cum_tps=38.3 tok/s  tokens=2048
  Q: define a new language that contains words that are with numbers and letters such...
  A: Here's a thinking process:

1.  **Understand User Request:**
   - The user wants me to "define a new language" that cont...
[149/200] last=59.0s avg=40.3s/q  cum_tps=38.3 tok/s  tokens=2048
  Q: Write me a 2000 word essay on a water safety engineering project.
  A: Here's a thinking process:

1.  **Analyze User Request:**
   - **Topic:** Water safety engineering project
   - **Length...
[150/200] last=51.7s avg=40.4s/q  cum_tps=38.3 tok/s  tokens=2048
  Q: Marie is at the music store for a store day. She bought two $50 combos. Then, fo...
  A: Here's a thinking process:

1.  **Analyze User Input:**
   - Marie is at a music store (irrelevant detail, but noted).
 ...
[151/200] last=35.8s avg=40.3s/q  cum_tps=38.3 tok/s  tokens=1576
  Q: Mick pays his teacher $800 for 40 lessons worth 2 hours each. If this will be al...
  A: Here's a thinking process:

1.  **Analyze User Input:**
   - Mick pays his teacher $800
   - 40 lessons worth 2 hours ea...
[152/200] last=61.0s avg=40.5s/q  cum_tps=38.3 tok/s  tokens=2048
  Q: How to improve instance segmentation AP metrics with human knowledge
  A: Here's a thinking process:

1.  **Understand User Query:** The user wants to know how to improve instance segmentation A...
[153/200] last=52.8s avg=40.6s/q  cum_tps=38.3 tok/s  tokens=2048
  Q: what is needed for self-sufficient living spaces
  A: Here's a thinking process:

1.  **Understand User Query:** The user asks "what is needed for self-sufficient living spac...
[154/200] last=64.4s avg=40.7s/q  cum_tps=38.2 tok/s  tokens=2048
  Q: please act like a business consultant that is doing a project of estimating the ...
  A: Here's a thinking thinking sequence

1.  **Deconstruct the User's Request:**
    *   **Role:** Business Consultant.
    ...
[155/200] last=66.5s avg=40.9s/q  cum_tps=38.1 tok/s  tokens=2048
  Q: Expand on the relation between inconsistency and ideological thinking
  A: Here's a thinking thinking sequence

1.  **Deconstruct the user's request:**
    *   Topic: Relation between inconsisten...
[156/200] last=31.5s avg=40.8s/q  cum_tps=38.1 tok/s  tokens=1154
  Q: Why do people give Reddit Gold to admins?
  A: Here's a thinking process:

1.  **Understand User Question**: The user asks "Why do people give Reddit Gold to admins?" ...
[157/200] last=55.5s avg=40.9s/q  cum_tps=38.1 tok/s  tokens=2048
  Q: Create an Annotated Bibliography, in APA citation style, with six entries descri...
  A: Here's a thinking thinking sequence

1.  **Deconstruct and Analyze the Request:**
    *   Goal: Create an Annotated Bibl...
[158/200] last=60.7s avg=41.0s/q  cum_tps=38.1 tok/s  tokens=2048
  Q: What does Nassim Nicholas Taleb say about market efficiency?
  A: Here's a thinking process:

1.  **Understand User Query**: The user asks about Nassim Nicholas Taleb's views on market e...
[159/200] last=35.9s avg=41.0s/q  cum_tps=38.1 tok/s  tokens=1377
  Q: Can a boy and girl be just be best friends only ever

  A: Here's a thinking process:

1.  **Analyze User Question:**
   - **Question:** "Can a boy and girl be just be best friend...
[160/200] last=8.2s avg=40.8s/q  cum_tps=38.1 tok/s  tokens=394
  Q: If a tree is on the top of a mountain and the mountain is far from the see then ...
  A: Here's a thinking process:

1.  **Analyze User Input:**
   - Premise 1: A tree is on the top of a mountain.
   - Premise...
[161/200] last=48.8s avg=40.9s/q  cum_tps=38.1 tok/s  tokens=1770
  Q: hat would be the reason for the popularity of youtube compared to other video sh...
  A: Here's a thinking process:

1.  **Understand User Question**: The user is asking about the reasons behind YouTube's popu...
[162/200] last=48.2s avg=40.9s/q  cum_tps=38.1 tok/s  tokens=1655
  Q: Tell me something I don’t know
  A: Here's a thinking process:

1.  **Analyze User Request:**
   - **Input:** "Tell me something I don’t know"
   - **Intent...
[163/200] last=72.4s avg=41.1s/q  cum_tps=38.0 tok/s  tokens=2048
  Q: You are a script-writer. Write a script for the opening scene of a Miami-based d...
  A: Here's a thinking thinking sequence

1.  **Deconstruct the Prompt:**
    *   Role: Script-writer.
    *   Genre: Dark co...
[164/200] last=35.3s avg=41.1s/q  cum_tps=38.0 tok/s  tokens=1470
  Q: Do you know something about the book  ＂the art of thinking clearly" wrote by Rol...
  A: Here's a thinking process:

1.  **Understand User Query**: The user is asking about the book "The Art of Thinking Clearl...
[165/200] last=57.8s avg=41.2s/q  cum_tps=38.0 tok/s  tokens=2048
  Q: antennas that transmit an equal amount of energy in the horizontal direction are...
  A: Here's a thinking process that leads to the answer:

1.  **Analyze the Request:**
    *   **Subject:** Antennas.
    *  ...
[166/200] last=32.5s avg=41.1s/q  cum_tps=38.0 tok/s  tokens=1447
  Q: write an introduction of a person for resume who worked as an in-house IT for 18...
  A: Here's a thinking process:

1.  **Analyze User Input:**
   - **Role:** In-house IT professional
   - **Experience:** 18 ...
[167/200] last=36.5s avg=41.1s/q  cum_tps=38.0 tok/s  tokens=1531
  Q: Hi, I have a question about MFCC (mel frequency cepstral coefficients). Are they...
  A: Here's a thinking process:

1.  **Understand User Question**: The user is asking about the relationship between MFCCs (M...
[168/200] last=25.8s avg=41.0s/q  cum_tps=38.0 tok/s  tokens=1093
  Q: who was the black cabinet member who went on to play an important role in the ci...
  A: Here's a thinking process:

1.  **Analyze User Question:**
   - Key elements: "black cabinet member", "went on to play a...
[169/200] last=18.6s avg=40.9s/q  cum_tps=38.0 tok/s  tokens=852
  Q: “One One was a race horse Two Two was one too. One One won one race. Two Two won...
  A: Here's a thinking process:

1.  **Analyze the User Input:**
   - The user provides a riddle/poem: "One One was a race ho...
[170/200] last=56.4s avg=40.9s/q  cum_tps=38.0 tok/s  tokens=2048
  Q: Over two thousand years, the moon has covered every point on the Earth once. At ...
  A: Here's a thinking process:

1.  **Analyze User Input:**
   - "Over two thousand years, the moon has covered every point ...
[171/200] last=55.2s avg=41.0s/q  cum_tps=38.0 tok/s  tokens=2048
  Q: twenty names of famous horses and who they belonged to
  A: Here's a thinking process:

1.  **Understand User Request:** The user wants "twenty names of famous horses and who they ...
[172/200] last=72.6s avg=41.2s/q  cum_tps=37.9 tok/s  tokens=2048
  Q: Write an interesting and detailed backstory for my half-elf ranger character for...
  A: Here's a thinking thinking sequence

1.  **Deconstruct the Request:**
    *   Topic: Backstory for a half-elf ranger cha...
[173/200] last=24.9s avg=41.1s/q  cum_tps=37.9 tok/s  tokens=1141
  Q: In this math problem, we are asked to figure out the percentage of total profits...
  A: Here's a thinking process:

1.  **Analyze User Input:**
   - The user is asking for the "total profit percent over a per...
[174/200] last=29.5s avg=41.1s/q  cum_tps=37.9 tok/s  tokens=1126
  Q: Why is it a bad idea to give a mouse a cookie?
  A: Here's a thinking process:

1.  **Analyze User Input:**
   - Question: "Why is it a bad idea to give a mouse a cookie?"
...
[175/200] last=14.6s avg=40.9s/q  cum_tps=38.0 tok/s  tokens=689
  Q: which second messenger molecule acts on the endoplasmic reticulum to release cal...
  A: Here's a thinking process:

1.  **Identify the core question**: The user is asking about a specific second messenger mol...
[176/200] last=55.8s avg=41.0s/q  cum_tps=38.0 tok/s  tokens=2048
  Q: How can anti-deressants make people think or act suicidally? Suicidal thoughts o...
  A: Here's a thinking process:

1.  **Analyze User Input:**
   - **Question:** How can antidepressants make people think or ...
[177/200] last=55.2s avg=41.1s/q  cum_tps=37.9 tok/s  tokens=2048
  Q: Create a lesson plan in two different levels: in CEFR A1 and A2 on the topic of ...
  A: Here's a thinking thinking sequence

1.  **Deconstruct the user's request:**
    *   Goal: Create a lesson plan.
    *  ...
[178/200] last=62.5s avg=41.2s/q  cum_tps=37.9 tok/s  tokens=2048
  Q: Draft a ministerial speech outlining the top five benefits that innovation bring...
  A: Here's a thinking thinking sequence

1.  **Deconstruct the user:**
    *   Topic: Ministerial speech.
    *   Goal: Outl...
[179/200] last=36.2s avg=41.2s/q  cum_tps=37.9 tok/s  tokens=1461
  Q: Is online casino legal in India?
  A: Here's a thinking process:

1.  **Understand User Query**: The user is asking about the legality of online casinos in In...
[180/200] last=61.1s avg=41.3s/q  cum_tps=37.9 tok/s  tokens=2048
  Q: Write a section for an award application detailing how photography has insipired...
  A: Here's a thinking thinking sequence

1.  **Deconstruct the user's Request:**
    *   Goal: Write a section for an award ...
[181/200] last=66.0s avg=41.4s/q  cum_tps=37.8 tok/s  tokens=2048
  Q: I want to eventually become a plant/manufacturing/production manager, and eventu...
  A: Here's a thinking process:

1.  **Understand User Goal**: The user wants to become a plant/manufacturing/production mana...
[182/200] last=36.2s avg=41.4s/q  cum_tps=37.9 tok/s  tokens=1739
  Q: explain the basics of area and perimeter
  A: Here's a thinking process:

1.  **Understand User Request:** The user wants an explanation of the basics of area and per...
[183/200] last=78.2s avg=41.6s/q  cum_tps=37.7 tok/s  tokens=2048
  Q: Write a story about Anakin Skywalker encountering a Jedi who speaks and acts lik...
  A: Here's a thinking thinking sequence

1.  **Deconstruct the prompt:**
    *   Protagonist: Anakin Skywalker. Key traits: ...
[184/200] last=55.6s avg=41.7s/q  cum_tps=37.7 tok/s  tokens=1861
  Q: what are the possible performance issues in a learning program on cross cultural...
  A: Here's a thinking process:

1.  **Understand User Query:** The user is asking about "possible performance issues in a le...
[185/200] last=40.7s avg=41.7s/q  cum_tps=37.7 tok/s  tokens=1641
  Q: write description for 925 sterling silver miami cuban link chain
  A: Here's a thinking process:

1.  **Analyze User Request:**
   - **Product:** 925 Sterling Silver Miami Cuban Link Chain
 ...
[186/200] last=37.6s avg=41.6s/q  cum_tps=37.8 tok/s  tokens=1858
  Q: cost of fuel for a 14 mile journey in a car with 48mpg, fuel costs 625 pence per...
  A: Here's a thinking process:

1.  **Understand the User's Problem:**
   - Distance: 14 miles
   - Fuel efficiency: 48 mpg ...
[187/200] last=45.4s avg=41.7s/q  cum_tps=37.8 tok/s  tokens=1729
  Q: How does money go from my pocket, through the stock market, and to support the b...
  A: Here's a thinking process:

1.  **Understand User's Question:** The user is asking about the flow of money when they buy...
[188/200] last=57.9s avg=41.7s/q  cum_tps=37.8 tok/s  tokens=2048
  Q: Can you provide a list of health food brands owned by Hispanic founders
  A: Here's a thinking process:

1.  **Understand User Request**: The user is asking for a list of health food brands owned b...
[189/200] last=52.2s avg=41.8s/q  cum_tps=37.8 tok/s  tokens=2048
  Q: 63-year-old male with diabetes for seven to eight years (BbA1c consistently betw...
  A: Here's a thinking process:

1.  **Analyze User Input:**
   - **Patient:** 63-year-old male
   - **Diabetes Duration:** 7...
[190/200] last=64.8s avg=41.9s/q  cum_tps=37.7 tok/s  tokens=2038
  Q: What if people only valued and took pride in the things that were true about the...
  A: Here's a thinking process:

1.  **Analyze the User's Prompt:**
   - **Core Question:** "What if people only valued and t...
[191/200] last=38.9s avg=41.9s/q  cum_tps=37.7 tok/s  tokens=1511
  Q: It's officially 2023, and as we enter a brand new year, what better time to set ...
  A: Thinking Process:

1.  **Deconstruct the Request:**
    *   Context: Officially 2023, new year, setting revenue enableme...
[192/200] last=28.2s avg=41.8s/q  cum_tps=37.8 tok/s  tokens=1248
  Q: I need to learn English could you help me and make a exercise
  A: Here's a thinking process:

1.  **Understand User Request:**
   - User wants to learn English
   - Wants help and an exe...
[193/200] last=46.9s avg=41.9s/q  cum_tps=37.7 tok/s  tokens=1716
  Q: Why does warmth make you feel tired?
  A: Here's a thinking process:

1.  **Understand User Question:** The user asks "Why does warmth make you feel tired?" This ...
[194/200] last=52.1s avg=41.9s/q  cum_tps=37.8 tok/s  tokens=2048
  Q: write an article informing customer of my saas software that this currently is  ...
  A: Here's a thinking process:

1.  **Analyze User Request:**
   - **Goal:** Write an article informing customers about beta...
[195/200] last=50.2s avg=42.0s/q  cum_tps=37.8 tok/s  tokens=2048
  Q: Explain me the Finite Elemente Method
  A: Here's a thinking process:

1.  **Understand User Request:** The user wants an explanation of the Finite Element Method ...
[196/200] last=14.9s avg=41.8s/q  cum_tps=37.8 tok/s  tokens=681
  Q: I've put a plate on top of an apple, and take the plate from kitchen to dinning ...
  A: Here's a thinking process:

1.  **Analyze User Input:**
   - Action 1: "I've put a plate on top of an apple"
   - Action...
[197/200] last=57.9s avg=41.9s/q  cum_tps=37.8 tok/s  tokens=2048
  Q: Introduce the ”financial markets and institutions“ by Frederic S. Mishkin
  A: Here's a thinking process:

1.  **Understand User Request:**
   - The user wants an introduction to the textbook "Financ...
[198/200] last=24.8s avg=41.8s/q  cum_tps=37.8 tok/s  tokens=1149
  Q: when are hops added to the brewing process?
  A: Here's a thinking process:

1.  **Understand User Question**: The user is asking "when are hops added to the brewing pro...
[199/200] last=41.5s avg=41.8s/q  cum_tps=37.8 tok/s  tokens=1562
  Q: Can a Liebherr LTM 11200-9.1 hypothetically lift Mount everest
  A: Here's a thinking process:

1.  **Understand the User's Question:**
   - The user asks: "Can a Liebherr LTM 11200-9.1 hy...
[200/200] last=1.5s avg=41.6s/q  cum_tps=37.8 tok/s  tokens=71
  Q: Write "Test"
  A: Thinking Process:

1.  **Deconstruct Request:**
1.  User wants me to write the word "Test".
2.  Action: Output the text ...

=== summary ===
  saved 200 results to exp/alpaca-0gm35b-b2-inproc-20260609/alpaca_0gm35b_b2_08_sia.json
  errors: 0
  total tokens: 314555
  total wall time: 8322s (138.7 min)
  throughput: 37.8 tok/s
