loaded 200 prompts from data/alpaca_eval/alpaca_eval.json
base_url    : http://localhost:8000/v1
model       : 0GM-1.0-35B-A3B-0427
max_tokens  : 2048
temperature : 1.0
top_p / top_k / rep_penalty: 0.95 / 20 / 1.0
disable_thinking: False
no_think_prompt : False
sia_weight / sia_topk / sia_entropy_threshold: None / None / None
output      : exp/alpaca-0gm35b-b2-inproc-20260609/alpaca_0gm35b_b2_08_sia_fixed.json
------------------------------------------------------------
[1/200] last=41.2s avg=41.2s/q  cum_tps=49.7 tok/s  tokens=2048
  Q: What are the names of some famous actors that started their careers on Broadway?
  A: Here's a thinking process:

1.  **Understand User Query**: The user is asking for names of famous actors who started the...
[2/200] last=40.3s avg=40.7s/q  cum_tps=50.3 tok/s  tokens=2048
  Q: How did US states get their names?
  A: Here's a thinking process:

1.  **Understand User Question**: The user asks "How did US states get their names?" This is...
[3/200] last=36.2s avg=39.2s/q  cum_tps=49.3 tok/s  tokens=1707
  Q: Hi, my sister and her girlfriends want me to play kickball with them. Can you ex...
  A: Here's a thinking process:

1.  **Understand User Request:**
   - User wants to learn how to play kickball
   - Goal: Un...
[4/200] last=38.2s avg=39.0s/q  cum_tps=50.3 tok/s  tokens=2048
  Q: What is some cool music from the 1920s?
  A: Here's a thinking process:

1.  **Understand User Request:** The user is asking for "cool music from the 1920s." This is...
[5/200] last=22.0s avg=35.6s/q  cum_tps=50.8 tok/s  tokens=1196
  Q: How do I wrap a present neatly?
  A: Here's a thinking process:

1.  **Understand User Request:** The user wants to know how to wrap a present neatly. This i...
[6/200] last=28.8s avg=34.5s/q  cum_tps=50.7 tok/s  tokens=1430
  Q: How do I dice without slicing my finger
  A: Here's a thinking process:

1.  **Understand User Query:** The user wants to know how to dice vegetables/ingredients saf...
[7/200] last=17.5s avg=32.0s/q  cum_tps=51.2 tok/s  tokens=1012
  Q: Hi, I'm trying to solve a crossword puzzle, but I've never done one of these bef...
  A: Here's a thinking process:

1.  **Understand User Request:**
   - User wants help with a crossword puzzle
   - They've n...
[8/200] last=14.2s avg=29.8s/q  cum_tps=52.6 tok/s  tokens=1057
  Q: Who is Larry Page?
  A: Here's a thinking process:

1.  **Identify the User's Question**: The user asks "Who is Larry Page?"

2.  **Key Informat...
[9/200] last=24.3s avg=29.2s/q  cum_tps=53.4 tok/s  tokens=1481
  Q: What are different drawers I should have for clothes?
  A: Here's a thinking process:

1.  **Understand User Query**: The user is asking "What are different drawers I should have ...
[10/200] last=30.8s avg=29.3s/q  cum_tps=54.8 tok/s  tokens=2048
  Q: I like to host guests at my home from time to time, and I am gathering  recipes ...
  A: Here's a thinking process:

1.  **Understand User Request:**
   - User hosts guests occasionally and wants to expand the...
[11/200] last=21.7s avg=28.7s/q  cum_tps=55.9 tok/s  tokens=1545
  Q: do you think retinoid is effective on removing the acne? because I have a lot of...
  A: Here's a thinking process:

1.  **Understand User Query:**
   - User asks: "do you think retinoid is effective on removi...
[12/200] last=29.0s avg=28.7s/q  cum_tps=55.7 tok/s  tokens=1539
  Q: I'm trying to teach myself to have nicer handwriting. Can you help?
  A: Here's a thinking process:

1.  **Understand User Goal**: The user wants to improve their handwriting and is self-teachi...
[13/200] last=35.6s avg=29.2s/q  cum_tps=55.6 tok/s  tokens=1974
  Q: I like to host guests at my home from time to time, and I am gathering  recipes ...
  A: Here's a thinking process:

1.  **Understand User Request:**
   - User hosts guests at home occasionally
   - Wants reci...
[14/200] last=28.6s avg=29.2s/q  cum_tps=56.0 tok/s  tokens=1730
  Q: What are the best exercises for beginners?
  A: Here's a thinking process:

1.  **Understand User Query**: The user is asking for "the best exercises for beginners." Th...
[15/200] last=39.1s avg=29.8s/q  cum_tps=55.1 tok/s  tokens=1778
  Q: Do you know why turkeys became the official food of thanksgiving?
  A: Here's a thinking process:

1.  **Understand User Question**: The user is asking why turkeys became the official food of...
[16/200] last=39.4s avg=30.4s/q  cum_tps=54.4 tok/s  tokens=1856
  Q: I want to get better at networking at work
  A: Here's a thinking process:

1.  **Understand User Goal**: The user wants to improve their networking skills specifically...
[17/200] last=44.3s avg=31.2s/q  cum_tps=53.5 tok/s  tokens=1901
  Q: Are there any weird Christmas traditions?
  A: Here's a thinking process:

1.  **Understand User Query**: The user is asking "Are there any weird Christmas traditions?...
[18/200] last=34.5s avg=31.4s/q  cum_tps=53.8 tok/s  tokens=2031
  Q: Hi, I'm interested in learning to play badminton. Can you explain the game to me...
  A: Here's a thinking process:

1.  **Understand User Request**: The user wants to learn badminton and is asking for an expl...
[19/200] last=12.7s avg=30.4s/q  cum_tps=54.0 tok/s  tokens=828
  Q: Do you know why cats always rub up against your legs?
  A: Here's a thinking process:

1.  **Understand User Question**: The user is asking about why cats rub against their legs. ...
[20/200] last=48.9s avg=31.4s/q  cum_tps=53.1 tok/s  tokens=2048
  Q: I am going to try to roast a pig at home for Thanksgiving this year. What equipm...
  A: Here's a thinking process:

1.  **Understand User Goal**: The user wants to roast a whole pig at home for Thanksgiving. ...
[21/200] last=24.2s avg=31.0s/q  cum_tps=53.3 tok/s  tokens=1445
  Q: Help me find a good rated electric saw.
  A: Here's a thinking process:

1.  **Understand User Request**: The user wants help finding a "good rated electric saw." Th...
[22/200] last=35.2s avg=31.2s/q  cum_tps=53.5 tok/s  tokens=1953
  Q: What are some artists I might like if I like Billy Joel?
  A: Here's a thinking process:

1.  **Analyze User Request:**
   - **Artist liked:** Billy Joel
   - **Goal:** Recommend sim...
[23/200] last=15.9s avg=30.5s/q  cum_tps=53.8 tok/s  tokens=1124
  Q: What type of soil is suitable for cactus?
  A: Here's a thinking process:

1.  **Understand User Question**: The user asks "What type of soil is suitable for cactus?" ...
[24/200] last=37.2s avg=30.8s/q  cum_tps=53.6 tok/s  tokens=1852
  Q: How do you become an author?
  A: Here's a thinking process:

1.  **Understand User Query**: The user asks "How do you become an author?" This is a broad,...
[25/200] last=12.5s avg=30.1s/q  cum_tps=53.9 tok/s  tokens=837
  Q: What breed dog is smallest?
  A: Here's a thinking process:

1.  **Understand User Question**: The user asks "What breed dog is smallest?" This is a stra...
[26/200] last=32.3s avg=30.2s/q  cum_tps=54.0 tok/s  tokens=1831
  Q: What are some species of bears that are now extinct?
  A: Here's a thinking process:

1.  **Understand User Query**: The user is asking for species of bears that are now extinct....
[27/200] last=15.0s avg=29.6s/q  cum_tps=54.4 tok/s  tokens=1139
  Q: What causes the northern lights?
  A: Here's a thinking process:

1.  **Understand User Question**: The user asks "What causes the northern lights?" This is a...
[28/200] last=34.7s avg=29.8s/q  cum_tps=54.3 tok/s  tokens=1820
  Q: What are some good foods to eat when you are sick? I am looking for something to...
  A: Here's a thinking process:

1.  **Understand User Request:**
   - **Topic:** Good foods to eat when sick
   - **Target A...
[29/200] last=31.3s avg=29.9s/q  cum_tps=54.3 tok/s  tokens=1692
  Q: Why is kobe beef so damn expensive?
  A: Here's a thinking process:

1.  **Understand User Question**: The user is asking why Kobe beef is so expensive ("so damn...
[30/200] last=17.6s avg=29.4s/q  cum_tps=54.6 tok/s  tokens=1268
  Q: How do I clean my armpits?
  A: Here's a thinking process:

1.  **Understand User Query:** The user is asking "How do I clean my armpits?" This is a str...
[31/200] last=36.0s avg=29.7s/q  cum_tps=54.7 tok/s  tokens=2048
  Q: How do I detail a car?
  A: Here's a thinking process:

1.  **Understand User Request:** The user is asking "How do I detail a car?" This is a broad...
[32/200] last=33.4s avg=29.8s/q  cum_tps=55.0 tok/s  tokens=2048
  Q: I am going to make pumpkin pie for the first time.  Can you help me?
  A: Here's a thinking process:

1.  **Understand User Request**: The user wants to make pumpkin pie for the first time and i...
[33/200] last=28.6s avg=29.7s/q  cum_tps=55.1 tok/s  tokens=1718
  Q: What kind of foods do they eat in Thailand
  A: Here's a thinking process:

1.  **Understand User Query**: The user is asking about the types of foods eaten in Thailand...
[34/200] last=41.7s avg=30.1s/q  cum_tps=54.9 tok/s  tokens=2048
  Q: What are some good browser alternatives to Chrome?
  A: Here's a thinking process:

1.  **Understand User Query**: The user is asking for "good browser alternatives to Chrome"....
[35/200] last=2.5s avg=29.3s/q  cum_tps=54.9 tok/s  tokens=214
  Q: Who created the Superman cartoon character?
  A: Here's a thinking process:

1.  **Identify the core question**: The user is asking about the creators of the Superman ca...
[36/200] last=15.0s avg=28.9s/q  cum_tps=55.1 tok/s  tokens=1020
  Q: What is Atlantis?
  A: Here's a thinking process:

1.  **Understand User Query**: The user asks "What is Atlantis?"
2.  **Identify Key Subject*...
[37/200] last=32.4s avg=29.0s/q  cum_tps=55.0 tok/s  tokens=1648
  Q: How do I make escargot?
  A: Here's a thinking process:

1.  **Understand User Request**: The user is asking "How do I make escargot?" This is a cook...
[38/200] last=25.7s avg=28.9s/q  cum_tps=55.1 tok/s  tokens=1553
  Q: What exactly causes volcanoes to form?
  A: Here's a thinking process:

1.  **Understand User Question**: The user asks "What exactly causes volcanoes to form?" Thi...
[39/200] last=21.3s avg=28.7s/q  cum_tps=55.1 tok/s  tokens=1196
  Q: Hi, I have some falafel, but no tahini to put on them. Can you give me a recipe ...
  A: Here's a thinking process:

1.  **Analyze User Request:**
   - User has falafel but no tahini
   - Wants a recipe for ma...
[40/200] last=32.9s avg=28.8s/q  cum_tps=54.9 tok/s  tokens=1538
  Q: Should I get my children a nanny? I'm so exhausted.
  A: Here's a thinking process:

1.  **Analyze User Input:**
   - **Question:** "Should I get my children a nanny? I'm so exh...
[41/200] last=18.4s avg=28.6s/q  cum_tps=55.1 tok/s  tokens=1277
  Q: When was Canada colonized?
  A: Here's a thinking process:

1.  **Understand User Question**: The user asks "When was Canada colonized?" This is a histo...
[42/200] last=26.8s avg=28.5s/q  cum_tps=55.4 tok/s  tokens=1765
  Q: How can I  use my phone less?
  A: Here's a thinking process:

1.  **Understand User Goal**: The user wants to know how to use their phone less. This is a ...
[43/200] last=39.2s avg=28.8s/q  cum_tps=55.3 tok/s  tokens=2048
  Q: How did mankind discover that the earth was spherical, and why did they initiall...
  A: Here's a thinking process:

1.  **Deconstruct the User's Question:**
   - **Part 1:** How did mankind discover that the ...
[44/200] last=14.2s avg=28.4s/q  cum_tps=55.4 tok/s  tokens=973
  Q: What is Gremolata?
  A: Here's a thinking process:

1.  **Understand User Query**: The user asks "What is Gremolata?" - a straightforward defini...
[45/200] last=30.1s avg=28.5s/q  cum_tps=55.3 tok/s  tokens=1501
  Q: Why did humans evolve to believe in God?
  A: Here's a thinking process:

1.  **Analyze User Question**: The user asks "Why did humans evolve to believe in God?" This...
[46/200] last=37.2s avg=28.7s/q  cum_tps=55.2 tok/s  tokens=1964
  Q: what should i build a cabin out of?
  A: Here's a thinking process:

1.  **Understand User Query:** The user is asking "what should i build a cabin out of?" This...
[47/200] last=30.5s avg=28.7s/q  cum_tps=55.1 tok/s  tokens=1596
  Q: Why do a lot of Scientists not believe in God or Satan?
  A: Here's a thinking process:

1.  **Understand User Question**: The user asks why many scientists don't believe in God or ...
[48/200] last=31.5s avg=28.8s/q  cum_tps=55.4 tok/s  tokens=2048
  Q: I like to host guests at my home from time to time, and I am gathering  recipes ...
  A: Here's a thinking process:

1.  **Understand User Request:**
   - User wants to host guests and is gathering recipes
   ...
[49/200] last=16.7s avg=28.5s/q  cum_tps=55.5 tok/s  tokens=1070
  Q: Why can I see the moon during the day?
  A: Here's a thinking process:

1.  **Understand User Question**: The user asks "Why can I see the moon during the day?" Thi...
[50/200] last=25.2s avg=28.5s/q  cum_tps=55.6 tok/s  tokens=1547
  Q: How do I take care of a wooden table?
  A: Here's a thinking process:

1.  **Understand User Query:** The user is asking "How do I take care of a wooden table?" Th...
[51/200] last=5.5s avg=28.0s/q  cum_tps=55.7 tok/s  tokens=470
  Q: What year was the Yamato Battleship built?
  A: Here's a thinking process:

1.  **Identify the core question**: The user is asking about the construction/build year of ...
[52/200] last=12.4s avg=27.7s/q  cum_tps=55.7 tok/s  tokens=701
  Q: Did they ever announce the release date for the new elder scrolls game?
  A: Here's a thinking process:

1.  **Identify the Core Question**: The user is asking about the release date for "the new E...
[53/200] last=36.0s avg=27.9s/q  cum_tps=55.6 tok/s  tokens=1838
  Q: I like to host guests at my home from time to time, and I am gathering  recipes ...
  A: Here's a thinking process:

1.  **Understand User Request:**
   - User hosts guests occasionally
   - Wants recipes to k...
[54/200] last=45.8s avg=28.2s/q  cum_tps=55.3 tok/s  tokens=2048
  Q: Please tell me about the romantic relationship between Julius Caesar and Cleopat...
  A: Here's a thinking process:

1.  **Understand User Query**: The user is asking about the romantic relationship between Ju...
[55/200] last=18.9s avg=28.0s/q  cum_tps=55.4 tok/s  tokens=1224
  Q: Hi, I'm in the mood for a Bloody Mary. Can you give me a recipe for making one?
  A: Here's a thinking process:

1.  **Understand User Request**: The user wants a recipe for a Bloody Mary cocktail.
2.  **I...
[56/200] last=35.2s avg=28.2s/q  cum_tps=55.4 tok/s  tokens=1966
  Q: What are some famous world music artists?
  A: Here's a thinking process:

1.  **Understand User Query**: The user is asking for "famous world music artists." World mu...
[57/200] last=30.9s avg=28.2s/q  cum_tps=55.2 tok/s  tokens=1391
  Q: what are some good ways to spread ashes?
  A: Here's a thinking process:

1.  **Understand User Query**: The user is asking about "good ways to spread ashes" (cremate...
[58/200] last=39.6s avg=28.4s/q  cum_tps=55.0 tok/s  tokens=1925
  Q: I like to host guests at my home from time to time, and I am gathering  recipes ...
  A: Here's a thinking process:

1.  **Understand User Request:**
   - User hosts guests occasionally
   - Wants recipes to k...
[59/200] last=35.2s avg=28.5s/q  cum_tps=55.1 tok/s  tokens=2048
  Q: I like to host guests at my home from time to time, and I am gathering  recipes ...
  A: Here's a thinking process:

1.  **Understand User Request:**
   - User hosts guests at home occasionally
   - Wants reci...
[60/200] last=44.3s avg=28.8s/q  cum_tps=54.9 tok/s  tokens=2048
  Q: I've read the book "The Twelve Caesars" by Suetonius, a few times. I'm curious a...
  A: Here's a thinking process:

1.  **Analyze User Input:**
   - **Book:** "The Twelve Caesars" (De Caesaribus) by Suetonius...
[61/200] last=32.6s avg=28.8s/q  cum_tps=54.8 tok/s  tokens=1761
  Q: Please tell me the history of Walt Disney.
  A: Here's a thinking process:

1.  **Understand User Request**: The user asks for "the history of Walt Disney." This is a b...
[62/200] last=31.5s avg=28.9s/q  cum_tps=54.8 tok/s  tokens=1659
  Q: Can you help me figure out how to sew a button on a shirt?
  A: Here's a thinking process:

1.  **Understand User Request**: The user wants to know how to sew a button onto a shirt. Th...
[63/200] last=47.5s avg=29.2s/q  cum_tps=54.5 tok/s  tokens=2048
  Q: How did serial killers get away with murder for so long in the 70s and 80s?
  A: Here's a thinking process:

1.  **Analyze User Question:**
   - **Topic:** Serial killers avoiding detection in the 1970...
[64/200] last=26.1s avg=29.1s/q  cum_tps=54.6 tok/s  tokens=1561
  Q: How do I make apple juice?
  A: Here's a thinking process:

1.  **Understand User Request**: The user is asking "How do I make apple juice?" This is a s...
[65/200] last=29.5s avg=29.1s/q  cum_tps=54.7 tok/s  tokens=1809
  Q: I like to host guests at my home from time to time, and I am gathering  recipes ...
  A: Here's a thinking process:

1.  **Analyze User Request:**
   - **Context:** Hosts guests at home, gathering recipes for ...
[66/200] last=16.9s avg=29.0s/q  cum_tps=54.7 tok/s  tokens=1035
  Q: How can I make bubble solution?
  A: Here's a thinking process:

1.  **Understand User Request**: The user wants to know how to make bubble solution (bubble ...
[67/200] last=22.3s avg=28.9s/q  cum_tps=54.9 tok/s  tokens=1458
  Q: How to make frosting with crisco
  A: Here's a thinking process:

1.  **Understand User Request:** The user wants to know how to make frosting using Crisco (s...
[68/200] last=30.0s avg=28.9s/q  cum_tps=55.0 tok/s  tokens=1966
  Q: I like to host guests at my home from time to time, and I am gathering  recipes ...
  A: Here's a thinking process:

1.  **Understand User Request:**
   - User wants to host guests and needs recipes to keep th...
[69/200] last=37.9s avg=29.0s/q  cum_tps=55.0 tok/s  tokens=2048
  Q: I want to learn more about airplanes. How were they created?
  A: Here's a thinking process:

1.  **Understand User Query:** The user wants to learn about how airplanes were created. The...
[70/200] last=14.1s avg=28.8s/q  cum_tps=55.1 tok/s  tokens=1007
  Q: Can you tell me a very easy to way clean a showerhead?
  A: Here's a thinking process:

1.  **Understand User Request:** The user wants a "very easy" way to clean a showerhead. Key...
[71/200] last=6.5s avg=28.5s/q  cum_tps=55.2 tok/s  tokens=590
  Q: Please give me a list of planets in our solar system.  I am going to choose whic...
  A: Here's a thinking process:

1.  **Understand User Request**: The user wants a list of planets in our solar system so the...
[72/200] last=15.1s avg=28.3s/q  cum_tps=55.4 tok/s  tokens=1100
  Q: Who was the first lead vocal for the rock band Starship?
  A: Here's a thinking process:

1.  **Identify the Core Question**: The user asks: "Who was the first lead vocal for the roc...
[73/200] last=39.6s avg=28.5s/q  cum_tps=55.3 tok/s  tokens=2048
  Q: I need to get my nephew a birthday gift. I'm thinking of giving him a game for h...
  A: Here's a thinking process:

1.  **Understand User Request:**
   - **Recipient:** Nephew (age not specified, but Nintendo...
[74/200] last=23.6s avg=28.4s/q  cum_tps=55.3 tok/s  tokens=1395
  Q: Best way to defrost a refrigerator freezer?
  A: Here's a thinking process:

1.  **Understand User Query:** The user is asking for the "best way to defrost a refrigerato...
[75/200] last=43.7s avg=28.6s/q  cum_tps=55.2 tok/s  tokens=2047
  Q: What are some toys I can buy my kids for imaginative play?
  A: Here's a thinking process:

1.  **Understand User Request:**
   - **Topic:** Toys for kids
   - **Purpose:** Imaginative...
[76/200] last=18.2s avg=28.5s/q  cum_tps=55.2 tok/s  tokens=1151
  Q: How do I know if my house has a water leak?
  A: Here's a thinking process:

1.  **Understand User Query:** The user is asking how to detect a water leak in their house....
[77/200] last=33.9s avg=28.5s/q  cum_tps=55.3 tok/s  tokens=2048
  Q: I like to host guests at my home from time to time, and I am gathering  recipes ...
  A: Here's a thinking process:

1.  **Understand User Request:**
   - User wants to host guests and is gathering recipes
   ...
[78/200] last=31.7s avg=28.6s/q  cum_tps=55.4 tok/s  tokens=2048
  Q: I like to host guests at my home from time to time, and I am gathering  recipes ...
  A: Here's a thinking process:

1.  **Understand User Request:**
   - User hosts guests at home occasionally
   - Wants reci...
[79/200] last=35.9s avg=28.7s/q  cum_tps=55.4 tok/s  tokens=1804
  Q: What do the different octane values of gasoline mean?
  A: Here's a thinking process that leads to the explanation of octane values in gasoline:

1.  **Deconstruct the Request:**
...
[80/200] last=37.3s avg=28.8s/q  cum_tps=55.3 tok/s  tokens=1940
  Q: How can I fix a leaking roof?
  A: Here's a thinking process:

1.  **Understand User Query:** The user is asking "How can I fix a leaking roof?" This is a ...
[81/200] last=23.6s avg=28.7s/q  cum_tps=55.3 tok/s  tokens=1348
  Q: I have a hard time falling asleep.  Is there any type of music that can help me ...
  A: Here's a thinking process:

1.  **Understand User Query**: The user has trouble falling asleep and is asking if there's ...
[82/200] last=32.1s avg=28.7s/q  cum_tps=55.3 tok/s  tokens=1671
  Q: What are places to visit in Montgomery, Alabama?
  A: Here's a thinking process:

1.  **Understand User Request**: The user is asking for places to visit in Montgomery, Alaba...
[83/200] last=40.9s avg=28.9s/q  cum_tps=55.2 tok/s  tokens=2048
  Q: Hi, I've decided to keep a rat as a pet. How do I house, feed, and otherwise car...
  A: Here's a thinking process:

1.  **Understand User Request**: The user wants to know how to house, feed, and care for a p...
[84/200] last=28.7s avg=28.9s/q  cum_tps=55.1 tok/s  tokens=1378
  Q: How do you get water in the desert?
  A: Here's a thinking process:

1.  **Understand User Query:** The user asks "How do you get water in the desert?" This is a...
[85/200] last=33.6s avg=28.9s/q  cum_tps=55.0 tok/s  tokens=1529
  Q: How do I get better at aiming with my slingshot?
  A: Here's a thinking process:

1.  **Understand User Goal**: The user wants to improve their slingshot aiming skills. This ...
[86/200] last=31.8s avg=29.0s/q  cum_tps=55.0 tok/s  tokens=1904
  Q: I like to host guests at my home from time to time, and I am gathering  recipes ...
  A: Here's a thinking process:

1.  **Understand User Request:**
   - User wants to host guests and needs recipes
   - Speci...
[87/200] last=39.9s avg=29.1s/q  cum_tps=54.8 tok/s  tokens=1696
  Q: I have my grandfather's antique fountain pen and a bottle of ink, but have never...
  A: Here's a thinking process:

1.  **Understand User's Request:**
   - User has an antique fountain pen and a bottle of ink...
[88/200] last=25.9s avg=29.1s/q  cum_tps=54.8 tok/s  tokens=1472
  Q: Hi, I'd like to play ice hockey. Can you explain how the game works?
  A: Here's a thinking process:

1.  **Understand User Request:** The user wants to learn how ice hockey works and is asking ...
[89/200] last=23.0s avg=29.0s/q  cum_tps=54.9 tok/s  tokens=1409
  Q: What is kevlar made out of?
  A: Here's a thinking process that leads to the answer about what Kevlar is made of:

1.  **Analyze the Request:**
    *   *...
[90/200] last=34.7s avg=29.1s/q  cum_tps=54.9 tok/s  tokens=1809
  Q: Hi, I'd like to learn how to play racquetball. Can you explain the game to me?
  A: Here's a thinking process:

1.  **Understand User Request**: The user wants to learn how to play racquetball and is aski...
[91/200] last=37.3s avg=29.2s/q  cum_tps=54.9 tok/s  tokens=2048
  Q: What are some  good books to buy for a sci fi fan?
  A: Here's a thinking process:

1.  **Understand User Request:**
   - **Genre:** Science Fiction
   - **Goal:** Recommendati...
[92/200] last=12.8s avg=29.0s/q  cum_tps=55.0 tok/s  tokens=931
  Q: When were smart phones first made?
  A: Here's a thinking process:

1.  **Understand User Question**: The user asks "When were smart phones first made?" This is...
[93/200] last=32.3s avg=29.0s/q  cum_tps=55.1 tok/s  tokens=2046
  Q: Hi, I'd like to learn to bake challah. Can you give me a recipe for that?
  A: Here's a thinking process:

1.  **Understand User Request**: The user wants to learn how to bake challah and is asking f...
[94/200] last=6.5s avg=28.8s/q  cum_tps=55.1 tok/s  tokens=519
  Q: Did Facebook corporation change its name?
  A: Here's a thinking process:

1.  **Understand User Question**: The user is asking if Facebook corporation changed its nam...
[95/200] last=32.9s avg=28.8s/q  cum_tps=55.1 tok/s  tokens=1924
  Q: I like to host guests at my home from time to time, and I am gathering  recipes ...
  A: Here's a thinking process:

1.  **Understand User Request:**
   - User hosts guests at home occasionally
   - Wants reci...
[96/200] last=44.3s avg=29.0s/q  cum_tps=55.0 tok/s  tokens=2048
  Q: I want to start saving some money by growing my own food. Can I do this during t...
  A: Here's a thinking process:

1.  **Understand User Goal**: The user wants to save money by growing their own food, specif...
[97/200] last=25.1s avg=28.9s/q  cum_tps=55.0 tok/s  tokens=1488
  Q: How can I spice things up in the bedroom?
  A: Here's a thinking process:

1.  **Analyze User Input:**
   - **Topic:** Spicing up things in the bedroom
   - **Intent:*...
[98/200] last=15.0s avg=28.8s/q  cum_tps=55.1 tok/s  tokens=997
  Q: Is human blood ever any color other than red?
  A: Here's a thinking process:

1.  **Understand the User's Question**: The user asks if human blood can ever be any color o...
[99/200] last=26.0s avg=28.8s/q  cum_tps=55.2 tok/s  tokens=1585
  Q: Please tell me about pearls.  Where are they found?
  A: Here's a thinking process:

1.  **Understand User Query**: The user asks two things:
   - "Please tell me about pearls."...
[100/200] last=21.5s avg=28.7s/q  cum_tps=55.2 tok/s  tokens=1326
  Q: What are some herbs I can dry out?
  A: Here's a thinking process:

1.  **Understand User Query**: The user is asking for herbs that can be dried out (dried her...
[101/200] last=33.8s avg=28.8s/q  cum_tps=55.3 tok/s  tokens=2048
  Q: I like to host guests at my home from time to time, and I am gathering  recipes ...
  A: Here's a thinking process:

1.  **Understand User Request:**
   - User wants to host guests and is collecting recipes
  ...
[102/200] last=43.4s avg=28.9s/q  cum_tps=55.1 tok/s  tokens=1782
  Q: What is a scary Halloween costume idea?
  A: Here's a thinking process:

1.  **Understand User Request:** The user is asking for a "scary Halloween costume idea." Th...
[103/200] last=26.3s avg=28.9s/q  cum_tps=55.1 tok/s  tokens=1626
  Q: Whats the largest star in our galaxy?
  A: Here's a thinking process:

1.  **Understand User Question**: The user asks "Whats the largest star in our galaxy?" This...
[104/200] last=28.8s avg=28.9s/q  cum_tps=55.1 tok/s  tokens=1475
  Q: I'm trying to draw out a hopscotch game on my driveway. Can you walk me through ...
  A: Here's a thinking process:

1.  **Understand User Request:** The user wants to draw a hopscotch game on their driveway. ...
[105/200] last=15.3s avg=28.7s/q  cum_tps=55.2 tok/s  tokens=1296
  Q: Can you tell me how to make chocolate chip cookies?
  A: Here's a thinking process:

1.  **Understand User Request**: The user is asking for a chocolate chip cookie recipe. This...
[106/200] last=7.8s avg=28.5s/q  cum_tps=55.3 tok/s  tokens=672
  Q: Where is Indonesia?
  A: Here's a thinking process:

1.  **Understand User Query**: The user asks "Where is Indonesia?" - a straightforward geogr...
[107/200] last=16.7s avg=28.4s/q  cum_tps=55.4 tok/s  tokens=1247
  Q: Hi, I need to find the area of a 20 sided die for my math homework. Can you help...
  A: Here's a thinking process:

1.  **Understand User Request:** The user wants to find the "area" of a 20-sided die (icosah...
[108/200] last=32.0s avg=28.5s/q  cum_tps=55.4 tok/s  tokens=1624
  Q: I'm trying to learn how to install window blinds.
  A: Here's a thinking process:

1.  **Understand User Goal**: The user wants to learn how to install window blinds. This is ...
[109/200] last=31.3s avg=28.5s/q  cum_tps=55.3 tok/s  tokens=1606
  Q: I want to learn more about becoming a CPA. How long does it take to become a CPA...
  A: Here's a thinking process:

1.  **Understand User Query**: The user wants to know how long it takes to become a CPA (Cer...
[110/200] last=37.6s avg=28.6s/q  cum_tps=55.2 tok/s  tokens=1861
  Q: I want to talk about "Smooth",  a song by Rob Thomas.
  A: Here's a thinking process:

1.  **Analyze User Input:**
   - **Topic:** "Smooth" by Rob Thomas (feat. Santana)
   - **Re...
[111/200] last=44.9s avg=28.7s/q  cum_tps=55.1 tok/s  tokens=1959
  Q: I'd like you to write me a story in the style of Don Delillo, about a bunch of i...
  A: Here's a thinking process:

1.  **Analyze User Request:**
   - **Style:** Don DeLillo
   - **Subject:** Immortal cats
  ...
[112/200] last=30.2s avg=28.7s/q  cum_tps=55.1 tok/s  tokens=1706
  Q: I like to host guests at my home from time to time, and I am gathering  recipes ...
  A: Here's a thinking process:

1.  **Understand User Request:**
   - User hosts guests at home
   - Wants recipes to keep t...
[113/200] last=17.7s avg=28.6s/q  cum_tps=55.1 tok/s  tokens=1098
  Q: Is it true that the native Australians were really prisoners of England?
  A: Here's a thinking process:

1.  **Analyze User Question:**
   - **Claim:** "Native Australians were really prisoners of ...
[114/200] last=7.2s avg=28.5s/q  cum_tps=55.2 tok/s  tokens=605
  Q: What color is the sky
  A: Here's a thinking process:

1.  **Analyze User Input:**
   - Question: "What color is the sky"
   - Intent: Basic factua...
[115/200] last=24.8s avg=28.4s/q  cum_tps=55.2 tok/s  tokens=1386
  Q: Is there a meaning for Christmas wreaths?
  A: Here's a thinking process:

1.  **Understand User Query**: The user asks "Is there a meaning for Christmas wreaths?" Thi...
[116/200] last=29.9s avg=28.4s/q  cum_tps=55.3 tok/s  tokens=1884
  Q: I like to host guests at my home from time to time, and I am gathering  recipes ...
  A: Here's a thinking process:

1.  **Analyze User Request:**
   - **Interest:** Hosting guests, gathering recipes for dishe...
[117/200] last=31.4s avg=28.5s/q  cum_tps=55.3 tok/s  tokens=1829
  Q: Hi, I'd like to make my own peanut brittle. Can you give me a recipe and cooking...
  A: Here's a thinking process:

1.  **Understand User Request**: The user wants a recipe and cooking instructions for homema...
[118/200] last=26.6s avg=28.4s/q  cum_tps=55.3 tok/s  tokens=1404
  Q: I'm trying to stop my neighbour's cat from coming in to my garden and fighting w...
  A: Here's a thinking process:

1.  **Understand User's Problem**: The user wants to prevent their neighbor's cat from enter...
[119/200] last=11.1s avg=28.3s/q  cum_tps=55.4 tok/s  tokens=888
  Q: does the dinosaurs really exist?
  A: Here's a thinking process:

1.  **Understand User Question**: The user asks "does the dinosaurs really exist?" This is a...
[120/200] last=34.6s avg=28.4s/q  cum_tps=55.3 tok/s  tokens=1703
  Q: what are some big cat hybrids?
  A: Here's a thinking process:

1.  **Understand User Query**: The user is asking about "big cat hybrids" - meaning crossbre...
[121/200] last=8.1s avg=28.2s/q  cum_tps=55.3 tok/s  tokens=628
  Q: what is the name of chris tucker first movie
  A: Here's a thinking process:

1.  **Identify the User's Question**: The user is asking for the name of Chris Tucker's firs...
[122/200] last=13.1s avg=28.1s/q  cum_tps=55.4 tok/s  tokens=947
  Q: How long does it take our eyes to fully adapt to darkness?
  A: Here's a thinking process:

1.  **Understand User Question**: The user is asking about the time it takes for human eyes ...
[123/200] last=12.3s avg=27.9s/q  cum_tps=55.4 tok/s  tokens=751
  Q: Has there been any news regarding a potential release date for Starcraft 3?
  A: Here's a thinking process:

1.  **Understand User Query**: The user is asking about news regarding a potential release d...
[124/200] last=31.1s avg=28.0s/q  cum_tps=55.4 tok/s  tokens=1776
  Q: How is oil turned into gasoline?
  A: Here's a thinking process:

1.  **Understand User Question**: The user asks "How is oil turned into gasoline?" This is a...
[125/200] last=24.1s avg=27.9s/q  cum_tps=55.5 tok/s  tokens=1541
  Q: Can you give any tips on how to cook a juicy, medium-rare steak?
  A: Here's a thinking process:

1.  **Understand User Request**: The user wants tips for cooking a juicy, medium-rare steak....
[126/200] last=11.7s avg=27.8s/q  cum_tps=55.6 tok/s  tokens=907
  Q: When was hip hop invented?
  A: Here's a thinking process:

1.  **Identify the Core Question**: The user asks "When was hip hop invented?"

2.  **Define...
[127/200] last=30.2s avg=27.8s/q  cum_tps=55.5 tok/s  tokens=1577
  Q: Hi, I recently inherited a S&W 1006 and I don't even know how to load it. Can yo...
  A: Here's a thinking process:

1.  **Analyze User Input:**
   - **Firearm:** S&W 1006 (Smith & Wesson 1006)
   - **Question...
[128/200] last=27.2s avg=27.8s/q  cum_tps=55.6 tok/s  tokens=1538
  Q: My friend's dog just died and they're really sad. How do I comfort them?
  A: Here's a thinking process:

1.  **Analyze User Input:**
   - **Situation:** Friend's dog just died
   - **Emotional stat...
[129/200] last=12.8s avg=27.7s/q  cum_tps=55.5 tok/s  tokens=696
  Q: Is the US border open to Canada?
  A: Thinking Process:

1.  **Identify the core question:** The user is asking about the current status of the US-Canada bord...
[130/200] last=38.4s avg=27.8s/q  cum_tps=55.5 tok/s  tokens=2048
  Q: Can you list the top 20 films or movies between 1930 and 1940 that are in Englis...
  A: Here's a thinking process:

1.  **Understand User Request:**
   - **Timeframe:** 1930-1940 (inclusive)
   - **Language:*...
[131/200] last=49.9s avg=28.0s/q  cum_tps=55.3 tok/s  tokens=2048
  Q: Take MLK speech "I had a dream" but turn it into a top 100 rap song
  A: Here's a thinking thinking sequence

1.  **Deconstruct and Analyze the Source Material ("I Have a Dream" Speech):**
    ...
[132/200] last=7.9s avg=27.8s/q  cum_tps=55.4 tok/s  tokens=719
  Q: List the layers of the TCP/IP model and for each layer identify one protocol.
  A: Here's a thinking process:

1.  **Understand User Request:**
   - The user wants a list of the layers in the TCP/IP mode...
[133/200] last=35.0s avg=27.9s/q  cum_tps=55.4 tok/s  tokens=1787
  Q: Why can't bank use cash as capital as a buffer for potential losses?
  A: Here's a thinking process:

1.  **Understand the User's Question:**
   - The user asks: "Why can't bank use cash as capi...
[134/200] last=9.0s avg=27.7s/q  cum_tps=55.4 tok/s  tokens=808
  Q: convert December 21 · 1:00 – 1:50pm pacific to asia/taipei time
  A: Here's a thinking process:

1.  **Understand User Input:**
   - Date: December 21
   - Time: 1:00 PM – 1:50 PM Pacific T...
[135/200] last=50.2s avg=27.9s/q  cum_tps=55.2 tok/s  tokens=2048
  Q: Can you tell my a story about nuclear physics like dr Seuss?
  A: Here's a thinking thinking sequence

1.  **Deconstruct and Analyze the Request:**
    *   Topic: Nuclear Physics.
    * ...
[136/200] last=17.3s avg=27.8s/q  cum_tps=55.3 tok/s  tokens=1126
  Q: Message to client for accepting offer for summary video
  A: Here's a thinking process:

1.  **Understand User Request:**
   - **Recipient:** Client
   - **Purpose:** Accepting an o...
[137/200] last=56.7s avg=28.0s/q  cum_tps=55.0 tok/s  tokens=2048
  Q: Can you write a short story where Hildibrand Manderville somehow gets transforme...
  A: Here's a thinking thinking sequence

1.  **Deconstruct the prompt:**
    *   Characters: Hildibrand Manderville (eccentr...
[138/200] last=43.2s avg=28.1s/q  cum_tps=54.9 tok/s  tokens=2048
  Q: I'm currently studying Bioengineering in Argentina, focusing on computational ne...
  A: Here's a thinking process:

1.  **Analyze User Input:**
   - **Field:** Bioengineering with a focus on Computational Neu...
[139/200] last=45.0s avg=28.3s/q  cum_tps=54.8 tok/s  tokens=2048
  Q: Write an interview between a Female Film director and a journalist. Use advanced...
  A: Here's a thinking thinking sequence

1.  **Deconstruct the user:**
    *   Topic: Interview between a Female Film Direct...
[140/200] last=42.3s avg=28.4s/q  cum_tps=54.7 tok/s  tokens=2048
  Q: Give me a sample 5 day itienary for a switzerland holiday, starting from Basel
  A: Here's a thinking process:

1.  **Analyze User Request:**
   - **Destination:** Switzerland
   - **Duration:** 5 days
  ...
[141/200] last=44.2s avg=28.5s/q  cum_tps=54.6 tok/s  tokens=2048
  Q: explain The Death of Ivan Ilych
  A: Here's a thinking thinking sequence

1.  **Deconstruct the user's request:**
    *   Topic: "The Death of Ivan Ilych"
  ...
[142/200] last=33.2s avg=28.5s/q  cum_tps=54.7 tok/s  tokens=1944
  Q: Why is it that only proteins, carbohydrates and fats are deemed to have caloric ...
  A: Here's a thinking process:

1.  **Understand User's Question:**
   - The user asks why only proteins, carbohydrates, and...
[143/200] last=14.4s avg=28.4s/q  cum_tps=54.7 tok/s  tokens=1001
  Q: Navina has $30 more to her weekly budget than her younger sister and can afford ...
  A: Here's a thinking process:

1.  **Analyze User Input:**
   - "Navina has $30 more to her weekly budget than her younger ...
[144/200] last=52.3s avg=28.6s/q  cum_tps=54.5 tok/s  tokens=2048
  Q: rank the following companies by how pro-consumer they are:
Microsoft, Google, Ni...
  A: Here's a thinking process:

1.  **Understand User Request:**
   - Rank 5 companies (Microsoft, Google, Nintendo, Sony, E...
[145/200] last=7.8s avg=28.4s/q  cum_tps=54.6 tok/s  tokens=680
  Q: Anytown Bank obtaining and using consumer reports in connection with any credit ...
  A: Here's a thinking process:

1.  **Analyze User Input:**
   - **Question:** Anytown Bank obtaining and using consumer rep...
[146/200] last=35.0s avg=28.5s/q  cum_tps=54.5 tok/s  tokens=1714
  Q: I’m planning to visit Okinawa Japan from April 7th to April 10th. Do you have an...
  A: Here's a thinking process:

1.  **Analyze User Input:**
   - **Destination:** Okinawa, Japan
   - **Dates:** April 7th t...
[147/200] last=32.1s avg=28.5s/q  cum_tps=54.5 tok/s  tokens=1687
  Q: I have this text: <br><br>We use professional processes. Use the photo delivery ...
  A: Here's a thinking process:

1.  **Analyze User Input:**
   - **Original Text:** 
     - Mentions professional processes,...
[148/200] last=39.8s avg=28.6s/q  cum_tps=54.5 tok/s  tokens=2048
  Q: define a new language that contains words that are with numbers and letters such...
  A: Here's a thinking process:

1.  **Analyze User Request:**
   - **Goal:** Define a new language
   - **Key Feature:** Wor...
[149/200] last=44.9s avg=28.7s/q  cum_tps=54.4 tok/s  tokens=2048
  Q: Write me a 2000 word essay on a water safety engineering project.
  A: Here's a thinking thinking sequence

1.  **Deconstruct the user:**
    *   Topic: Water safety engineering project.
    ...
[150/200] last=31.9s avg=28.7s/q  cum_tps=54.5 tok/s  tokens=2048
  Q: Marie is at the music store for a store day. She bought two $50 combos. Then, fo...
  A: Here's a thinking process:

1.  **Analyze User Input:**
   - Marie bought two $50 combos.
   - Then, for $25, she bought...
[151/200] last=13.3s avg=28.6s/q  cum_tps=54.5 tok/s  tokens=985
  Q: Mick pays his teacher $800 for 40 lessons worth 2 hours each. If this will be al...
  A: Here's a thinking process:

1.  **Analyze User Input:**
   - Mick pays his teacher $800 for 40 lessons.
   - Each lesson...
[152/200] last=45.6s avg=28.7s/q  cum_tps=54.4 tok/s  tokens=2048
  Q: How to improve instance segmentation AP metrics with human knowledge
  A: Here's a thinking process:

1.  **Understand User Query:**
   - **Topic:** Instance Segmentation
   - **Metric:** AP (Av...
[153/200] last=41.4s avg=28.8s/q  cum_tps=54.4 tok/s  tokens=2048
  Q: what is needed for self-sufficient living spaces
  A: Here's a thinking process:

1.  **Understand User Query:** The user asks "what is needed for self-sufficient living spac...
[154/200] last=45.8s avg=28.9s/q  cum_tps=54.3 tok/s  tokens=2048
  Q: please act like a business consultant that is doing a project of estimating the ...
  A: Here's a thinking thinking sequence

1.  **Deconstruct the user's request:**
    *   **Role:** Business Consultant.
    ...
[155/200] last=46.7s avg=29.0s/q  cum_tps=54.2 tok/s  tokens=2048
  Q: Expand on the relation between inconsistency and ideological thinking
  A: Here's a thinking process:

1.  **Understand User Request:**
   - **Topic:** Relation between inconsistency and ideologi...
[156/200] last=17.7s avg=29.0s/q  cum_tps=54.2 tok/s  tokens=904
  Q: Why do people give Reddit Gold to admins?
  A: Here's a thinking process:

1.  **Understand User Question**: The user is asking why people give Reddit Gold to admins. ...
[157/200] last=39.6s avg=29.0s/q  cum_tps=54.1 tok/s  tokens=2048
  Q: Create an Annotated Bibliography, in APA citation style, with six entries descri...
  A: Here's a thinking thinking sequence

1.  **Deconstruct the user's request:**
    *   Goal: Create an Annotated Bibliogra...
[158/200] last=37.4s avg=29.1s/q  cum_tps=54.1 tok/s  tokens=1843
  Q: What does Nassim Nicholas Taleb say about market efficiency?
  A: Here's a thinking process:

1.  **Understand User Query**: The user asks about Nassim Nicholas Taleb's views on market e...
[159/200] last=16.8s avg=29.0s/q  cum_tps=54.1 tok/s  tokens=946
  Q: Can a boy and girl be just be best friends only ever

  A: Here's a thinking process:

1.  **Understand the User's Question**: The user is asking whether a boy and a girl can be "...
[160/200] last=5.5s avg=28.8s/q  cum_tps=54.1 tok/s  tokens=444
  Q: If a tree is on the top of a mountain and the mountain is far from the see then ...
  A: Here's a thinking process:

1.  **Analyze User Input:**
   - Premise 1: A tree is on the top of a mountain.
   - Premise...
[161/200] last=32.7s avg=28.9s/q  cum_tps=54.1 tok/s  tokens=1741
  Q: hat would be the reason for the popularity of youtube compared to other video sh...
  A: Here's a thinking process:

1.  **Understand User Question:** The user is asking about the reasons behind YouTube's popu...
[162/200] last=15.5s avg=28.8s/q  cum_tps=54.2 tok/s  tokens=1092
  Q: Tell me something I don’t know
  A: Here's a thinking process:

1.  **Analyze User Request:**
   - **Input:** "Tell me something I don’t know"
   - **Intent...
[163/200] last=53.0s avg=28.9s/q  cum_tps=54.0 tok/s  tokens=2048
  Q: You are a script-writer. Write a script for the opening scene of a Miami-based d...
  A: Here's a thinking thinking sequence

1.  **Deconstruct and Analyze the Request:**
    *   Goal: Write a script for the o...
[164/200] last=28.3s avg=28.9s/q  cum_tps=54.0 tok/s  tokens=1594
  Q: Do you know something about the book  ＂the art of thinking clearly" wrote by Rol...
  A: Here's a thinking process:

1.  **Understand User Query**: The user is asking about the book "The Art of Thinking Clearl...
[165/200] last=21.6s avg=28.9s/q  cum_tps=54.1 tok/s  tokens=1313
  Q: antennas that transmit an equal amount of energy in the horizontal direction are...
  A: Here's a thinking process that leads to the answer:

1.  **Analyze the Request:**
    *   **Subject:** Antennas.
    *  ...
[166/200] last=27.1s avg=28.9s/q  cum_tps=54.1 tok/s  tokens=1762
  Q: write an introduction of a person for resume who worked as an in-house IT for 18...
  A: Here's a thinking thinking sequence

1.  **Deconstruct and Analyze the User's Request:**
    *   Role: In-house IT (like...
[167/200] last=23.6s avg=28.8s/q  cum_tps=54.1 tok/s  tokens=1344
  Q: Hi, I have a question about MFCC (mel frequency cepstral coefficients). Are they...
  A: Here's a thinking process:

1.  **Understand User Question**: The user is asking about MFCCs (Mel Frequency Cepstral Coe...
[168/200] last=33.2s avg=28.9s/q  cum_tps=54.2 tok/s  tokens=2048
  Q: who was the black cabinet member who went on to play an important role in the ci...
  A: Here's a thinking process:

1.  **Analyze User Query:**
   - **Key elements:** "black cabinet member", "went on to play ...
[169/200] last=3.9s avg=28.7s/q  cum_tps=54.2 tok/s  tokens=344
  Q: “One One was a race horse Two Two was one too. One One won one race. Two Two won...
  A: Here's a thinking process:

1.  **Analyze the User Input:**
   - Text: "One One was a race horse Two Two was one too. On...
[170/200] last=33.0s avg=28.8s/q  cum_tps=54.2 tok/s  tokens=1966
  Q: Over two thousand years, the moon has covered every point on the Earth once. At ...
  A: Here's a thinking process:

1.  **Analyze User Input:**
   - "Over two thousand years, the moon has covered every point ...
[171/200] last=29.1s avg=28.8s/q  cum_tps=54.3 tok/s  tokens=2009
  Q: twenty names of famous horses and who they belonged to
  A: Here's a thinking process:

1.  **Understand User Request:** The user wants "twenty names of famous horses and who they ...
[172/200] last=52.8s avg=28.9s/q  cum_tps=54.2 tok/s  tokens=2048
  Q: Write an interesting and detailed backstory for my half-elf ranger character for...
  A: Here's a thinking thinking sequence

1.  **Deconstruct the Request:**
    *   Character: Half-Elf Ranger.
    *   System...
[173/200] last=24.7s avg=28.9s/q  cum_tps=54.2 tok/s  tokens=1657
  Q: In this math problem, we are asked to figure out the percentage of total profits...
  A: Here's a thinking process:

1.  **Analyze User Input:**
   - The user provides quarterly "profit percentages": 90%, 92%,...
[174/200] last=14.8s avg=28.8s/q  cum_tps=54.2 tok/s  tokens=894
  Q: Why is it a bad idea to give a mouse a cookie?
  A: Thinking Process:

1.  **Analyze the user's question:** "Why is it a bad idea to give a mouse a cookie?"
2.  **Identify ...
[175/200] last=12.7s avg=28.7s/q  cum_tps=54.3 tok/s  tokens=1025
  Q: which second messenger molecule acts on the endoplasmic reticulum to release cal...
  A: Here's a thinking process that leads to the answer:

1.  **Analyze the Request:**
    *   **Question:** Which second mes...
[176/200] last=41.2s avg=28.8s/q  cum_tps=54.3 tok/s  tokens=2042
  Q: How can anti-deressants make people think or act suicidally? Suicidal thoughts o...
  A: Here's a thinking process:

1.  **Analyze User Query:**
   - **Core Question:** How can antidepressants make people thin...
[177/200] last=38.8s avg=28.8s/q  cum_tps=54.3 tok/s  tokens=2048
  Q: Create a lesson plan in two different levels: in CEFR A1 and A2 on the topic of ...
  A: Here's a thinking thinking sequence

1.  **Deconstruct the user's request:**
    *   Topic: Friendship.
    *   Levels: ...
[178/200] last=43.4s avg=28.9s/q  cum_tps=54.2 tok/s  tokens=2048
  Q: Draft a ministerial speech outlining the top five benefits that innovation bring...
  A: Here's a thinking thinking sequence

1.  **Deconstruct the user:**
    *   Topic: Ministerial speech outlining top five ...
[179/200] last=23.1s avg=28.9s/q  cum_tps=54.2 tok/s  tokens=1367
  Q: Is online casino legal in India?
  A: Here's a thinking process:

1.  **Understand User Query**: The user is asking about the legality of online casinos in In...
[180/200] last=41.9s avg=29.0s/q  cum_tps=54.2 tok/s  tokens=2048
  Q: Write a section for an award application detailing how photography has insipired...
  A: Here's a thinking thinking sequence

1.  **Deconstruct the user:**
    *   Goal: Write a section for an award applicatio...
[181/200] last=50.2s avg=29.1s/q  cum_tps=54.1 tok/s  tokens=2048
  Q: I want to eventually become a plant/manufacturing/production manager, and eventu...
  A: Here's a thinking process:

1.  **Understand User Goal**: The user wants to become a Plant/Manufacturing/Production Mana...
[182/200] last=22.1s avg=29.0s/q  cum_tps=54.1 tok/s  tokens=1650
  Q: explain the basics of area and perimeter
  A: Here's a thinking process:

1.  **Understand User Request:** The user wants an explanation of the basics of area and per...
[183/200] last=58.9s avg=29.2s/q  cum_tps=53.9 tok/s  tokens=2048
  Q: Write a story about Anakin Skywalker encountering a Jedi who speaks and acts lik...
  A: Here's a thinking thinking sequence

1.  **Deconstruct the Prompt:**
    *   Protagonist: Anakin Skywalker. Key traits: ...
[184/200] last=43.2s avg=29.3s/q  cum_tps=53.9 tok/s  tokens=2048
  Q: what are the possible performance issues in a learning program on cross cultural...
  A: Here's a thinking process:

1.  **Understand User Query:** The user is asking about "possible performance issues in a le...
[185/200] last=28.3s avg=29.3s/q  cum_tps=53.9 tok/s  tokens=1445
  Q: write description for 925 sterling silver miami cuban link chain
  A: Here's a thinking process:

1.  **Analyze User Request:**
   - **Product:** 925 Sterling Silver Miami Cuban Link Chain
 ...
[186/200] last=21.4s avg=29.2s/q  cum_tps=53.9 tok/s  tokens=1575
  Q: cost of fuel for a 14 mile journey in a car with 48mpg, fuel costs 625 pence per...
  A: Here's a thinking process:

1.  **Understand the User's Question:**
   - Journey distance: 14 miles
   - Car fuel effici...
[187/200] last=22.1s avg=29.2s/q  cum_tps=54.0 tok/s  tokens=1304
  Q: How does money go from my pocket, through the stock market, and to support the b...
  A: Here's a thinking process:

1.  **Understand User Question:** The user is asking about the flow of money from an individ...
[188/200] last=33.2s avg=29.2s/q  cum_tps=54.0 tok/s  tokens=2048
  Q: Can you provide a list of health food brands owned by Hispanic founders
  A: Here's a thinking process:

1.  **Understand User Request:** The user wants a list of health food brands owned by Hispan...
[189/200] last=36.8s avg=29.2s/q  cum_tps=54.0 tok/s  tokens=2048
  Q: 63-year-old male with diabetes for seven to eight years (BbA1c consistently betw...
  A: Here's a thinking process:

1.  **Analyze User Input:**
   - **Patient:** 63-year-old male
   - **Diabetes:** 7-8 years ...
[190/200] last=44.6s avg=29.3s/q  cum_tps=53.9 tok/s  tokens=2007
  Q: What if people only valued and took pride in the things that were true about the...
  A: Here's a thinking process:

1.  **Analyze the User's Premise:**
   - The question asks: "What if people only valued and ...
[191/200] last=26.0s avg=29.3s/q  cum_tps=53.9 tok/s  tokens=1413
  Q: It's officially 2023, and as we enter a brand new year, what better time to set ...
  A: Here's a thinking process:

1.  **Analyze User Input:**
   - **Context:** It's 2023, new year, setting revenue enablemen...
[192/200] last=22.9s avg=29.3s/q  cum_tps=54.0 tok/s  tokens=1658
  Q: I need to learn English could you help me and make a exercise
  A: Here's a thinking process:

1.  **Understand User Request:**
   - **Goal:** Learn English
   - **Request:** Help and cre...
[193/200] last=29.4s avg=29.3s/q  cum_tps=54.0 tok/s  tokens=1765
  Q: Why does warmth make you feel tired?
  A: Here's a thinking process:

1.  **Understand the User's Question**: The user is asking why warmth makes you feel tired. ...
[194/200] last=42.0s avg=29.3s/q  cum_tps=54.0 tok/s  tokens=2048
  Q: write an article informing customer of my saas software that this currently is  ...
  A: Here's a thinking thinking sequence

1.  **Deconstruct and Analyze the Request:**
    *   Goal: Write an article for cus...
[195/200] last=30.6s avg=29.4s/q  cum_tps=54.1 tok/s  tokens=1973
  Q: Explain me the Finite Elemente Method
  A: Here's a thinking process:

1.  **Understand User Request:**
   - The user wants an explanation of the Finite Element Me...
[196/200] last=8.2s avg=29.2s/q  cum_tps=54.1 tok/s  tokens=602
  Q: I've put a plate on top of an apple, and take the plate from kitchen to dinning ...
  A: Here's a thinking process:

1.  **Analyze User Input:**
   - Action 1: Put a plate on top of an apple.
   - Action 2: Ta...
[197/200] last=38.2s avg=29.3s/q  cum_tps=54.1 tok/s  tokens=2048
  Q: Introduce the ”financial markets and institutions“ by Frederic S. Mishkin
  A: Here's a thinking process:

1.  **Understand User Request:**
   - The user wants an introduction to the book "Financial ...
[198/200] last=13.2s avg=29.2s/q  cum_tps=54.1 tok/s  tokens=885
  Q: when are hops added to the brewing process?
  A: Here's a thinking process:

1.  **Understand User Question:** The user is asking "when are hops added to the brewing pro...
[199/200] last=37.4s avg=29.3s/q  cum_tps=54.1 tok/s  tokens=1950
  Q: Can a Liebherr LTM 11200-9.1 hypothetically lift Mount everest
  A: Here's a thinking process:

1.  **Analyze User Question:**
   - **Subject:** Liebherr LTM 11200-9.1 (a super heavy-latti...
[200/200] last=0.4s avg=29.1s/q  cum_tps=54.1 tok/s  tokens=22
  Q: Write "Test"
  A: The user wants me to write the word "Test".

I will output: Test
</think>

Test

=== summary ===
  saved 200 results to exp/alpaca-0gm35b-b2-inproc-20260609/alpaca_0gm35b_b2_08_sia_fixed.json
  errors: 0
  total tokens: 314931
  total wall time: 5822s (97.0 min)
  throughput: 54.1 tok/s
