loaded 200 prompts from data/alpaca_eval/alpaca_eval.json
base_url    : http://localhost:8000/v1
model       : 0GM-1.0-35B-A3B-0427
max_tokens  : 2048
temperature : 1.0
top_p / top_k / rep_penalty: 0.95 / 20 / 1.0
disable_thinking: False
no_think_prompt : False
sia_weight / sia_topk / sia_entropy_threshold: 0.0 / None / None
output      : exp/alpaca-0gm35b-b2-inproc-20260609/alpaca_0gm35b_b2_08_nosia.json
------------------------------------------------------------
[1/200] last=38.1s avg=38.1s/q  cum_tps=53.8 tok/s  tokens=2048
  Q: What are the names of some famous actors that started their careers on Broadway?
  A: Here's a thinking process:

1.  **Understand User Query**: The user is asking for names of famous actors who started the...
[2/200] last=34.3s avg=36.2s/q  cum_tps=56.6 tok/s  tokens=2048
  Q: How did US states get their names?
  A: Here's a thinking process:

1.  **Understand User Question**: The user asks "How did US states get their names?" This is...
[3/200] last=35.5s avg=36.0s/q  cum_tps=57.0 tok/s  tokens=2048
  Q: Hi, my sister and her girlfriends want me to play kickball with them. Can you ex...
  A: Here's a thinking process:

1.  **Understand User Request:**
   - User wants to play kickball with their sister and her ...
[4/200] last=37.6s avg=36.4s/q  cum_tps=56.3 tok/s  tokens=2048
  Q: What is some cool music from the 1920s?
  A: Here's a thinking process:

1.  **Understand User Request:**
   - **Topic:** Music from the 1920s
   - **Descriptor:** "...
[5/200] last=27.2s avg=34.5s/q  cum_tps=56.2 tok/s  tokens=1512
  Q: How do I wrap a present neatly?
  A: Here's a thinking process:

1.  **Understand User Request:** The user wants to know how to wrap a present neatly. This i...
[6/200] last=28.9s avg=33.6s/q  cum_tps=56.2 tok/s  tokens=1628
  Q: How do I dice without slicing my finger
  A: Here's a thinking process:

1.  **Understand User Goal**: The user wants to know how to dice ingredients (likely vegetab...
[7/200] last=26.9s avg=32.6s/q  cum_tps=56.2 tok/s  tokens=1510
  Q: Hi, I'm trying to solve a crossword puzzle, but I've never done one of these bef...
  A: Here's a thinking process:

1.  **Analyze User Input:**
   - User wants help with a crossword puzzle
   - They've never ...
[8/200] last=36.0s avg=33.1s/q  cum_tps=56.3 tok/s  tokens=2048
  Q: Who is Larry Page?
  A: Here's a thinking process:

1.  **Identify the Core Question**: The user asks "Who is Larry Page?"
2.  **Key Facts to Re...
[9/200] last=35.2s avg=33.3s/q  cum_tps=56.3 tok/s  tokens=1998
  Q: What are different drawers I should have for clothes?
  A: Here's a thinking process:

1.  **Understand User Query**: The user is asking about "different drawers I should have for...
[10/200] last=34.1s avg=33.4s/q  cum_tps=56.7 tok/s  tokens=2048
  Q: I like to host guests at my home from time to time, and I am gathering  recipes ...
  A: Here's a thinking process:

1.  **Understand User Request:**
   - User wants to host guests and is gathering recipes
   ...
[11/200] last=35.0s avg=33.5s/q  cum_tps=56.9 tok/s  tokens=2048
  Q: do you think retinoid is effective on removing the acne? because I have a lot of...
  A: Here's a thinking process:

1.  **Understand User Query**: The user is asking about the effectiveness of retinoids for a...
[12/200] last=36.7s avg=33.8s/q  cum_tps=56.8 tok/s  tokens=2048
  Q: I'm trying to teach myself to have nicer handwriting. Can you help?
  A: Here's a thinking process:

1.  **Understand User Goal**: The user wants to learn/improve their handwriting. They're tea...
[13/200] last=33.9s avg=33.8s/q  cum_tps=57.1 tok/s  tokens=2048
  Q: I like to host guests at my home from time to time, and I am gathering  recipes ...
  A: Here's a thinking process:

1.  **Understand User Request:**
   - User wants to host guests and is collecting recipes
  ...
[14/200] last=35.1s avg=33.9s/q  cum_tps=57.2 tok/s  tokens=2048
  Q: What are the best exercises for beginners?
  A: Here's a thinking process:

1.  **Understand User Query:** The user is asking for "the best exercises for beginners." Th...
[15/200] last=21.5s avg=33.1s/q  cum_tps=57.1 tok/s  tokens=1210
  Q: Do you know why turkeys became the official food of thanksgiving?
  A: Here's a thinking process:

1.  **Understand User Query**: The user is asking about the historical reason why turkeys be...
[16/200] last=29.7s avg=32.9s/q  cum_tps=57.1 tok/s  tokens=1706
  Q: I want to get better at networking at work
  A: Here's a thinking process:

1.  **Understand User Goal**: The user wants to improve their networking skills specifically...
[17/200] last=34.3s avg=32.9s/q  cum_tps=57.3 tok/s  tokens=2048
  Q: Are there any weird Christmas traditions?
  A: Here's a thinking process:

1.  **Understand User Query**: The user is asking about "weird Christmas traditions." This i...
[18/200] last=35.5s avg=33.1s/q  cum_tps=57.3 tok/s  tokens=2048
  Q: Hi, I'm interested in learning to play badminton. Can you explain the game to me...
  A: Here's a thinking process:

1.  **Understand User Request**: The user wants to learn badminton and is asking for an expl...
[19/200] last=17.9s avg=32.3s/q  cum_tps=57.3 tok/s  tokens=1005
  Q: Do you know why cats always rub up against your legs?
  A: Here's a thinking process:

1.  **Analyze User Input:**
   - **Question:** "Do you know why cats always rub up against y...
[20/200] last=36.9s avg=32.5s/q  cum_tps=57.2 tok/s  tokens=2048
  Q: I am going to try to roast a pig at home for Thanksgiving this year. What equipm...
  A: Here's a thinking process:

1.  **Understand User Goal**: The user wants to roast a whole pig at home for Thanksgiving. ...
[21/200] last=27.2s avg=32.3s/q  cum_tps=57.3 tok/s  tokens=1614
  Q: Help me find a good rated electric saw.
  A: Here's a thinking process:

1.  **Understand User Request:** The user is asking for a "good rated electric saw." This is...
[22/200] last=34.6s avg=32.4s/q  cum_tps=57.4 tok/s  tokens=2048
  Q: What are some artists I might like if I like Billy Joel?
  A: Here's a thinking process:

1.  **Analyze User Request:**
   - **User likes:** Billy Joel
   - **Question:** What are so...
[23/200] last=24.6s avg=32.0s/q  cum_tps=57.3 tok/s  tokens=1397
  Q: What type of soil is suitable for cactus?
  A: Here's a thinking process:

1.  **Understand User Query**: The user asks "What type of soil is suitable for cactus?" Thi...
[24/200] last=34.5s avg=32.1s/q  cum_tps=57.4 tok/s  tokens=2048
  Q: How do you become an author?
  A: Here's a thinking process:

1.  **Understand User Query:** The user asks "How do you become an author?" This is a broad,...
[25/200] last=20.1s avg=31.7s/q  cum_tps=57.4 tok/s  tokens=1101
  Q: What breed dog is smallest?
  A: Here's a thinking process:

1.  **Understand User Query**: The user is asking "What breed dog is smallest?" They want to...
[26/200] last=35.2s avg=31.8s/q  cum_tps=57.4 tok/s  tokens=2048
  Q: What are some species of bears that are now extinct?
  A: Here's a thinking process:

1.  **Understand User Query**: The user asks for "some species of bears that are now extinct...
[27/200] last=22.5s avg=31.5s/q  cum_tps=57.4 tok/s  tokens=1332
  Q: What causes the northern lights?
  A: Here's a thinking process:

1.  **Understand User Question**: The user asks "What causes the northern lights?" This is a...
[28/200] last=31.0s avg=31.4s/q  cum_tps=57.4 tok/s  tokens=1781
  Q: What are some good foods to eat when you are sick? I am looking for something to...
  A: Here's a thinking process:

1.  **Understand User Request:**
   - **Goal:** Recommend good foods to eat when sick
   - *...
[29/200] last=33.5s avg=31.5s/q  cum_tps=57.3 tok/s  tokens=1816
  Q: Why is kobe beef so damn expensive?
  A: Here's a thinking process:

1.  **Understand User Question**: The user is asking why Kobe beef is so expensive ("so damn...
[30/200] last=27.4s avg=31.4s/q  cum_tps=57.3 tok/s  tokens=1559
  Q: How do I clean my armpits?
  A: Here's a thinking process:

1.  **Understand User Query**: The user is asking "How do I clean my armpits?" This is a str...
[31/200] last=34.8s avg=31.5s/q  cum_tps=57.4 tok/s  tokens=2048
  Q: How do I detail a car?
  A: Here's a thinking process:

1.  **Understand User Request:** The user is asking "How do I detail a car?" This is a broad...
[32/200] last=36.6s avg=31.6s/q  cum_tps=57.3 tok/s  tokens=2048
  Q: I am going to make pumpkin pie for the first time.  Can you help me?
  A: Here's a thinking process:

1.  **Understand User Request**: The user wants to make pumpkin pie for the first time and i...
[33/200] last=34.9s avg=31.7s/q  cum_tps=57.3 tok/s  tokens=1996
  Q: What kind of foods do they eat in Thailand
  A: Here's a thinking process:

1.  **Understand User Query**: The user asks "What kind of foods do they eat in Thailand". T...
[34/200] last=32.6s avg=31.8s/q  cum_tps=57.4 tok/s  tokens=1921
  Q: What are some good browser alternatives to Chrome?
  A: Here's a thinking process:

1.  **Understand User Query**: The user is asking for "good browser alternatives to Chrome"....
[35/200] last=10.9s avg=31.2s/q  cum_tps=57.3 tok/s  tokens=618
  Q: Who created the Superman cartoon character?
  A: Here's a thinking process:

1.  **Identify the core question**: The user asks "Who created the Superman cartoon characte...
[36/200] last=17.4s avg=30.8s/q  cum_tps=57.3 tok/s  tokens=987
  Q: What is Atlantis?
  A: Here's a thinking process:

1.  **Understand User Query**: The user asks "What is Atlantis?" This is a straightforward f...
[37/200] last=35.4s avg=30.9s/q  cum_tps=57.2 tok/s  tokens=1920
  Q: How do I make escargot?
  A: Here's a thinking process:

1.  **Understand User Request**: The user is asking "How do I make escargot?" This is a cook...
[38/200] last=31.4s avg=30.9s/q  cum_tps=57.2 tok/s  tokens=1752
  Q: What exactly causes volcanoes to form?
  A: Here's a thinking process:

1.  **Understand User Question**: The user asks "What exactly causes volcanoes to form?" Thi...
[39/200] last=29.7s avg=30.9s/q  cum_tps=57.1 tok/s  tokens=1588
  Q: Hi, I have some falafel, but no tahini to put on them. Can you give me a recipe ...
  A: Here's a thinking process:

1.  **Understand User Request**: The user has falafel but no tahini, and wants a recipe to m...
[40/200] last=32.8s avg=31.0s/q  cum_tps=57.0 tok/s  tokens=1805
  Q: Should I get my children a nanny? I'm so exhausted.
  A: Here's a thinking process:

1.  **Analyze User Input:**
   - **Question:** "Should I get my children a nanny?"
   - **Co...
[41/200] last=24.9s avg=30.8s/q  cum_tps=57.0 tok/s  tokens=1339
  Q: When was Canada colonized?
  A: Here's a thinking process:

1.  **Analyze User Question:** The user asks "When was Canada colonized?"
2.  **Identify Key...
[42/200] last=33.0s avg=30.9s/q  cum_tps=56.9 tok/s  tokens=1783
  Q: How can I  use my phone less?
  A: Here's a thinking process:

1.  **Understand User Goal**: The user wants to know how to use their phone less. This is a ...
[43/200] last=36.8s avg=31.0s/q  cum_tps=56.9 tok/s  tokens=2048
  Q: How did mankind discover that the earth was spherical, and why did they initiall...
  A: Here's a thinking process:

1.  **Deconstruct the User's Question:**
   - **Part 1:** How did mankind discover that the ...
[44/200] last=19.8s avg=30.7s/q  cum_tps=56.8 tok/s  tokens=1064
  Q: What is Gremolata?
  A: Here's a thinking process:

1.  **Understand User Query**: The user asks "What is Gremolata?" - a straightforward defini...
[45/200] last=35.0s avg=30.8s/q  cum_tps=56.9 tok/s  tokens=2048
  Q: Why did humans evolve to believe in God?
  A: Here's a thinking process:

1.  **Analyze User Question:**
   - **Topic:** Evolution of religious belief/God belief in h...
[46/200] last=37.7s avg=31.0s/q  cum_tps=56.8 tok/s  tokens=2048
  Q: what should i build a cabin out of?
  A: Here's a thinking process:

1.  **Understand User Query:** The user is asking "what should i build a cabin out of?" This...
[47/200] last=32.7s avg=31.0s/q  cum_tps=56.8 tok/s  tokens=1850
  Q: Why do a lot of Scientists not believe in God or Satan?
  A: Here's a thinking process:

1.  **Understand User Query**: The user asks why many scientists don't believe in God or Sat...
[48/200] last=37.0s avg=31.1s/q  cum_tps=56.8 tok/s  tokens=2048
  Q: I like to host guests at my home from time to time, and I am gathering  recipes ...
  A: Here's a thinking process:

1.  **Understand User Request:**
   - User hosts guests occasionally
   - Wants recipes from...
[49/200] last=25.7s avg=31.0s/q  cum_tps=56.8 tok/s  tokens=1468
  Q: Why can I see the moon during the day?
  A: Here's a thinking process:

1.  **Understand User Question**: The user is asking "Why can I see the moon during the day?...
[50/200] last=32.1s avg=31.1s/q  cum_tps=56.8 tok/s  tokens=1896
  Q: How do I take care of a wooden table?
  A: Here's a thinking process:

1.  **Understand User Query**: The user is asking for guidance on how to take care of a wood...
[51/200] last=10.6s avg=30.7s/q  cum_tps=56.8 tok/s  tokens=621
  Q: What year was the Yamato Battleship built?
  A: Here's a thinking process:

1.  **Identify the core entity**: The user is asking about the "Yamato Battleship".
2.  **Id...
[52/200] last=16.9s avg=30.4s/q  cum_tps=56.8 tok/s  tokens=995
  Q: Did they ever announce the release date for the new elder scrolls game?
  A: Here's a thinking process:

1.  **Analyze User Question:**
   - User asks: "Did they ever announce the release date for ...
[53/200] last=34.3s avg=30.5s/q  cum_tps=56.9 tok/s  tokens=2048
  Q: I like to host guests at my home from time to time, and I am gathering  recipes ...
  A: Here's a thinking process:

1.  **Understand User Request:**
   - User wants to host guests occasionally
   - Looking fo...
[54/200] last=36.5s avg=30.6s/q  cum_tps=56.9 tok/s  tokens=2048
  Q: Please tell me about the romantic relationship between Julius Caesar and Cleopat...
  A: Here's a thinking process:

1.  **Understand User Query**: The user asks about the romantic relationship between Julius ...
[55/200] last=21.1s avg=30.4s/q  cum_tps=56.9 tok/s  tokens=1207
  Q: Hi, I'm in the mood for a Bloody Mary. Can you give me a recipe for making one?
  A: Here's a thinking process:

1.  **Understand User Request**: The user wants a recipe for a Bloody Mary cocktail.
2.  **I...
[56/200] last=37.4s avg=30.5s/q  cum_tps=56.8 tok/s  tokens=2048
  Q: What are some famous world music artists?
  A: Here's a thinking process:

1.  **Understand User Query**: The user asks for "famous world music artists." This is a bro...
[57/200] last=37.5s avg=30.7s/q  cum_tps=56.8 tok/s  tokens=2048
  Q: what are some good ways to spread ashes?
  A: Here's a thinking process:

1.  **Understand User Query**: The user is asking for "good ways to spread ashes" - this ref...
[58/200] last=35.0s avg=30.7s/q  cum_tps=56.8 tok/s  tokens=2019
  Q: I like to host guests at my home from time to time, and I am gathering  recipes ...
  A: Here's a thinking process:

1.  **Understand User Request:**
   - User wants to host guests and is gathering recipes fro...
[59/200] last=36.2s avg=30.8s/q  cum_tps=56.8 tok/s  tokens=2048
  Q: I like to host guests at my home from time to time, and I am gathering  recipes ...
  A: Here's a thinking process:

1.  **Analyze User Request:**
   - **Goal:** Wants a recipe for Koldskål (a traditional Dani...
[60/200] last=36.5s avg=30.9s/q  cum_tps=56.8 tok/s  tokens=2048
  Q: I've read the book "The Twelve Caesars" by Suetonius, a few times. I'm curious a...
  A: Here's a thinking process:

1.  **Understand User Query**: The user has read "The Twelve Caesars" by Suetonius multiple ...
[61/200] last=35.4s avg=31.0s/q  cum_tps=56.8 tok/s  tokens=2048
  Q: Please tell me the history of Walt Disney.
  A: Here's a thinking process:

1.  **Understand User Request:** The user is asking for the history of Walt Disney. This is ...
[62/200] last=34.6s avg=31.1s/q  cum_tps=56.8 tok/s  tokens=2048
  Q: Can you help me figure out how to sew a button on a shirt?
  A: Here's a thinking process:

1.  **Understand User Request**: The user wants help figuring out how to sew a button on a s...
[63/200] last=37.2s avg=31.2s/q  cum_tps=56.8 tok/s  tokens=2048
  Q: How did serial killers get away with murder for so long in the 70s and 80s?
  A: Here's a thinking process:

1.  **Understand User Query**: The user is asking about why serial killers were able to evad...
[64/200] last=35.4s avg=31.2s/q  cum_tps=56.8 tok/s  tokens=1951
  Q: How do I make apple juice?
  A: Here's a thinking process:

1.  **Understand User Request**: The user is asking "How do I make apple juice?" This is a s...
[65/200] last=37.3s avg=31.3s/q  cum_tps=56.7 tok/s  tokens=2048
  Q: I like to host guests at my home from time to time, and I am gathering  recipes ...
  A: Here's a thinking process:

1.  **Understand User Request:**
   - User wants to host guests occasionally
   - Gathering ...
[66/200] last=24.3s avg=31.2s/q  cum_tps=56.7 tok/s  tokens=1387
  Q: How can I make bubble solution?
  A: Here's a thinking process:

1.  **Understand User Request:** The user wants to know how to make bubble solution. This is...
[67/200] last=24.8s avg=31.1s/q  cum_tps=56.7 tok/s  tokens=1422
  Q: How to make frosting with crisco
  A: Here's a thinking process:

1.  **Understand User Request**: The user wants to know how to make frosting using Crisco (s...
[68/200] last=35.5s avg=31.2s/q  cum_tps=56.8 tok/s  tokens=2048
  Q: I like to host guests at my home from time to time, and I am gathering  recipes ...
  A: Here's a thinking process:

1.  **Understand User Request:**
   - User hosts guests at home occasionally
   - Wants reci...
[69/200] last=34.7s avg=31.2s/q  cum_tps=56.8 tok/s  tokens=2048
  Q: I want to learn more about airplanes. How were they created?
  A: Here's a thinking process:

1.  **Understand User Query**: The user wants to learn about airplanes, specifically how the...
[70/200] last=24.6s avg=31.1s/q  cum_tps=56.8 tok/s  tokens=1449
  Q: Can you tell me a very easy to way clean a showerhead?
  A: Here's a thinking process:

1.  **Understand User Request:**
   - **Topic:** Cleaning a showerhead
   - **Key Requiremen...
[71/200] last=12.6s avg=30.9s/q  cum_tps=56.8 tok/s  tokens=747
  Q: Please give me a list of planets in our solar system.  I am going to choose whic...
  A: Thinking Process:

1.  **Deconstruct the user's request:**
    *   Goal: User wants a list of planets in our solar syste...
[72/200] last=34.8s avg=30.9s/q  cum_tps=56.9 tok/s  tokens=2048
  Q: Who was the first lead vocal for the rock band Starship?
  A: Here's a thinking process:

1.  **Identify the Core Question**: The user asks: "Who was the first lead vocal for the roc...
[73/200] last=35.0s avg=31.0s/q  cum_tps=56.9 tok/s  tokens=2048
  Q: I need to get my nephew a birthday gift. I'm thinking of giving him a game for h...
  A: Here's a thinking process:

1.  **Analyze User Request:**
   - **Recipient:** Nephew (age not specified, but likely chil...
[74/200] last=22.8s avg=30.9s/q  cum_tps=56.9 tok/s  tokens=1349
  Q: Best way to defrost a refrigerator freezer?
  A: Here's a thinking process:

1.  **Understand User Query**: The user is asking for the "best way to defrost a refrigerato...
[75/200] last=35.8s avg=30.9s/q  cum_tps=56.9 tok/s  tokens=2048
  Q: What are some toys I can buy my kids for imaginative play?
  A: Here's a thinking process:

1.  **Understand User Request:**
   - **Topic:** Toys for imaginative play
   - **Target Aud...
[76/200] last=33.7s avg=31.0s/q  cum_tps=56.9 tok/s  tokens=1960
  Q: How do I know if my house has a water leak?
  A: Here's a thinking process:

1.  **Understand User Query:** The user is asking how to detect a water leak in their house....
[77/200] last=34.6s avg=31.0s/q  cum_tps=57.0 tok/s  tokens=2048
  Q: I like to host guests at my home from time to time, and I am gathering  recipes ...
  A: Here's a thinking process:

1.  **Understand User Request:**
   - User likes hosting guests at home
   - Wants recipes t...
[78/200] last=34.8s avg=31.1s/q  cum_tps=57.0 tok/s  tokens=2048
  Q: I like to host guests at my home from time to time, and I am gathering  recipes ...
  A: Here's a thinking process:

1.  **Understand User Request:**
   - User hosts guests occasionally and wants recipes to ke...
[79/200] last=32.7s avg=31.1s/q  cum_tps=57.0 tok/s  tokens=1810
  Q: What do the different octane values of gasoline mean?
  A: Here's a thinking process:

1.  **Understand User Query:** The user is asking about the meaning of different octane valu...
[80/200] last=32.1s avg=31.1s/q  cum_tps=57.0 tok/s  tokens=1794
  Q: How can I fix a leaking roof?
  A: Here's a thinking process:

1.  **Understand User Query**: The user is asking "How can I fix a leaking roof?" This is a ...
[81/200] last=30.5s avg=31.1s/q  cum_tps=57.0 tok/s  tokens=1788
  Q: I have a hard time falling asleep.  Is there any type of music that can help me ...
  A: Here's a thinking process:

1.  **Understand User Query**: The user is asking about music that can help them fall asleep...
[82/200] last=34.4s avg=31.1s/q  cum_tps=57.0 tok/s  tokens=2048
  Q: What are places to visit in Montgomery, Alabama?
  A: Here's a thinking process:

1.  **Understand User Query**: The user is asking for places to visit in Montgomery, Alabama...
[83/200] last=36.8s avg=31.2s/q  cum_tps=57.0 tok/s  tokens=2048
  Q: Hi, I've decided to keep a rat as a pet. How do I house, feed, and otherwise car...
  A: Here's a thinking process:

1.  **Understand User Request:**
   - User wants to get a pet rat
   - Needs guidance on: ho...
[84/200] last=35.4s avg=31.3s/q  cum_tps=57.0 tok/s  tokens=2048
  Q: How do you get water in the desert?
  A: Here's a thinking process:

1.  **Understand User Query**: The user asks "How do you get water in the desert?" This is a...
[85/200] last=30.5s avg=31.3s/q  cum_tps=57.0 tok/s  tokens=1755
  Q: How do I get better at aiming with my slingshot?
  A: Here's a thinking process:

1.  **Understand User Query**: The user wants to know how to improve their slingshot aiming ...
[86/200] last=36.2s avg=31.3s/q  cum_tps=57.0 tok/s  tokens=2048
  Q: I like to host guests at my home from time to time, and I am gathering  recipes ...
  A: Here's a thinking process:

1.  **Understand User Request:**
   - User hosts guests occasionally
   - Wants Argentinian ...
[87/200] last=35.5s avg=31.4s/q  cum_tps=57.0 tok/s  tokens=2048
  Q: I have my grandfather's antique fountain pen and a bottle of ink, but have never...
  A: Here's a thinking process:

1.  **Understand User Request**: The user has an antique fountain pen and a bottle of ink bu...
[88/200] last=35.2s avg=31.4s/q  cum_tps=57.0 tok/s  tokens=2048
  Q: Hi, I'd like to play ice hockey. Can you explain how the game works?
  A: Here's a thinking process:

1.  **Understand User Request**: The user wants to learn about ice hockey, specifically how ...
[89/200] last=12.6s avg=31.2s/q  cum_tps=57.0 tok/s  tokens=743
  Q: What is kevlar made out of?
  A: Here's a thinking process:

1.  **Understand User Question**: The user asks "What is kevlar made out of?" This is a stra...
[90/200] last=34.6s avg=31.2s/q  cum_tps=57.0 tok/s  tokens=2048
  Q: Hi, I'd like to learn how to play racquetball. Can you explain the game to me?
  A: Here's a thinking process:

1.  **Understand User Request:** The user wants to learn how to play racquetball. They're as...
[91/200] last=34.7s avg=31.3s/q  cum_tps=57.1 tok/s  tokens=2048
  Q: What are some  good books to buy for a sci fi fan?
  A: Here's a thinking process:

1.  **Analyze User Request:**
   - **Topic:** Sci-fi books
   - **Goal:** Recommendations fo...
[92/200] last=22.5s avg=31.2s/q  cum_tps=57.1 tok/s  tokens=1332
  Q: When were smart phones first made?
  A: Here's a thinking process:

1.  **Understand User Question**: The user asks "When were smart phones first made?"
2.  **I...
[93/200] last=34.7s avg=31.2s/q  cum_tps=57.1 tok/s  tokens=2046
  Q: Hi, I'd like to learn to bake challah. Can you give me a recipe for that?
  A: Here's a thinking process:

1.  **Understand User Request:** The user wants to learn how to bake challah and is asking f...
[94/200] last=10.0s avg=31.0s/q  cum_tps=57.1 tok/s  tokens=580
  Q: Did Facebook corporation change its name?
  A: Here's a thinking process:

1.  **Identify the core question**: The user is asking if Facebook corporation changed its n...
[95/200] last=34.9s avg=31.0s/q  cum_tps=57.1 tok/s  tokens=1947
  Q: I like to host guests at my home from time to time, and I am gathering  recipes ...
  A: Here's a thinking process:

1.  **Understand User Request:**
   - User hosts guests at home occasionally
   - Wants to g...
[96/200] last=35.5s avg=31.1s/q  cum_tps=57.1 tok/s  tokens=2048
  Q: I want to start saving some money by growing my own food. Can I do this during t...
  A: Here's a thinking process:

1.  **Understand User Goal**: The user wants to save money by growing their own food, specif...
[97/200] last=28.7s avg=31.1s/q  cum_tps=57.1 tok/s  tokens=1692
  Q: How can I spice things up in the bedroom?
  A: Here's a thinking process:

1.  **Understand User Query**: The user is asking "How can I spice things up in the bedroom?...
[98/200] last=22.4s avg=31.0s/q  cum_tps=57.1 tok/s  tokens=1278
  Q: Is human blood ever any color other than red?
  A: Here's a thinking process:

1.  **Understand the User's Question:** The user asks if human blood is ever any color other...
[99/200] last=34.5s avg=31.0s/q  cum_tps=57.1 tok/s  tokens=1931
  Q: Please tell me about pearls.  Where are they found?
  A: Here's a thinking process:

1.  **Understand User Query**: The user is asking about pearls, specifically:
   - General i...
[100/200] last=27.8s avg=31.0s/q  cum_tps=57.1 tok/s  tokens=1549
  Q: What are some herbs I can dry out?
  A: Here's a thinking process:

1.  **Understand User Query**: The user is asking for herbs that can be dried out. This is a...
[101/200] last=36.1s avg=31.0s/q  cum_tps=57.1 tok/s  tokens=2048
  Q: I like to host guests at my home from time to time, and I am gathering  recipes ...
  A: Here's a thinking process:

1.  **Understand User Request:**
   - User likes hosting guests at home
   - Wants recipes t...
[102/200] last=36.0s avg=31.1s/q  cum_tps=57.1 tok/s  tokens=2048
  Q: What is a scary Halloween costume idea?
  A: Here's a thinking process:

1.  **Understand User Request:** The user is asking for a "scary Halloween costume idea." Th...
[103/200] last=20.6s avg=31.0s/q  cum_tps=57.1 tok/s  tokens=1257
  Q: Whats the largest star in our galaxy?
  A: Here's a thinking process:

1.  **Understand User Question**: The user asks "Whats the largest star in our galaxy?" This...
[104/200] last=31.9s avg=31.0s/q  cum_tps=57.1 tok/s  tokens=1903
  Q: I'm trying to draw out a hopscotch game on my driveway. Can you walk me through ...
  A: Here's a thinking process:

1.  **Understand User Request**: The user wants to draw a hopscotch game on their driveway. ...
[105/200] last=25.5s avg=30.9s/q  cum_tps=57.1 tok/s  tokens=1486
  Q: Can you tell me how to make chocolate chip cookies?
  A: Here's a thinking process:

1.  **Understand User Request**: The user wants a recipe for chocolate chip cookies. This is...
[106/200] last=14.6s avg=30.8s/q  cum_tps=57.2 tok/s  tokens=874
  Q: Where is Indonesia?
  A: Here's a thinking process:

1.  **Understand User Query**: The user asks "Where is Indonesia?" - a straightforward geogr...
[107/200] last=20.0s avg=30.7s/q  cum_tps=57.1 tok/s  tokens=1093
  Q: Hi, I need to find the area of a 20 sided die for my math homework. Can you help...
  A: Here's a thinking process:

1.  **Understand User Request**: The user wants to find the "area of a 20 sided die" for mat...
[108/200] last=37.3s avg=30.7s/q  cum_tps=57.1 tok/s  tokens=2044
  Q: I'm trying to learn how to install window blinds.
  A: Here's a thinking process:

1.  **Understand User Goal**: The user wants to learn how to install window blinds. This is ...
[109/200] last=34.7s avg=30.8s/q  cum_tps=57.1 tok/s  tokens=2048
  Q: I want to learn more about becoming a CPA. How long does it take to become a CPA...
  A: Here's a thinking process:

1.  **Understand User Query:** The user wants to know how long it takes to become a CPA (Cer...
[110/200] last=30.5s avg=30.8s/q  cum_tps=57.2 tok/s  tokens=1846
  Q: I want to talk about "Smooth",  a song by Rob Thomas.
  A: Here's a thinking thinking sequence

1.  **Deconstruct the user's request:**
    *   Topic: "Smooth" by Rob Thomas.
    ...
[111/200] last=34.6s avg=30.8s/q  cum_tps=57.2 tok/s  tokens=2048
  Q: I'd like you to write me a story in the style of Don Delillo, about a bunch of i...
  A: Here's a thinking thinking sequence

1.  **Deconstruct the Request:**
    *   Topic: Immortal cats living in a New York ...
[112/200] last=26.9s avg=30.8s/q  cum_tps=57.2 tok/s  tokens=1490
  Q: I like to host guests at my home from time to time, and I am gathering  recipes ...
  A: Here's a thinking process:

1.  **Understand User Request:**
   - User wants to host guests and is collecting recipes
  ...
[113/200] last=19.4s avg=30.7s/q  cum_tps=57.1 tok/s  tokens=1062
  Q: Is it true that the native Australians were really prisoners of England?
  A: Here's a thinking process:

1.  **Analyze User Question**: The user asks: "Is it true that the native Australians were r...
[114/200] last=8.3s avg=30.5s/q  cum_tps=57.1 tok/s  tokens=428
  Q: What color is the sky
  A: Here's a thinking process:

1.  **Analyze User Input:** The user asks "What color is the sky"
2.  **Identify Core Questi...
[115/200] last=27.3s avg=30.4s/q  cum_tps=57.1 tok/s  tokens=1470
  Q: Is there a meaning for Christmas wreaths?
  A: Here's a thinking process:

1.  **Understand User Query**: The user is asking about the meaning/symbolism behind Christm...
[116/200] last=36.9s avg=30.5s/q  cum_tps=57.1 tok/s  tokens=2048
  Q: I like to host guests at my home from time to time, and I am gathering  recipes ...
  A: Here's a thinking process:

1.  **Analyze User Request:**
   - **Goal:** Host guests at home, gather recipes from differ...
[117/200] last=33.8s avg=30.5s/q  cum_tps=57.1 tok/s  tokens=2048
  Q: Hi, I'd like to make my own peanut brittle. Can you give me a recipe and cooking...
  A: Here's a thinking process:

1.  **Understand User Request**: The user wants a recipe and cooking instructions for making...
[118/200] last=35.0s avg=30.6s/q  cum_tps=57.1 tok/s  tokens=2048
  Q: I'm trying to stop my neighbour's cat from coming in to my garden and fighting w...
  A: Here's a thinking process:

1.  **Understand User Problem**: The user wants to stop their neighbor's cat from entering t...
[119/200] last=13.0s avg=30.4s/q  cum_tps=57.1 tok/s  tokens=743
  Q: does the dinosaurs really exist?
  A: Here's a thinking process:

1.  **Understand User Question**: The user asks "does the dinosaurs really exist?" This is a...
[120/200] last=37.1s avg=30.5s/q  cum_tps=57.1 tok/s  tokens=2048
  Q: what are some big cat hybrids?
  A: Here's a thinking process:

1.  **Understand User Query**: The user is asking about "big cat hybrids". This refers to hy...
[121/200] last=17.0s avg=30.4s/q  cum_tps=57.1 tok/s  tokens=1014
  Q: what is the name of chris tucker first movie
  A: Here's a thinking process:

1.  **Identify the core question**: The user is asking for the name of Chris Tucker's first ...
[122/200] last=22.2s avg=30.3s/q  cum_tps=57.1 tok/s  tokens=1295
  Q: How long does it take our eyes to fully adapt to darkness?
  A: Here's a thinking process:

1.  **Understand User Question**: The user asks: "How long does it take our eyes to fully ad...
[123/200] last=13.0s avg=30.2s/q  cum_tps=57.1 tok/s  tokens=768
  Q: Has there been any news regarding a potential release date for Starcraft 3?
  A: Here's a thinking process:

1.  **Analyze User Query:** The user is asking about news regarding a potential release date...
[124/200] last=36.0s avg=30.2s/q  cum_tps=57.1 tok/s  tokens=2048
  Q: How is oil turned into gasoline?
  A: Here's a thinking process:

1.  **Understand User Question**: The user asks "How is oil turned into gasoline?" This is a...
[125/200] last=32.9s avg=30.2s/q  cum_tps=57.1 tok/s  tokens=1797
  Q: Can you give any tips on how to cook a juicy, medium-rare steak?
  A: Here's a thinking process:

1.  **Understand User Request**: The user wants tips on cooking a juicy, medium-rare steak. ...
[126/200] last=17.2s avg=30.1s/q  cum_tps=57.1 tok/s  tokens=904
  Q: When was hip hop invented?
  A: Here's a thinking process:

1.  **Understand User Query**: The user asks "When was hip hop invented?"
2.  **Identify Key...
[127/200] last=36.4s avg=30.2s/q  cum_tps=57.1 tok/s  tokens=2048
  Q: Hi, I recently inherited a S&W 1006 and I don't even know how to load it. Can yo...
  A: Here's a thinking process:

1.  **Analyze User Input:**
   - **Firearm:** Smith & Wesson 1006 (S&W 1006)
   - **Question...
[128/200] last=30.6s avg=30.2s/q  cum_tps=57.1 tok/s  tokens=1735
  Q: My friend's dog just died and they're really sad. How do I comfort them?
  A: Here's a thinking process:

1.  **Understand User's Need**: The user is asking for advice on how to comfort a friend who...
[129/200] last=17.0s avg=30.1s/q  cum_tps=57.1 tok/s  tokens=910
  Q: Is the US border open to Canada?
  A: Here's a thinking process:

1.  **Understand User Query**: The user is asking "Is the US border open to Canada?" This is...
[130/200] last=36.9s avg=30.1s/q  cum_tps=57.0 tok/s  tokens=2048
  Q: Can you list the top 20 films or movies between 1930 and 1940 that are in Englis...
  A: Here's a thinking process:

1.  **Understand User Request:**
   - **Top 20 films/movies**
   - **Timeframe:** 1930-1940 ...
[131/200] last=34.4s avg=30.2s/q  cum_tps=57.1 tok/s  tokens=2048
  Q: Take MLK speech "I had a dream" but turn it into a top 100 rap song
  A: Here's a thinking process:

1.  **Analyze User Request:**
   - **Input:** MLK's "I Had a Dream" speech (specifically the...
[132/200] last=12.0s avg=30.0s/q  cum_tps=57.1 tok/s  tokens=690
  Q: List the layers of the TCP/IP model and for each layer identify one protocol.
  A: Here's a thinking process:

1.  **Understand User Request:**
   - The user wants a list of the layers in the TCP/IP mode...
[133/200] last=36.7s avg=30.1s/q  cum_tps=57.1 tok/s  tokens=2048
  Q: Why can't bank use cash as capital as a buffer for potential losses?
  A: Here's a thinking process:

1.  **Understand the User's Question:** The user is asking why banks can't use cash as capit...
[134/200] last=13.8s avg=30.0s/q  cum_tps=57.1 tok/s  tokens=840
  Q: convert December 21 · 1:00 – 1:50pm pacific to asia/taipei time
  A: Here's a thinking process:

1.  **Analyze User Input:**
   - Date/Time: December 21, 1:00 – 1:50 PM Pacific Time (PT)
  ...
[135/200] last=34.3s avg=30.0s/q  cum_tps=57.1 tok/s  tokens=2048
  Q: Can you tell my a story about nuclear physics like dr Seuss?
  A: Here's a thinking process:

1.  **Analyze User Request:**
   - **Topic:** Nuclear physics
   - **Style:** Dr. Seuss (rhy...
[136/200] last=23.0s avg=29.9s/q  cum_tps=57.1 tok/s  tokens=1339
  Q: Message to client for accepting offer for summary video
  A: Here's a thinking process:

1.  **Understand User Request:**
   - **Goal:** Write a message to a client accepting an off...
[137/200] last=36.0s avg=30.0s/q  cum_tps=57.1 tok/s  tokens=2048
  Q: Can you write a short story where Hildibrand Manderville somehow gets transforme...
  A: Here's a thinking thinking sequence

1.  **Deconstruct the prompt:**
    *   Protagonist: Hildibrand Manderville.
    * ...
[138/200] last=35.7s avg=30.0s/q  cum_tps=57.1 tok/s  tokens=2048
  Q: I'm currently studying Bioengineering in Argentina, focusing on computational ne...
  A: Here's a thinking process:

1.  **Analyze User Input:**
   - **Field:** Bioengineering, focusing on Computational Neuros...
[139/200] last=34.7s avg=30.1s/q  cum_tps=57.1 tok/s  tokens=2048
  Q: Write an interview between a Female Film director and a journalist. Use advanced...
  A: Here's a thinking process:

1.  **Analyze User Input:**
   - **Format:** Interview between a female film director and a ...
[140/200] last=35.2s avg=30.1s/q  cum_tps=57.1 tok/s  tokens=2048
  Q: Give me a sample 5 day itienary for a switzerland holiday, starting from Basel
  A: Here's a thinking process:

1.  **Understand User Request:**
   - **Destination:** Switzerland
   - **Duration:** 5 days...
[141/200] last=36.8s avg=30.1s/q  cum_tps=57.1 tok/s  tokens=2048
  Q: explain The Death of Ivan Ilych
  A: Here's a thinking process:

1.  **Understand User Request**: The user wants an explanation of "The Death of Ivan Ilych" ...
[142/200] last=35.6s avg=30.2s/q  cum_tps=57.1 tok/s  tokens=2048
  Q: Why is it that only proteins, carbohydrates and fats are deemed to have caloric ...
  A: Here's a thinking process:

1.  **Understand User's Question:**
   - The user is asking why only proteins, carbohydrates...
[143/200] last=29.7s avg=30.2s/q  cum_tps=57.1 tok/s  tokens=1740
  Q: Navina has $30 more to her weekly budget than her younger sister and can afford ...
  A: Here's a thinking process:

1.  **Analyze User Input:**
   - "Navina has $30 more to her weekly budget than her younger ...
[144/200] last=35.7s avg=30.2s/q  cum_tps=57.1 tok/s  tokens=2048
  Q: rank the following companies by how pro-consumer they are:
Microsoft, Google, Ni...
  A: Here's a thinking process:

1.  **Understand the User Request:**
   - **Task:** Rank companies by how "pro-consumer" the...
[145/200] last=8.3s avg=30.1s/q  cum_tps=57.1 tok/s  tokens=460
  Q: Anytown Bank obtaining and using consumer reports in connection with any credit ...
  A: The user wants to identify the correct term for when a bank obtains and uses consumer reports for unsolicited firm offer...
[146/200] last=37.5s avg=30.1s/q  cum_tps=57.1 tok/s  tokens=2048
  Q: I’m planning to visit Okinawa Japan from April 7th to April 10th. Do you have an...
  A: Here's a thinking process:

1.  **Analyze User Input:**
   - **Destination:** Okinawa, Japan
   - **Dates:** April 7th t...
[147/200] last=31.0s avg=30.1s/q  cum_tps=57.1 tok/s  tokens=1790
  Q: I have this text: <br><br>We use professional processes. Use the photo delivery ...
  A: Here's a thinking process:

1.  **Analyze User Input:**
   - **Original Text:** "<br><br>We use professional processes. ...
[148/200] last=35.8s avg=30.2s/q  cum_tps=57.1 tok/s  tokens=2048
  Q: define a new language that contains words that are with numbers and letters such...
  A: Here's a thinking process:

1.  **Understand User Request:**
   - The user wants me to "define a new language" that cont...
[149/200] last=36.3s avg=30.2s/q  cum_tps=57.1 tok/s  tokens=2048
  Q: Write me a 2000 word essay on a water safety engineering project.
  A: Here's a thinking thinking sequence

1.  **Deconstruct the user:**
    *   Topic: Water safety engineering project.
    ...
[150/200] last=34.9s avg=30.2s/q  cum_tps=57.1 tok/s  tokens=2048
  Q: Marie is at the music store for a store day. She bought two $50 combos. Then, fo...
  A: Here's a thinking process:

1.  **Analyze User Input:**
   - Marie is at a music store for a store day. (Irrelevant cont...
[151/200] last=21.7s avg=30.2s/q  cum_tps=57.1 tok/s  tokens=1309
  Q: Mick pays his teacher $800 for 40 lessons worth 2 hours each. If this will be al...
  A: Here's a thinking process:

1.  **Analyze User Input:**
   - Mick pays his teacher $800 for 40 lessons.
   - Each lesson...
[152/200] last=34.7s avg=30.2s/q  cum_tps=57.1 tok/s  tokens=2048
  Q: How to improve instance segmentation AP metrics with human knowledge
  A: Here's a thinking process:

1.  **Understand User Query:**
   - **Topic:** Instance Segmentation AP (Average Precision) ...
[153/200] last=35.7s avg=30.2s/q  cum_tps=57.1 tok/s  tokens=2048
  Q: what is needed for self-sufficient living spaces
  A: Here's a thinking process:

1.  **Understand User Query:** The user is asking "what is needed for self-sufficient living...
[154/200] last=33.7s avg=30.3s/q  cum_tps=57.2 tok/s  tokens=2048
  Q: please act like a business consultant that is doing a project of estimating the ...
  A: Here's a thinking thinking sequence

1.  **Deconstruct the user's request:**
    *   Role: Business Consultant.
    *   ...
[155/200] last=34.3s avg=30.3s/q  cum_tps=57.2 tok/s  tokens=2048
  Q: Expand on the relation between inconsistency and ideological thinking
  A: Here's a thinking process:

1.  **Understand User Request:**
   - **Topic:** Relation between inconsistency and ideologi...
[156/200] last=30.1s avg=30.3s/q  cum_tps=57.2 tok/s  tokens=1670
  Q: Why do people give Reddit Gold to admins?
  A: Here's a thinking process:

1.  **Understand User Question**: The user is asking about the motivation behind giving Redd...
[157/200] last=36.8s avg=30.3s/q  cum_tps=57.2 tok/s  tokens=2048
  Q: Create an Annotated Bibliography, in APA citation style, with six entries descri...
  A: Here's a thinking thinking sequence

1.  **Deconstruct the Request:**
    *   Goal: Create an Annotated Bibliography.
  ...
[158/200] last=37.3s avg=30.4s/q  cum_tps=57.1 tok/s  tokens=2048
  Q: What does Nassim Nicholas Taleb say about market efficiency?
  A: Here's a thinking process:

1.  **Understand User Query**: The user asks about Nassim Nicholas Taleb's views on market e...
[159/200] last=19.6s avg=30.3s/q  cum_tps=57.1 tok/s  tokens=1124
  Q: Can a boy and girl be just be best friends only ever

  A: Here's a thinking process:

1.  **Understand User Query**: The user is asking whether a boy and a girl can be "just best...
[160/200] last=10.0s avg=30.2s/q  cum_tps=57.1 tok/s  tokens=580
  Q: If a tree is on the top of a mountain and the mountain is far from the see then ...
  A: Here's a thinking process:

1.  **Analyze User Input:**
   - Premise 1: A tree is on the top of a mountain.
   - Premise...
[161/200] last=32.6s avg=30.2s/q  cum_tps=57.1 tok/s  tokens=1764
  Q: hat would be the reason for the popularity of youtube compared to other video sh...
  A: Here's a thinking process:

1.  **Understand User Query**: The user is asking why YouTube is more popular than other vid...
[162/200] last=37.6s avg=30.2s/q  cum_tps=57.1 tok/s  tokens=2048
  Q: Tell me something I don’t know
  A: Here's a thinking process:

1.  **Analyze User Input:**
   - **Prompt:** "Tell me something I don’t know"
   - **Nature:...
[163/200] last=36.3s avg=30.3s/q  cum_tps=57.1 tok/s  tokens=2048
  Q: You are a script-writer. Write a script for the opening scene of a Miami-based d...
  A: Here's a thinking process:

1.  **Analyze User Input:**
   - **Role:** Script-writer
   - **Format:** Opening scene of a...
[164/200] last=28.6s avg=30.3s/q  cum_tps=57.1 tok/s  tokens=1631
  Q: Do you know something about the book  ＂the art of thinking clearly" wrote by Rol...
  A: Here's a thinking process:

1.  **Analyze User Input:**
   - **Book Title:** "The Art of Thinking Clearly"
   - **Author...
[165/200] last=14.1s avg=30.2s/q  cum_tps=57.1 tok/s  tokens=848
  Q: antennas that transmit an equal amount of energy in the horizontal direction are...
  A: Here's a thinking process:

1.  **Analyze User Input:**
   - **Question:** "antennas that transmit an equal amount of en...
[166/200] last=29.2s avg=30.2s/q  cum_tps=57.1 tok/s  tokens=1633
  Q: write an introduction of a person for resume who worked as an in-house IT for 18...
  A: Here's a thinking process:

1.  **Analyze User Input:**
   - **Role:** In-house IT professional
   - **Experience:** 18 ...
[167/200] last=33.0s avg=30.2s/q  cum_tps=57.1 tok/s  tokens=1834
  Q: Hi, I have a question about MFCC (mel frequency cepstral coefficients). Are they...
  A: Here's a thinking process:

1.  **Understand User's Question**: The user is asking about the relationship between MFCCs ...
[168/200] last=35.0s avg=30.2s/q  cum_tps=57.1 tok/s  tokens=2048
  Q: who was the black cabinet member who went on to play an important role in the ci...
  A: Here's a thinking process:

1.  **Analyze User Question:**
   - Key elements: "black cabinet member", "went on to play a...
[169/200] last=26.8s avg=30.2s/q  cum_tps=57.1 tok/s  tokens=1497
  Q: “One One was a race horse Two Two was one too. One One won one race. Two Two won...
  A: Here's a thinking process:

1.  **Analyze User Input:**
   - The user provides a famous tongue twister: “One One was a r...
[170/200] last=36.1s avg=30.2s/q  cum_tps=57.1 tok/s  tokens=2048
  Q: Over two thousand years, the moon has covered every point on the Earth once. At ...
  A: Here's a thinking process:

1.  **Analyze User Input:**
   - "Over two thousand years, the moon has covered every point ...
[171/200] last=34.3s avg=30.3s/q  cum_tps=57.1 tok/s  tokens=2048
  Q: twenty names of famous horses and who they belonged to
  A: Here's a thinking process:

1.  **Understand User Request**: The user wants 20 names of famous horses and their owners.
...
[172/200] last=34.6s avg=30.3s/q  cum_tps=57.1 tok/s  tokens=2048
  Q: Write an interesting and detailed backstory for my half-elf ranger character for...
  A: Here's a thinking process:

1.  **Analyze User Request:**
   - **Character:** Half-elf ranger
   - **Setting:** Pathfind...
[173/200] last=36.3s avg=30.3s/q  cum_tps=57.1 tok/s  tokens=2048
  Q: In this math problem, we are asked to figure out the percentage of total profits...
  A: Here's a thinking process that leads to the suggested answer:

1.  **Analyze the User's Request:**
    *   **Given Data:...
[174/200] last=23.9s avg=30.3s/q  cum_tps=57.1 tok/s  tokens=1382
  Q: Why is it a bad idea to give a mouse a cookie?
  A: Thinking Process:

1.  **Deconstruct the question:** "Why is it a bad idea to give a mouse a cookie?"
2.  **Initial asso...
[175/200] last=13.5s avg=30.2s/q  cum_tps=57.1 tok/s  tokens=731
  Q: which second messenger molecule acts on the endoplasmic reticulum to release cal...
  A: Here's a thinking process:

1.  **Identify the Core Question**: The user is asking about a specific second messenger mol...
[176/200] last=36.7s avg=30.2s/q  cum_tps=57.1 tok/s  tokens=2048
  Q: How can anti-deressants make people think or act suicidally? Suicidal thoughts o...
  A: Here's a thinking process:

1.  **Analyze User Input:**
   - **Question:** How can antidepressants make people think or ...
[177/200] last=36.4s avg=30.3s/q  cum_tps=57.1 tok/s  tokens=2048
  Q: Create a lesson plan in two different levels: in CEFR A1 and A2 on the topic of ...
  A: Here's a thinking thinking sequence

1.  **Deconstruct the user's request:**
    *   Goal: Create a lesson plan on the t...
[178/200] last=36.5s avg=30.3s/q  cum_tps=57.1 tok/s  tokens=2048
  Q: Draft a ministerial speech outlining the top five benefits that innovation bring...
  A: Here's a thinking thinking sequence

1.  **Deconstruct the user:**
    *   Topic: Ministerial speech.
    *   Outline: T...
[179/200] last=27.2s avg=30.3s/q  cum_tps=57.1 tok/s  tokens=1502
  Q: Is online casino legal in India?
  A: Here's a thinking process:

1.  **Understand User Query**: The user is asking about the legality of online casinos in In...
[180/200] last=31.2s avg=30.3s/q  cum_tps=57.1 tok/s  tokens=1718
  Q: Write a section for an award application detailing how photography has insipired...
  A: Here's a thinking process:

1.  **Analyze User Request:**
   - **Topic:** How photography has inspired me
   - **Format:...
[181/200] last=35.8s avg=30.3s/q  cum_tps=57.1 tok/s  tokens=2048
  Q: I want to eventually become a plant/manufacturing/production manager, and eventu...
  A: Here's a thinking process:

1.  **Understand User Goal:** The user wants to become a Plant/Manufacturing/Production Mana...
[182/200] last=29.5s avg=30.3s/q  cum_tps=57.1 tok/s  tokens=1739
  Q: explain the basics of area and perimeter
  A: Here's a thinking process:

1.  **Understand User Request:** The user wants an explanation of the basics of area and per...
[183/200] last=36.5s avg=30.3s/q  cum_tps=57.1 tok/s  tokens=2048
  Q: Write a story about Anakin Skywalker encountering a Jedi who speaks and acts lik...
  A: Here's a thinking thinking sequence

1.  **Deconstruct the prompt:**
    *   Protagonist: Anakin Skywalker. Key traits: ...
[184/200] last=36.1s avg=30.4s/q  cum_tps=57.1 tok/s  tokens=2048
  Q: what are the possible performance issues in a learning program on cross cultural...
  A: Here's a thinking process:

1.  **Understand User Query:** The user is asking about "possible performance issues in a le...
[185/200] last=25.1s avg=30.3s/q  cum_tps=57.0 tok/s  tokens=1341
  Q: write description for 925 sterling silver miami cuban link chain
  A: Here's a thinking process:

1.  **Analyze User Request:**
   - **Product:** 925 Sterling Silver Miami Cuban Link Chain
 ...
[186/200] last=36.7s avg=30.4s/q  cum_tps=57.0 tok/s  tokens=2048
  Q: cost of fuel for a 14 mile journey in a car with 48mpg, fuel costs 625 pence per...
  A: Here's a thinking process:

1.  **Analyze User Input:**
   - Journey distance: 14 miles
   - Car fuel efficiency: 48 mpg...
[187/200] last=35.8s avg=30.4s/q  cum_tps=57.0 tok/s  tokens=2048
  Q: How does money go from my pocket, through the stock market, and to support the b...
  A: Here's a thinking process:

1.  **Understand User's Question**: The user is asking about the flow of money from an indiv...
[188/200] last=35.4s avg=30.4s/q  cum_tps=57.0 tok/s  tokens=2048
  Q: Can you provide a list of health food brands owned by Hispanic founders
  A: Here's a thinking process:

1.  **Understand User Request**: The user wants a list of health food brands owned by Hispan...
[189/200] last=36.2s avg=30.5s/q  cum_tps=57.0 tok/s  tokens=2048
  Q: 63-year-old male with diabetes for seven to eight years (BbA1c consistently betw...
  A: Here's a thinking process:

1.  **Analyze User Input:**
   - **Patient:** 63-year-old male
   - **Diabetes:** 7-8 years ...
[190/200] last=35.9s avg=30.5s/q  cum_tps=57.0 tok/s  tokens=2048
  Q: What if people only valued and took pride in the things that were true about the...
  A: Here's a thinking process:

1.  **Analyze the User's Premise:**
   - **Core idea:** People only value and take pride in ...
[191/200] last=35.4s avg=30.5s/q  cum_tps=57.0 tok/s  tokens=2048
  Q: It's officially 2023, and as we enter a brand new year, what better time to set ...
  A: Thinking Process:

1.  **Analyze the Request:**
    *   Context: It's 2023 (user mention, though current date is 2024/20...
[192/200] last=35.9s avg=30.6s/q  cum_tps=57.0 tok/s  tokens=2012
  Q: I need to learn English could you help me and make a exercise
  A: Here's a thinking process:

1.  **Understand User Request:**
   - User wants to learn English
   - Asks for help and an ...
[193/200] last=35.6s avg=30.6s/q  cum_tps=57.0 tok/s  tokens=2048
  Q: Why does warmth make you feel tired?
  A: Here's a thinking process:

1.  **Understand User Question**: The user asks "Why does warmth make you feel tired?" This ...
[194/200] last=35.6s avg=30.6s/q  cum_tps=57.0 tok/s  tokens=2048
  Q: write an article informing customer of my saas software that this currently is  ...
  A: Here's a thinking process:

1.  **Analyze User Request:**
   - **Goal:** Write an article to inform customers that the S...
[195/200] last=35.2s avg=30.6s/q  cum_tps=57.0 tok/s  tokens=2048
  Q: Explain me the Finite Elemente Method
  A: Here's a thinking process:

1.  **Understand User Request:** The user wants an explanation of the Finite Element Method ...
[196/200] last=17.4s avg=30.6s/q  cum_tps=57.0 tok/s  tokens=1004
  Q: I've put a plate on top of an apple, and take the plate from kitchen to dinning ...
  A: Here's a thinking process:

1.  **Analyze User Input:**
   - Action: "I've put a plate on top of an apple"
   - Movement...
[197/200] last=35.6s avg=30.6s/q  cum_tps=57.0 tok/s  tokens=2048
  Q: Introduce the ”financial markets and institutions“ by Frederic S. Mishkin
  A: Here's a thinking process:

1.  **Understand User Request:**
   - The user wants an introduction to the book "Financial ...
[198/200] last=28.0s avg=30.6s/q  cum_tps=57.0 tok/s  tokens=1575
  Q: when are hops added to the brewing process?
  A: Here's a thinking process:

1.  **Understand User Question**: The user is asking "when are hops added to the brewing pro...
[199/200] last=32.5s avg=30.6s/q  cum_tps=57.0 tok/s  tokens=1800
  Q: Can a Liebherr LTM 11200-9.1 hypothetically lift Mount everest
  A: Here's a thinking process:

1.  **Understand User Question**: The user asks if a Liebherr LTM 11200-9.1 (a massive mobil...
[200/200] last=2.8s avg=30.4s/q  cum_tps=57.0 tok/s  tokens=155
  Q: Write "Test"
  A: Thinking Process:

1.  **Analyze the Request:** The user is asking me to write the word "Test".
2.  **Determine the inte...

=== summary ===
  saved 200 results to exp/alpaca-0gm35b-b2-inproc-20260609/alpaca_0gm35b_b2_08_nosia.json
  errors: 0
  total tokens: 347231
  total wall time: 6089s (101.5 min)
  throughput: 57.0 tok/s
