loaded 200 prompts from data/alpaca_eval/alpaca_eval.json
base_url    : http://localhost:8000/v1
model       : 0GM-1.0-35B-A3B-0427
max_tokens  : 2048
temperature : 1.0
top_p / top_k / rep_penalty: 0.95 / 20 / 1.0
disable_thinking: False
no_think_prompt : False
sia_weight / sia_topk / sia_entropy_threshold: None / None / None
output      : exp/alpaca-0gm35b-b2-inproc-20260609/alpaca_0gm35b_pure_vllm_08_nosia.json
------------------------------------------------------------
[1/200] last=18.9s avg=18.9s/q  cum_tps=108.2 tok/s  tokens=2048
  Q: What are the names of some famous actors that started their careers on Broadway?
  A: Here's a thinking process:

1.  **Understand User Query**: The user is asking for names of famous actors who started the...
[2/200] last=17.7s avg=18.3s/q  cum_tps=111.8 tok/s  tokens=2048
  Q: How did US states get their names?
  A: Here's a thinking process:

1.  **Understand User Question**: The user asks "How did US states get their names?" This is...
[3/200] last=18.4s avg=18.3s/q  cum_tps=111.7 tok/s  tokens=2048
  Q: Hi, my sister and her girlfriends want me to play kickball with them. Can you ex...
  A: Here's a thinking process:

1.  **Understand User Request:**
   - User wants to play kickball with their sister and her ...
[4/200] last=18.2s avg=18.3s/q  cum_tps=111.9 tok/s  tokens=2048
  Q: What is some cool music from the 1920s?
  A: Here's a thinking process:

1.  **Understand User Request:** The user is asking for "cool music from the 1920s". This is...
[5/200] last=12.0s avg=17.0s/q  cum_tps=112.7 tok/s  tokens=1413
  Q: How do I wrap a present neatly?
  A: Here's a thinking process:

1.  **Understand User Request:** The user wants to know how to wrap a present neatly. This i...
[6/200] last=14.1s avg=16.6s/q  cum_tps=113.7 tok/s  tokens=1690
  Q: How do I dice without slicing my finger
  A: Here's a thinking process:

1.  **Understand User Query**: The user is asking for tips/techniques on how to dice food (l...
[7/200] last=7.5s avg=15.3s/q  cum_tps=113.8 tok/s  tokens=872
  Q: Hi, I'm trying to solve a crossword puzzle, but I've never done one of these bef...
  A: Here's a thinking process:

1.  **Understand User Request**: The user is asking for help with a crossword puzzle. They m...
[8/200] last=10.5s avg=14.7s/q  cum_tps=114.2 tok/s  tokens=1235
  Q: Who is Larry Page?
  A: Here's a thinking process:

1.  **Identify the User's Question**: The user asks "Who is Larry Page?"

2.  **Key Informat...
[9/200] last=17.3s avg=15.0s/q  cum_tps=114.7 tok/s  tokens=2048
  Q: What are different drawers I should have for clothes?
  A: Here's a thinking process:

1.  **Understand User Query:** The user is asking "What are different drawers I should have ...
[10/200] last=17.9s avg=15.3s/q  cum_tps=114.6 tok/s  tokens=2048
  Q: I like to host guests at my home from time to time, and I am gathering  recipes ...
  A: Here's a thinking process:

1.  **Understand User Request:**
   - User hosts guests occasionally
   - Wants recipes for ...
[11/200] last=15.6s avg=15.3s/q  cum_tps=114.4 tok/s  tokens=1755
  Q: do you think retinoid is effective on removing the acne? because I have a lot of...
  A: Here's a thinking process:

1.  **Understand User Query**: The user is asking if retinoids are effective for removing ac...
[12/200] last=17.9s avg=15.5s/q  cum_tps=114.0 tok/s  tokens=1979
  Q: I'm trying to teach myself to have nicer handwriting. Can you help?
  A: Here's a thinking process:

1.  **Understand User Goal**: The user wants to improve their handwriting to make it "nicer....
[13/200] last=17.5s avg=15.7s/q  cum_tps=114.3 tok/s  tokens=2048
  Q: I like to host guests at my home from time to time, and I am gathering  recipes ...
  A: Here's a thinking process:

1.  **Understand User Request:**
   - User wants to host guests and is gathering recipes
   ...
[14/200] last=15.8s avg=15.7s/q  cum_tps=114.4 tok/s  tokens=1826
  Q: What are the best exercises for beginners?
  A: Here's a thinking process:

1.  **Understand User Query**: The user is asking for "the best exercises for beginners." Th...
[15/200] last=11.9s avg=15.4s/q  cum_tps=114.7 tok/s  tokens=1427
  Q: Do you know why turkeys became the official food of thanksgiving?
  A: Here's a thinking process:

1.  **Understand User Question**: The user is asking why turkeys became the official food of...
[16/200] last=17.2s avg=15.5s/q  cum_tps=115.0 tok/s  tokens=2048
  Q: I want to get better at networking at work
  A: Here's a thinking process:

1.  **Understand User Goal**: The user wants to improve their networking skills specifically...
[17/200] last=17.9s avg=15.7s/q  cum_tps=114.9 tok/s  tokens=2048
  Q: Are there any weird Christmas traditions?
  A: Here's a thinking process:

1.  **Understand User Query**: The user is asking about "weird Christmas traditions." This i...
[18/200] last=17.3s avg=15.8s/q  cum_tps=114.7 tok/s  tokens=1915
  Q: Hi, I'm interested in learning to play badminton. Can you explain the game to me...
  A: Here's a thinking process:

1.  **Understand User Request:** The user wants to learn badminton and is asking for an expl...
[19/200] last=10.2s avg=15.5s/q  cum_tps=114.5 tok/s  tokens=1137
  Q: Do you know why cats always rub up against your legs?
  A: Here's a thinking process:

1.  **Understand User Question**: The user is asking why cats rub against human legs.
2.  **...
[20/200] last=17.7s avg=15.6s/q  cum_tps=114.6 tok/s  tokens=2048
  Q: I am going to try to roast a pig at home for Thanksgiving this year. What equipm...
  A: Here's a thinking process:

1.  **Understand User Request:**
   - **Goal:** Roast a pig at home for Thanksgiving
   - **...
[21/200] last=12.2s avg=15.4s/q  cum_tps=114.7 tok/s  tokens=1416
  Q: Help me find a good rated electric saw.
  A: Here's a thinking process:

1.  **Understand User Request:**
   - User wants a "good rated electric saw"
   - This is qu...
[22/200] last=17.2s avg=15.5s/q  cum_tps=114.9 tok/s  tokens=2048
  Q: What are some artists I might like if I like Billy Joel?
  A: Here's a thinking process:

1.  **Analyze User Request:**
   - **User likes:** Billy Joel
   - **Question:** What artist...
[23/200] last=11.4s avg=15.3s/q  cum_tps=115.0 tok/s  tokens=1344
  Q: What type of soil is suitable for cactus?
  A: Here's a thinking process:

1.  **Understand User Question**: The user is asking about the type of soil suitable for cac...
[24/200] last=17.7s avg=15.4s/q  cum_tps=115.0 tok/s  tokens=2048
  Q: How do you become an author?
  A: Here's a thinking process:

1.  **Understand User Query:** The user asks "How do you become an author?" This is a broad,...
[25/200] last=8.5s avg=15.2s/q  cum_tps=114.9 tok/s  tokens=934
  Q: What breed dog is smallest?
  A: Here's a thinking process:

1.  **Understand User Query**: The user is asking "What breed dog is smallest?" This is a st...
[26/200] last=19.0s avg=15.3s/q  cum_tps=114.6 tok/s  tokens=2048
  Q: What are some species of bears that are now extinct?
  A: Here's a thinking process:

1.  **Understand User Query**: The user asks for "some species of bears that are now extinct...
[27/200] last=10.1s avg=15.1s/q  cum_tps=114.5 tok/s  tokens=1114
  Q: What causes the northern lights?
  A: Here's a thinking process:

1.  **Understand User Question**: The user asks "What causes the northern lights?" This is a...
[28/200] last=17.2s avg=15.2s/q  cum_tps=114.3 tok/s  tokens=1910
  Q: What are some good foods to eat when you are sick? I am looking for something to...
  A: Here's a thinking process:

1.  **Understand User Request:**
   - **Topic:** Good foods to eat when sick
   - **Context:...
[29/200] last=18.6s avg=15.3s/q  cum_tps=114.1 tok/s  tokens=2048
  Q: Why is kobe beef so damn expensive?
  A: Here's a thinking process:

1.  **Understand User Question**: The user is asking why Kobe beef is so expensive. The phra...
[30/200] last=12.4s avg=15.2s/q  cum_tps=114.1 tok/s  tokens=1413
  Q: How do I clean my armpits?
  A: Here's a thinking process:

1.  **Understand User Query**: The user is asking "How do I clean my armpits?" This is a str...
[31/200] last=18.2s avg=15.3s/q  cum_tps=114.1 tok/s  tokens=2048
  Q: How do I detail a car?
  A: Here's a thinking process:

1.  **Understand User Request:** The user is asking "How do I detail a car?" This is a broad...
[32/200] last=18.7s avg=15.4s/q  cum_tps=113.9 tok/s  tokens=2048
  Q: I am going to make pumpkin pie for the first time.  Can you help me?
  A: Here's a thinking process:

1.  **Understand User Request**: The user is asking for help making pumpkin pie for the firs...
[33/200] last=17.5s avg=15.5s/q  cum_tps=113.8 tok/s  tokens=1971
  Q: What kind of foods do they eat in Thailand
  A: Here's a thinking process:

1.  **Understand User Query**: The user asks "What kind of foods do they eat in Thailand". T...
[34/200] last=18.8s avg=15.6s/q  cum_tps=113.7 tok/s  tokens=2048
  Q: What are some good browser alternatives to Chrome?
  A: Here's a thinking process:

1.  **Understand User Query**: The user is asking for "good browser alternatives to Chrome"....
[35/200] last=5.4s avg=15.3s/q  cum_tps=113.6 tok/s  tokens=594
  Q: Who created the Superman cartoon character?
  A: Here's a thinking process:

1.  **Identify the core question**: The user asks "Who created the Superman cartoon characte...
[36/200] last=10.6s avg=15.2s/q  cum_tps=113.5 tok/s  tokens=1155
  Q: What is Atlantis?
  A: Here's a thinking process:

1.  **Understand User Query**: The user asks "What is Atlantis?" This is a straightforward q...
[37/200] last=16.5s avg=15.2s/q  cum_tps=113.5 tok/s  tokens=1867
  Q: How do I make escargot?
  A: Here's a thinking process:

1.  **Understand User Request**: The user is asking "How do I make escargot?" This is a culi...
[38/200] last=12.7s avg=15.1s/q  cum_tps=113.6 tok/s  tokens=1531
  Q: What exactly causes volcanoes to form?
  A: Here's a thinking process:

1.  **Understand User Question**: The user asks "What exactly causes volcanoes to form?" Thi...
[39/200] last=12.5s avg=15.1s/q  cum_tps=113.7 tok/s  tokens=1437
  Q: Hi, I have some falafel, but no tahini to put on them. Can you give me a recipe ...
  A: Here's a thinking process:

1.  **Understand User Request**: The user has falafel but no tahini, and wants a recipe to m...
[40/200] last=18.5s avg=15.1s/q  cum_tps=113.6 tok/s  tokens=2039
  Q: Should I get my children a nanny? I'm so exhausted.
  A: Here's a thinking process:

1.  **Analyze User Input:**
   - **Question:** "Should I get my children a nanny?"
   - **Co...
[41/200] last=10.0s avg=15.0s/q  cum_tps=113.5 tok/s  tokens=1098
  Q: When was Canada colonized?
  A: Here's a thinking process:

1.  **Understand User Question**: The user asks "When was Canada colonized?" This is a histo...
[42/200] last=13.2s avg=15.0s/q  cum_tps=113.5 tok/s  tokens=1514
  Q: How can I  use my phone less?
  A: Here's a thinking process:

1.  **Understand User Goal**: The user wants to know how to use their phone less. This is a ...
[43/200] last=17.6s avg=15.0s/q  cum_tps=113.6 tok/s  tokens=2048
  Q: How did mankind discover that the earth was spherical, and why did they initiall...
  A: Here's a thinking process:

1.  **Understand User's Question:**
   - **Part 1:** How did mankind discover that the Earth...
[44/200] last=8.3s avg=14.9s/q  cum_tps=113.5 tok/s  tokens=917
  Q: What is Gremolata?
  A: Here's a thinking process:

1.  **Understand User Query**: The user is asking "What is Gremolata?" - a straightforward d...
[45/200] last=18.8s avg=15.0s/q  cum_tps=113.4 tok/s  tokens=2048
  Q: Why did humans evolve to believe in God?
  A: Here's a thinking process:

1.  **Understand the User's Question:** The user asks "Why did humans evolve to believe in G...
[46/200] last=18.9s avg=15.1s/q  cum_tps=113.2 tok/s  tokens=2000
  Q: what should i build a cabin out of?
  A: Here's a thinking process:

1.  **Understand User Query**: The user is asking "what should i build a cabin out of?" This...
[47/200] last=19.2s avg=15.1s/q  cum_tps=113.0 tok/s  tokens=2048
  Q: Why do a lot of Scientists not believe in God or Satan?
  A: Here's a thinking process:

1.  **Analyze User Question:**
   - **Topic:** Scientists' beliefs/disbeliefs regarding God/...
[48/200] last=18.3s avg=15.2s/q  cum_tps=113.0 tok/s  tokens=2048
  Q: I like to host guests at my home from time to time, and I am gathering  recipes ...
  A: Here's a thinking process:

1.  **Understand User Request:**
   - User hosts guests at home
   - Wants recipes to keep t...
[49/200] last=13.7s avg=15.2s/q  cum_tps=112.9 tok/s  tokens=1498
  Q: Why can I see the moon during the day?
  A: Here's a thinking process:

1.  **Understand the User's Question**: The user is asking "Why can I see the moon during th...
[50/200] last=16.6s avg=15.2s/q  cum_tps=112.8 tok/s  tokens=1779
  Q: How do I take care of a wooden table?
  A: Here's a thinking process:

1.  **Understand User Query:** The user is asking "How do I take care of a wooden table?" Th...
[51/200] last=4.9s avg=15.0s/q  cum_tps=112.8 tok/s  tokens=535
  Q: What year was the Yamato Battleship built?
  A: Here's a thinking process:

1.  **Identify the core entity**: The user is asking about the "Yamato Battleship".
2.  **Cl...
[52/200] last=9.8s avg=14.9s/q  cum_tps=112.7 tok/s  tokens=1048
  Q: Did they ever announce the release date for the new elder scrolls game?
  A: Here's a thinking process:

1.  **Understand User Query**: The user is asking if a release date has been announced for "...
[53/200] last=17.4s avg=15.0s/q  cum_tps=112.8 tok/s  tokens=2048
  Q: I like to host guests at my home from time to time, and I am gathering  recipes ...
  A: Here's a thinking process:

1.  **Understand User Request:**
   - User wants to host guests and is collecting recipes
  ...
[54/200] last=17.5s avg=15.0s/q  cum_tps=112.9 tok/s  tokens=2048
  Q: Please tell me about the romantic relationship between Julius Caesar and Cleopat...
  A: Here's a thinking process:

1.  **Understand User Query**: The user is asking about the romantic relationship between Ju...
[55/200] last=9.5s avg=14.9s/q  cum_tps=112.9 tok/s  tokens=1102
  Q: Hi, I'm in the mood for a Bloody Mary. Can you give me a recipe for making one?
  A: Here's a thinking process:

1.  **Understand User Request**: The user wants a recipe for a Bloody Mary cocktail.
2.  **I...
[56/200] last=17.6s avg=15.0s/q  cum_tps=113.0 tok/s  tokens=2048
  Q: What are some famous world music artists?
  A: Here's a thinking process:

1.  **Understand User Query**: The user asks for "famous world music artists." This is a bro...
[57/200] last=17.3s avg=15.0s/q  cum_tps=113.1 tok/s  tokens=2048
  Q: what are some good ways to spread ashes?
  A: Here's a thinking process:

1.  **Understand User Query**: The user is asking for "good ways to spread ashes." This refe...
[58/200] last=17.4s avg=15.0s/q  cum_tps=113.2 tok/s  tokens=2048
  Q: I like to host guests at my home from time to time, and I am gathering  recipes ...
  A: Here's a thinking process:

1.  **Understand User Request:**
   - User hosts guests occasionally and wants recipes to ke...
[59/200] last=15.6s avg=15.0s/q  cum_tps=113.3 tok/s  tokens=1841
  Q: I like to host guests at my home from time to time, and I am gathering  recipes ...
  A: Here's a thinking process:

1.  **Understand User Request:**
   - User wants a recipe for Koldskål
   - Context: Hosting...
[60/200] last=17.8s avg=15.1s/q  cum_tps=113.3 tok/s  tokens=2048
  Q: I've read the book "The Twelve Caesars" by Suetonius, a few times. I'm curious a...
  A: Here's a thinking process:

1.  **Understand User Query**: The user has read Suetonius's "The Twelve Caesars" multiple t...
[61/200] last=18.1s avg=15.1s/q  cum_tps=113.3 tok/s  tokens=2048
  Q: Please tell me the history of Walt Disney.
  A: Here's a thinking process:

1.  **Understand User Request:** The user is asking for "the history of Walt Disney." This i...
[62/200] last=15.0s avg=15.1s/q  cum_tps=113.4 tok/s  tokens=1751
  Q: Can you help me figure out how to sew a button on a shirt?
  A: Here's a thinking process:

1.  **Understand User Request**: The user wants to know how to sew a button on a shirt. This...
[63/200] last=18.7s avg=15.2s/q  cum_tps=113.3 tok/s  tokens=2048
  Q: How did serial killers get away with murder for so long in the 70s and 80s?
  A: Here's a thinking process:

1.  **Analyze User Question:** The user asks: "How did serial killers get away with murder f...
[64/200] last=13.8s avg=15.2s/q  cum_tps=113.3 tok/s  tokens=1559
  Q: How do I make apple juice?
  A: Here's a thinking process:

1.  **Understand User Request:** The user wants to know how to make apple juice. This is a s...
[65/200] last=19.0s avg=15.2s/q  cum_tps=113.2 tok/s  tokens=2048
  Q: I like to host guests at my home from time to time, and I am gathering  recipes ...
  A: Here's a thinking process:

1.  **Understand User Request:**
   - User wants to host guests and is collecting recipes
  ...
[66/200] last=9.6s avg=15.1s/q  cum_tps=113.1 tok/s  tokens=1058
  Q: How can I make bubble solution?
  A: Here's a thinking process:

1.  **Understand User Request**: The user wants to know how to make bubble solution. This is...
[67/200] last=15.0s avg=15.1s/q  cum_tps=113.1 tok/s  tokens=1655
  Q: How to make frosting with crisco
  A: Here's a thinking process:

1.  **Understand User Request**: The user wants to know how to make frosting using Crisco (s...
[68/200] last=18.3s avg=15.2s/q  cum_tps=113.1 tok/s  tokens=2048
  Q: I like to host guests at my home from time to time, and I am gathering  recipes ...
  A: Here's a thinking process:

1.  **Understand User Request:**
   - User wants to host guests and is gathering recipes
   ...
[69/200] last=18.4s avg=15.2s/q  cum_tps=113.0 tok/s  tokens=2048
  Q: I want to learn more about airplanes. How were they created?
  A: Here's a thinking process:

1.  **Understand User Query**: The user wants to learn about airplanes, specifically how the...
[70/200] last=10.2s avg=15.2s/q  cum_tps=113.0 tok/s  tokens=1131
  Q: Can you tell me a very easy to way clean a showerhead?
  A: Here's a thinking process:

1.  **Understand User Request**: The user wants a "very easy way" to clean a showerhead. Key...
[71/200] last=10.8s avg=15.1s/q  cum_tps=113.0 tok/s  tokens=1219
  Q: Please give me a list of planets in our solar system.  I am going to choose whic...
  A: Thinking Process:

1.  **Deconstruct the user's request:**
    *   Goal: List of planets in our solar system.
    *   Pu...
[72/200] last=9.2s avg=15.0s/q  cum_tps=113.0 tok/s  tokens=1075
  Q: Who was the first lead vocal for the rock band Starship?
  A: Here's a thinking process:

1.  **Identify the Core Question**: The user is asking about the first lead vocalist for the...
[73/200] last=18.4s avg=15.1s/q  cum_tps=113.0 tok/s  tokens=2048
  Q: I need to get my nephew a birthday gift. I'm thinking of giving him a game for h...
  A: Here's a thinking process:

1.  **Analyze User Request:**
   - **Recipient:** Nephew (age not specified, but typical Nin...
[74/200] last=14.9s avg=15.1s/q  cum_tps=112.9 tok/s  tokens=1612
  Q: Best way to defrost a refrigerator freezer?
  A: Here's a thinking process:

1.  **Understand User Query:** The user is asking for the "best way to defrost a refrigerato...
[75/200] last=18.5s avg=15.1s/q  cum_tps=112.9 tok/s  tokens=2048
  Q: What are some toys I can buy my kids for imaginative play?
  A: Here's a thinking process:

1.  **Understand User Request:**
   - **Topic:** Toys for imaginative play
   - **Target Aud...
[76/200] last=17.2s avg=15.1s/q  cum_tps=112.9 tok/s  tokens=1999
  Q: How do I know if my house has a water leak?
  A: Here's a thinking process:

1.  **Understand User Query**: The user wants to know how to detect if their house has a wat...
[77/200] last=17.0s avg=15.2s/q  cum_tps=113.0 tok/s  tokens=2048
  Q: I like to host guests at my home from time to time, and I am gathering  recipes ...
  A: Here's a thinking process:

1.  **Analyze User Request:**
   - **Context:** Hosts guests at home, gathering recipes for ...
[78/200] last=17.4s avg=15.2s/q  cum_tps=113.1 tok/s  tokens=2048
  Q: I like to host guests at my home from time to time, and I am gathering  recipes ...
  A: Here's a thinking process:

1.  **Understand User Request:**
   - User wants to host guests at home
   - Wants recipes f...
[79/200] last=16.1s avg=15.2s/q  cum_tps=113.1 tok/s  tokens=1837
  Q: What do the different octane values of gasoline mean?
  A: Here's a thinking process that leads to the explanation of octane values:

1.  **Deconstruct the Request:**
    *   **To...
[80/200] last=14.4s avg=15.2s/q  cum_tps=113.1 tok/s  tokens=1594
  Q: How can I fix a leaking roof?
  A: Here's a thinking process:

1.  **Understand User Query**: The user is asking "How can I fix a leaking roof?" This is a ...
[81/200] last=16.4s avg=15.2s/q  cum_tps=113.0 tok/s  tokens=1810
  Q: I have a hard time falling asleep.  Is there any type of music that can help me ...
  A: Here's a thinking process:

1.  **Understand User Query**: The user has trouble falling asleep and is asking if there's ...
[82/200] last=18.3s avg=15.3s/q  cum_tps=113.0 tok/s  tokens=2048
  Q: What are places to visit in Montgomery, Alabama?
  A: Here's a thinking process:

1.  **Understand User Query**: The user is asking for places to visit in Montgomery, Alabama...
[83/200] last=17.8s avg=15.3s/q  cum_tps=113.1 tok/s  tokens=2048
  Q: Hi, I've decided to keep a rat as a pet. How do I house, feed, and otherwise car...
  A: Here's a thinking process:

1.  **Understand User Request:** The user wants to know how to house, feed, and care for a p...
[84/200] last=18.4s avg=15.3s/q  cum_tps=113.0 tok/s  tokens=2048
  Q: How do you get water in the desert?
  A: Here's a thinking process:

1.  **Understand User Query**: The user asks "How do you get water in the desert?" This is a...
[85/200] last=17.0s avg=15.3s/q  cum_tps=113.0 tok/s  tokens=1905
  Q: How do I get better at aiming with my slingshot?
  A: Here's a thinking process:

1.  **Understand User Query**: The user wants to know how to improve their aiming skills wit...
[86/200] last=18.1s avg=15.4s/q  cum_tps=113.0 tok/s  tokens=2048
  Q: I like to host guests at my home from time to time, and I am gathering  recipes ...
  A: Here's a thinking thinking sequence

1.  **Deconstruct and Analyze the Request:**
    *   Goal: Host guests, gathering r...
[87/200] last=17.4s avg=15.4s/q  cum_tps=113.1 tok/s  tokens=2048
  Q: I have my grandfather's antique fountain pen and a bottle of ink, but have never...
  A: Here's a thinking process:

1.  **Understand User Request:**
   - User has an antique fountain pen and ink
   - Never us...
[88/200] last=17.4s avg=15.4s/q  cum_tps=113.0 tok/s  tokens=1875
  Q: Hi, I'd like to play ice hockey. Can you explain how the game works?
  A: Here's a thinking process:

1.  **Understand User Request**: The user wants to know how ice hockey works. They're asking...
[89/200] last=7.7s avg=15.3s/q  cum_tps=113.0 tok/s  tokens=852
  Q: What is kevlar made out of?
  A: Here's a thinking process:

1.  **Identify the User's Question**: The user is asking "What is kevlar made out of?"

2.  ...
[90/200] last=18.3s avg=15.4s/q  cum_tps=113.0 tok/s  tokens=2048
  Q: Hi, I'd like to learn how to play racquetball. Can you explain the game to me?
  A: Here's a thinking process:

1.  **Understand User Request**: The user wants to learn how to play racquetball and is aski...
[91/200] last=17.3s avg=15.4s/q  cum_tps=113.0 tok/s  tokens=2048
  Q: What are some  good books to buy for a sci fi fan?
  A: Here's a thinking process:

1.  **Understand User Request:**
   - **Target Audience:** Sci-fi fan
   - **Request:** Good...
[92/200] last=8.9s avg=15.3s/q  cum_tps=113.1 tok/s  tokens=1068
  Q: When were smart phones first made?
  A: Here's a thinking process:

1.  **Understand User Question**: The user asks "When were smart phones first made?"
2.  **I...
[93/200] last=17.1s avg=15.3s/q  cum_tps=113.1 tok/s  tokens=2048
  Q: Hi, I'd like to learn to bake challah. Can you give me a recipe for that?
  A: Here's a thinking process:

1.  **Understand User Request:** The user wants to learn to bake challah and is asking for a...
[94/200] last=5.2s avg=15.2s/q  cum_tps=113.2 tok/s  tokens=618
  Q: Did Facebook corporation change its name?
  A: Here's a thinking process:

1.  **Identify the core question**: The user asks if Facebook corporation changed its name.
...
[95/200] last=17.7s avg=15.3s/q  cum_tps=113.2 tok/s  tokens=2048
  Q: I like to host guests at my home from time to time, and I am gathering  recipes ...
  A: Here's a thinking process:

1.  **Understand User Request:**
   - User hosts guests occasionally
   - Wants recipes from...
[96/200] last=14.3s avg=15.3s/q  cum_tps=113.2 tok/s  tokens=1715
  Q: I want to start saving some money by growing my own food. Can I do this during t...
  A: Here's a thinking process:

1.  **Understand User Goal**: The user wants to save money by growing their own food, specif...
[97/200] last=13.9s avg=15.2s/q  cum_tps=113.3 tok/s  tokens=1686
  Q: How can I spice things up in the bedroom?
  A: Here's a thinking process:

1.  **Understand User Query**: The user is asking "How can I spice things up in the bedroom?...
[98/200] last=13.4s avg=15.2s/q  cum_tps=113.4 tok/s  tokens=1570
  Q: Is human blood ever any color other than red?
  A: Here's a thinking process:

1.  **Understand the User's Question**: The user asks if human blood is ever any color other...
[99/200] last=18.4s avg=15.3s/q  cum_tps=113.3 tok/s  tokens=2048
  Q: Please tell me about pearls.  Where are they found?
  A: Here's a thinking process:

1.  **Understand User Query:**
   - **Topic:** Pearls
   - **Specific Question:** Where are ...
[100/200] last=12.9s avg=15.2s/q  cum_tps=113.3 tok/s  tokens=1430
  Q: What are some herbs I can dry out?
  A: Here's a thinking process:

1.  **Understand User Query**: The user is asking for herbs that can be dried out. This is a...
[101/200] last=18.7s avg=15.3s/q  cum_tps=113.3 tok/s  tokens=2048
  Q: I like to host guests at my home from time to time, and I am gathering  recipes ...
  A: Here's a thinking process:

1.  **Understand User Request:**
   - User wants to host guests and gather recipes
   - Inte...
[102/200] last=16.6s avg=15.3s/q  cum_tps=113.2 tok/s  tokens=1858
  Q: What is a scary Halloween costume idea?
  A: Here's a thinking process:

1.  **Analyze User Request:**
   - **Topic:** Halloween costume ideas
   - **Tone/Theme:** "...
[103/200] last=13.6s avg=15.3s/q  cum_tps=113.2 tok/s  tokens=1525
  Q: Whats the largest star in our galaxy?
  A: Here's a thinking process:

1.  **Understand User Question**: The user asks "Whats the largest star in our galaxy?" (ref...
[104/200] last=16.3s avg=15.3s/q  cum_tps=113.2 tok/s  tokens=1881
  Q: I'm trying to draw out a hopscotch game on my driveway. Can you walk me through ...
  A: Here's a thinking process:

1.  **Understand User Request:** The user wants to draw a hopscotch game on their driveway. ...
[105/200] last=12.5s avg=15.2s/q  cum_tps=113.2 tok/s  tokens=1418
  Q: Can you tell me how to make chocolate chip cookies?
  A: Here's a thinking process:

1.  **Understand User Request**: The user wants a recipe for chocolate chip cookies. This is...
[106/200] last=6.6s avg=15.2s/q  cum_tps=113.2 tok/s  tokens=757
  Q: Where is Indonesia?
  A: Here's a thinking process:

1.  **Understand User Query**: The user asks "Where is Indonesia?" - a straightforward geogr...
[107/200] last=10.0s avg=15.1s/q  cum_tps=113.3 tok/s  tokens=1161
  Q: Hi, I need to find the area of a 20 sided die for my math homework. Can you help...
  A: Here's a thinking process:

1.  **Understand User Request:** The user wants to find the "area" of a 20-sided die (icosah...
[108/200] last=16.3s avg=15.1s/q  cum_tps=113.3 tok/s  tokens=1952
  Q: I'm trying to learn how to install window blinds.
  A: Here's a thinking process:

1.  **Understand User Request:** The user wants to learn how to install window blinds. This ...
[109/200] last=17.3s avg=15.1s/q  cum_tps=113.4 tok/s  tokens=2048
  Q: I want to learn more about becoming a CPA. How long does it take to become a CPA...
  A: Here's a thinking process:

1.  **Understand User Query**: The user wants to know how long it takes to become a CPA (Cer...
[110/200] last=16.0s avg=15.2s/q  cum_tps=113.4 tok/s  tokens=1872
  Q: I want to talk about "Smooth",  a song by Rob Thomas.
  A: Here's a thinking thinking sequence

1.  **Deconstruct and Analyze the User's Request:**
    *   Topic: "Smooth" by Rob ...
[111/200] last=17.5s avg=15.2s/q  cum_tps=113.4 tok/s  tokens=2048
  Q: I'd like you to write me a story in the style of Don Delillo, about a bunch of i...
  A: Here's a thinking thinking sequence

1.  **Deconstruct the user:**
    *   Topic: Immortal cats living in a New York hig...
[112/200] last=17.0s avg=15.2s/q  cum_tps=113.5 tok/s  tokens=2048
  Q: I like to host guests at my home from time to time, and I am gathering  recipes ...
  A: Here's a thinking process:

1.  **Understand User Request:**
   - User wants a recipe for "Chola Sandwich"
   - Context:...
[113/200] last=10.7s avg=15.2s/q  cum_tps=113.5 tok/s  tokens=1159
  Q: Is it true that the native Australians were really prisoners of England?
  A: Here's a thinking process:

1.  **Analyze User Question:**
   - **Question:** "Is it true that the native Australians we...
[114/200] last=5.0s avg=15.1s/q  cum_tps=113.5 tok/s  tokens=544
  Q: What color is the sky
  A: Here's a thinking process:

1.  **Analyze User Input:**
   - Question: "What color is the sky"
   - Simple, direct quest...
[115/200] last=12.6s avg=15.0s/q  cum_tps=113.4 tok/s  tokens=1403
  Q: Is there a meaning for Christmas wreaths?
  A: Here's a thinking process:

1.  **Understand User Query**: The user asks "Is there a meaning for Christmas wreaths?" Thi...
[116/200] last=18.5s avg=15.1s/q  cum_tps=113.4 tok/s  tokens=2048
  Q: I like to host guests at my home from time to time, and I am gathering  recipes ...
  A: Here's a thinking process:

1.  **Understand User Request:**
   - User wants to host guests and is gathering recipes
   ...
[117/200] last=16.3s avg=15.1s/q  cum_tps=113.4 tok/s  tokens=1889
  Q: Hi, I'd like to make my own peanut brittle. Can you give me a recipe and cooking...
  A: Here's a thinking process:

1.  **Understand User Request:** The user wants a recipe and cooking instructions for making...
[118/200] last=15.8s avg=15.1s/q  cum_tps=113.5 tok/s  tokens=1899
  Q: I'm trying to stop my neighbour's cat from coming in to my garden and fighting w...
  A: Here's a thinking process:

1.  **Understand User Problem**: The user wants to stop their neighbor's cat from entering t...
[119/200] last=7.8s avg=15.0s/q  cum_tps=113.5 tok/s  tokens=912
  Q: does the dinosaurs really exist?
  A: Here's a thinking process:

1.  **Understand User Question**: The user asks "does the dinosaurs really exist?" This is a...
[120/200] last=17.2s avg=15.1s/q  cum_tps=113.5 tok/s  tokens=2048
  Q: what are some big cat hybrids?
  A: Here's a thinking process:

1.  **Understand User Query**: The user asks "what are some big cat hybrids?" They want to k...
[121/200] last=7.0s avg=15.0s/q  cum_tps=113.6 tok/s  tokens=851
  Q: what is the name of chris tucker first movie
  A: Here's a thinking process:

1.  **Identify the User's Question**: The user is asking for the name of Chris Tucker's firs...
[122/200] last=8.8s avg=14.9s/q  cum_tps=113.6 tok/s  tokens=1046
  Q: How long does it take our eyes to fully adapt to darkness?
  A: Here's a thinking process:

1.  **Understand User Question**: The user asks "How long does it take our eyes to fully ada...
[123/200] last=10.8s avg=14.9s/q  cum_tps=113.6 tok/s  tokens=1283
  Q: Has there been any news regarding a potential release date for Starcraft 3?
  A: Here's a thinking process:

1.  **Understand User Query**: The user is asking about news regarding a potential release d...
[124/200] last=18.7s avg=14.9s/q  cum_tps=113.6 tok/s  tokens=2048
  Q: How is oil turned into gasoline?
  A: Here's a thinking process:

1.  **Understand User Question**: The user asks "How is oil turned into gasoline?" This is a...
[125/200] last=17.5s avg=15.0s/q  cum_tps=113.5 tok/s  tokens=1929
  Q: Can you give any tips on how to cook a juicy, medium-rare steak?
  A: Here's a thinking process:

1.  **Understand User Request:** The user wants tips on how to cook a juicy, medium-rare ste...
[126/200] last=8.2s avg=14.9s/q  cum_tps=113.6 tok/s  tokens=963
  Q: When was hip hop invented?
  A: Here's a thinking process:

1.  **Identify the Core Question**: The user is asking "When was hip hop invented?"

2.  **D...
[127/200] last=17.4s avg=14.9s/q  cum_tps=113.6 tok/s  tokens=2048
  Q: Hi, I recently inherited a S&W 1006 and I don't even know how to load it. Can yo...
  A: Here's a thinking process:

1.  **Analyze User Input:**
   - **Firearm:** S&W 1006 (Smith & Wesson Model 1006)
   - **Re...
[128/200] last=15.1s avg=14.9s/q  cum_tps=113.6 tok/s  tokens=1713
  Q: My friend's dog just died and they're really sad. How do I comfort them?
  A: Here's a thinking process:

1.  **Understand the User's Request:**
   - **Situation:** Friend's dog just died
   - **Emo...
[129/200] last=7.2s avg=14.9s/q  cum_tps=113.6 tok/s  tokens=813
  Q: Is the US border open to Canada?
  A: Here's a thinking process:

1.  **Understand User Query**: The user is asking "Is the US border open to Canada?" This is...
[130/200] last=17.0s avg=14.9s/q  cum_tps=113.6 tok/s  tokens=2048
  Q: Can you list the top 20 films or movies between 1930 and 1940 that are in Englis...
  A: Here's a thinking process:

1.  **Understand User Request:**
   - **Timeframe:** 1930-1940 (inclusive)
   - **Language:*...
[131/200] last=17.9s avg=14.9s/q  cum_tps=113.6 tok/s  tokens=2048
  Q: Take MLK speech "I had a dream" but turn it into a top 100 rap song
  A: Here's a thinking thinking sequence

1.  **Deconstruct and Analyze the Source Material:**
    *   *Speech:* "I Have a Dr...
[132/200] last=6.8s avg=14.8s/q  cum_tps=113.6 tok/s  tokens=772
  Q: List the layers of the TCP/IP model and for each layer identify one protocol.
  A: Here's a thinking process:

1.  **Understand User Request:**
   - The user wants a list of the layers of the TCP/IP mode...
[133/200] last=18.2s avg=14.9s/q  cum_tps=113.6 tok/s  tokens=2048
  Q: Why can't bank use cash as capital as a buffer for potential losses?
  A: Here's a thinking process:

1.  **Understand the User's Question:** The user asks: "Why can't bank use cash as capital a...
[134/200] last=7.6s avg=14.8s/q  cum_tps=113.6 tok/s  tokens=863
  Q: convert December 21 · 1:00 – 1:50pm pacific to asia/taipei time
  A: Here's a thinking process:

1.  **Understand the User's Request:**
   - Input: "December 21 · 1:00 – 1:50pm pacific"
   ...
[135/200] last=17.6s avg=14.8s/q  cum_tps=113.6 tok/s  tokens=2048
  Q: Can you tell my a story about nuclear physics like dr Seuss?
  A: Here's a thinking process:

1.  **Analyze User Request:**
   - **Topic:** Nuclear physics
   - **Style:** Dr. Seuss (rhy...
[136/200] last=10.0s avg=14.8s/q  cum_tps=113.7 tok/s  tokens=1189
  Q: Message to client for accepting offer for summary video
  A: Here's a thinking process:

1.  **Understand User Request:**
   - **Goal:** Write a message to a client accepting an off...
[137/200] last=17.2s avg=14.8s/q  cum_tps=113.7 tok/s  tokens=2048
  Q: Can you write a short story where Hildibrand Manderville somehow gets transforme...
  A: Here's a thinking thinking sequence

1.  **Deconstruct the Prompt:**
    *   Protagonist: Hildibrand Manderville. Key tr...
[138/200] last=17.2s avg=14.8s/q  cum_tps=113.8 tok/s  tokens=2048
  Q: I'm currently studying Bioengineering in Argentina, focusing on computational ne...
  A: Here's a thinking process:

1.  **Understand User Profile:**
   - **Field:** Bioengineering (undergrad/grad? Likely unde...
[139/200] last=17.1s avg=14.9s/q  cum_tps=113.8 tok/s  tokens=2048
  Q: Write an interview between a Female Film director and a journalist. Use advanced...
  A: Here's a thinking thinking sequence

1.  **Deconstruct the user's request:**
    *   **Topic:** Interview between a Fema...
[140/200] last=17.5s avg=14.9s/q  cum_tps=113.8 tok/s  tokens=2048
  Q: Give me a sample 5 day itienary for a switzerland holiday, starting from Basel
  A: Here's a thinking thinking sequence

1.  **Deconstruct and Analyze the Request:**
    *   Goal: Sample 5-day itinerary f...
[141/200] last=17.1s avg=14.9s/q  cum_tps=113.9 tok/s  tokens=2048
  Q: explain The Death of Ivan Ilych
  A: Here's a thinking thinking sequence

1.  **Deconstruct the user's request:**
    *   Topic: "The Death of Ivan Ilych"
  ...
[142/200] last=16.9s avg=14.9s/q  cum_tps=113.9 tok/s  tokens=2048
  Q: Why is it that only proteins, carbohydrates and fats are deemed to have caloric ...
  A: Here's a thinking process:

1.  **Understand User Question**: The user is asking why only proteins, carbohydrates, and f...
[143/200] last=4.9s avg=14.8s/q  cum_tps=113.9 tok/s  tokens=577
  Q: Navina has $30 more to her weekly budget than her younger sister and can afford ...
  A: Here's a thinking process:

1.  **Analyze User Input:**
   - "Navina has $30 more to her weekly budget than her younger ...
[144/200] last=17.1s avg=14.8s/q  cum_tps=114.0 tok/s  tokens=2048
  Q: rank the following companies by how pro-consumer they are:
Microsoft, Google, Ni...
  A: Here's a thinking process:

1.  **Understand User Request:** The user wants me to rank five companies (Microsoft, Google...
[145/200] last=6.5s avg=14.8s/q  cum_tps=114.0 tok/s  tokens=769
  Q: Anytown Bank obtaining and using consumer reports in connection with any credit ...
  A: Here's a thinking process:

1.  **Analyze User Input:**
   - **Question:** Anytown Bank obtaining and using consumer rep...
[146/200] last=16.8s avg=14.8s/q  cum_tps=114.0 tok/s  tokens=2048
  Q: I’m planning to visit Okinawa Japan from April 7th to April 10th. Do you have an...
  A: Here's a thinking process:

1.  **Analyze User Input:**
   - **Destination:** Okinawa, Japan
   - **Dates:** April 7th t...
[147/200] last=15.5s avg=14.8s/q  cum_tps=114.1 tok/s  tokens=1822
  Q: I have this text: <br><br>We use professional processes. Use the photo delivery ...
  A: Here's a thinking process:

1.  **Analyze User Input:**
   - **Original Text:** 
     "<br><br>We use professional proce...
[148/200] last=17.3s avg=14.8s/q  cum_tps=114.1 tok/s  tokens=2048
  Q: define a new language that contains words that are with numbers and letters such...
  A: Here's a thinking process:

1.  **Understand User Request:**
   - The user wants me to define a new language.
   - The l...
[149/200] last=18.0s avg=14.8s/q  cum_tps=114.1 tok/s  tokens=2048
  Q: Write me a 2000 word essay on a water safety engineering project.
  A: Here's a thinking thinking sequence

1.  **Deconstruct the user's request:**
    *   Topic: Water safety engineering pro...
[150/200] last=17.6s avg=14.9s/q  cum_tps=114.1 tok/s  tokens=2048
  Q: Marie is at the music store for a store day. She bought two $50 combos. Then, fo...
  A: Here's a thinking process:

1.  **Analyze User Input:**
   - Marie is at a music store for a store day (contextual, not ...
[151/200] last=9.3s avg=14.8s/q  cum_tps=114.1 tok/s  tokens=1074
  Q: Mick pays his teacher $800 for 40 lessons worth 2 hours each. If this will be al...
  A: Here's a thinking process:

1.  **Analyze User Input:**
   - Mick pays his teacher $800
   - For 40 lessons
   - Each le...
[152/200] last=17.2s avg=14.8s/q  cum_tps=114.1 tok/s  tokens=2048
  Q: How to improve instance segmentation AP metrics with human knowledge
  A: Here's a thinking process:

1.  **Understand User Query:** The user wants to know how to improve Instance Segmentation A...
[153/200] last=17.5s avg=14.9s/q  cum_tps=114.2 tok/s  tokens=2048
  Q: what is needed for self-sufficient living spaces
  A: Here's a thinking process:

1.  **Understand User Query:** The user asks "what is needed for self-sufficient living spac...
[154/200] last=17.5s avg=14.9s/q  cum_tps=114.2 tok/s  tokens=2048
  Q: please act like a business consultant that is doing a project of estimating the ...
  A: Here's a thinking thinking sequence

1.  **Deconstruct the user's request:**
    *   Role: Business Consultant.
    *   ...
[155/200] last=17.8s avg=14.9s/q  cum_tps=114.2 tok/s  tokens=2048
  Q: Expand on the relation between inconsistency and ideological thinking
  A: Here's a thinking process:

1.  **Understand User Request:** The user wants an expansion on the relation between "incons...
[156/200] last=10.5s avg=14.9s/q  cum_tps=114.2 tok/s  tokens=1122
  Q: Why do people give Reddit Gold to admins?
  A: Here's a thinking process:

1.  **Understand User Question**: The user is asking about why people give Reddit Gold to ad...
[157/200] last=18.5s avg=14.9s/q  cum_tps=114.1 tok/s  tokens=2048
  Q: Create an Annotated Bibliography, in APA citation style, with six entries descri...
  A: Here's a thinking process:

1.  **Understand User Request:**
   - **Task:** Create an Annotated Bibliography
   - **Styl...
[158/200] last=18.6s avg=14.9s/q  cum_tps=114.1 tok/s  tokens=2048
  Q: What does Nassim Nicholas Taleb say about market efficiency?
  A: Here's a thinking process:

1.  **Understand User Query**: The user asks about Nassim Nicholas Taleb's views on market e...
[159/200] last=12.1s avg=14.9s/q  cum_tps=114.1 tok/s  tokens=1356
  Q: Can a boy and girl be just be best friends only ever

  A: Here's a thinking process:

1.  **Analyze User Question:**
   - **Topic:** Cross-gender friendship (boy and girl being "...
[160/200] last=5.1s avg=14.8s/q  cum_tps=114.1 tok/s  tokens=572
  Q: If a tree is on the top of a mountain and the mountain is far from the see then ...
  A: Here's a thinking process:

1.  **Analyze User Input:**
   - Premise 1: A tree is on top of a mountain.
   - Premise 2: ...
[161/200] last=18.1s avg=14.9s/q  cum_tps=114.1 tok/s  tokens=2048
  Q: hat would be the reason for the popularity of youtube compared to other video sh...
  A: Here's a thinking process:

1.  **Understand User Question**: The user is asking about the reasons for YouTube's popular...
[162/200] last=18.6s avg=14.9s/q  cum_tps=114.0 tok/s  tokens=2048
  Q: Tell me something I don’t know
  A: Here's a thinking process:

1.  **Analyze User Input:**
   - **Request:** "Tell me something I don’t know"
   - **Nature...
[163/200] last=18.2s avg=14.9s/q  cum_tps=114.0 tok/s  tokens=2048
  Q: You are a script-writer. Write a script for the opening scene of a Miami-based d...
  A: Here's a thinking thinking sequence

1.  **Deconstruct and Analyze the Prompt:**
    *   **Genre:** Dark Comedy Show.
  ...
[164/200] last=12.0s avg=14.9s/q  cum_tps=114.0 tok/s  tokens=1413
  Q: Do you know something about the book  ＂the art of thinking clearly" wrote by Rol...
  A: Here's a thinking process:

1.  **Understand User Query**: The user is asking about the book "The Art of Thinking Clearl...
[165/200] last=17.0s avg=14.9s/q  cum_tps=114.1 tok/s  tokens=2048
  Q: antennas that transmit an equal amount of energy in the horizontal direction are...
  A: Here's a thinking process that leads to the answer:

1.  **Analyze the Request:**
    *   Subject: Antennas.
    *   Act...
[166/200] last=12.4s avg=14.9s/q  cum_tps=114.1 tok/s  tokens=1366
  Q: write an introduction of a person for resume who worked as an in-house IT for 18...
  A: Here's a thinking process:

1.  **Analyze User Input:**
   - **Role:** In-house IT professional
   - **Experience:** 18 ...
[167/200] last=13.5s avg=14.9s/q  cum_tps=114.1 tok/s  tokens=1554
  Q: Hi, I have a question about MFCC (mel frequency cepstral coefficients). Are they...
  A: Here's a thinking process:

1.  **Understand User Question**: The user is asking about the difference between MFCCs (Mel...
[168/200] last=17.9s avg=14.9s/q  cum_tps=114.1 tok/s  tokens=2048
  Q: who was the black cabinet member who went on to play an important role in the ci...
  A: Here's a thinking process:

1.  **Analyze User Question:**
   - Key elements: "black cabinet member", "went on to play a...
[169/200] last=3.9s avg=14.8s/q  cum_tps=114.1 tok/s  tokens=447
  Q: “One One was a race horse Two Two was one too. One One won one race. Two Two won...
  A: Here's a thinking process:

1.  **Analyze the User Input:**
   - The text is a famous tongue twister: “One One was a rac...
[170/200] last=17.3s avg=14.8s/q  cum_tps=114.1 tok/s  tokens=2048
  Q: Over two thousand years, the moon has covered every point on the Earth once. At ...
  A: Here's a thinking process:

1.  **Analyze User Input:**
   - "Over two thousand years, the moon has covered every point ...
[171/200] last=18.0s avg=14.9s/q  cum_tps=114.1 tok/s  tokens=2048
  Q: twenty names of famous horses and who they belonged to
  A: Here's a thinking process:

1.  **Understand User Request:**
   - The user wants "twenty names of famous horses and who ...
[172/200] last=18.8s avg=14.9s/q  cum_tps=114.0 tok/s  tokens=2048
  Q: Write an interesting and detailed backstory for my half-elf ranger character for...
  A: Here's a thinking process:

1.  **Analyze User Request:**
   - **Character:** Half-elf ranger (Pathfinder)
   - **Tone:*...
[173/200] last=15.9s avg=14.9s/q  cum_tps=114.0 tok/s  tokens=1830
  Q: In this math problem, we are asked to figure out the percentage of total profits...
  A: Here's a thinking process:

1.  **Analyze User Input:**
   - The user presents a math problem: "figure out the percentag...
[174/200] last=10.9s avg=14.9s/q  cum_tps=114.1 tok/s  tokens=1300
  Q: Why is it a bad idea to give a mouse a cookie?
  A: Here's a thinking process:

1.  **Analyze User Input:**
   - Question: "Why is it a bad idea to give a mouse a cookie?"
...
[175/200] last=12.8s avg=14.9s/q  cum_tps=114.1 tok/s  tokens=1514
  Q: which second messenger molecule acts on the endoplasmic reticulum to release cal...
  A: Here's a thinking process that leads to the correct answer:

1.  **Analyze the Request:**
    *   **Topic:** Cell biolog...
[176/200] last=17.4s avg=14.9s/q  cum_tps=114.1 tok/s  tokens=2048
  Q: How can anti-deressants make people think or act suicidally? Suicidal thoughts o...
  A: Here's a thinking process:

1.  **Analyze User Query:**
   - **Topic:** Antidepressants and suicidal thoughts/actions as...
[177/200] last=17.3s avg=14.9s/q  cum_tps=114.1 tok/s  tokens=2048
  Q: Create a lesson plan in two different levels: in CEFR A1 and A2 on the topic of ...
  A: Here's a thinking thinking sequence

1.  **Deconstruct the Request:**
    *   Topic: Friendship.
    *   Levels: CEFR A1...
[178/200] last=17.1s avg=14.9s/q  cum_tps=114.2 tok/s  tokens=2048
  Q: Draft a ministerial speech outlining the top five benefits that innovation bring...
  A: Here's a thinking process:

1.  **Analyze User Request:**
   - **Type of Document:** Ministerial speech
   - **Topic:** ...
[179/200] last=14.6s avg=14.9s/q  cum_tps=114.2 tok/s  tokens=1748
  Q: Is online casino legal in India?
  A: Here's a thinking process:

1.  **Understand User Query**: The user is asking about the legality of online casinos in In...
[180/200] last=16.8s avg=14.9s/q  cum_tps=114.2 tok/s  tokens=1995
  Q: Write a section for an award application detailing how photography has insipired...
  A: Here's a thinking process:

1.  **Analyze User Request:**
   - **Topic:** How photography has inspired me
   - **Purpose...
[181/200] last=18.1s avg=14.9s/q  cum_tps=114.2 tok/s  tokens=2048
  Q: I want to eventually become a plant/manufacturing/production manager, and eventu...
  A: Here's a thinking process:

1.  **Understand User Goal:** The user wants to become a Plant/Manufacturing/Production Mana...
[182/200] last=16.5s avg=14.9s/q  cum_tps=114.2 tok/s  tokens=1805
  Q: explain the basics of area and perimeter
  A: Here's a thinking process:

1.  **Understand User Request:** The user wants an explanation of the basics of area and per...
[183/200] last=18.1s avg=15.0s/q  cum_tps=114.2 tok/s  tokens=2048
  Q: Write a story about Anakin Skywalker encountering a Jedi who speaks and acts lik...
  A: Here's a thinking process:

1.  **Analyze User Prompt:**
   - **Protagonist:** Anakin Skywalker (likely pre- or early-Cl...
[184/200] last=18.8s avg=15.0s/q  cum_tps=114.1 tok/s  tokens=2048
  Q: what are the possible performance issues in a learning program on cross cultural...
  A: Here's a thinking process:

1.  **Understand User Query:** The user is asking about "possible performance issues in a le...
[185/200] last=15.0s avg=15.0s/q  cum_tps=114.1 tok/s  tokens=1664
  Q: write description for 925 sterling silver miami cuban link chain
  A: Here's a thinking process:

1.  **Analyze User Request:**
   - **Product:** 925 Sterling Silver Miami Cuban Link Chain
 ...
[186/200] last=17.0s avg=15.0s/q  cum_tps=114.1 tok/s  tokens=1879
  Q: cost of fuel for a 14 mile journey in a car with 48mpg, fuel costs 625 pence per...
  A: Here's a thinking process:

1.  **Analyze User Input:**
   - Distance: 14 miles
   - Fuel efficiency: 48 mpg (miles per ...
[187/200] last=17.8s avg=15.0s/q  cum_tps=114.1 tok/s  tokens=2048
  Q: How does money go from my pocket, through the stock market, and to support the b...
  A: Here's a thinking process:

1.  **Understand User's Question:** The user is asking about the flow of money when they buy...
[188/200] last=17.7s avg=15.0s/q  cum_tps=114.1 tok/s  tokens=2048
  Q: Can you provide a list of health food brands owned by Hispanic founders
  A: Here's a thinking process:

1.  **Understand User Request**: The user wants a list of health food brands owned by Hispan...
[189/200] last=17.3s avg=15.0s/q  cum_tps=114.1 tok/s  tokens=2048
  Q: 63-year-old male with diabetes for seven to eight years (BbA1c consistently betw...
  A: Here's a thinking process:

1.  **Analyze User Input:**
   - **Patient Profile:** 63-year-old male
   - **Diabetes Durat...
[190/200] last=17.5s avg=15.0s/q  cum_tps=114.1 tok/s  tokens=2048
  Q: What if people only valued and took pride in the things that were true about the...
  A: Here's a thinking process:

1.  **Analyze the User's Prompt:**
   - **Question:** "What if people only valued and took p...
[191/200] last=17.7s avg=15.1s/q  cum_tps=114.1 tok/s  tokens=2048
  Q: It's officially 2023, and as we enter a brand new year, what better time to set ...
  A: Here's a thinking process:

1.  **Analyze User Input:**
   - Context: 2023, new year, setting revenue enablement goals
 ...
[192/200] last=10.2s avg=15.0s/q  cum_tps=114.1 tok/s  tokens=1151
  Q: I need to learn English could you help me and make a exercise
  A: Here's a thinking process:

1.  **Understand User Request:**
   - User wants to learn English
   - User asks for help an...
[193/200] last=17.8s avg=15.0s/q  cum_tps=114.1 tok/s  tokens=1963
  Q: Why does warmth make you feel tired?
  A: Here's a thinking process:

1.  **Understand User Question**: The user asks "Why does warmth make you feel tired?" This ...
[194/200] last=18.6s avg=15.1s/q  cum_tps=114.1 tok/s  tokens=2048
  Q: write an article informing customer of my saas software that this currently is  ...
  A: Here's a thinking process:

1.  **Understand User Goal**: The user wants an article to inform their SaaS customers that ...
[195/200] last=16.8s avg=15.1s/q  cum_tps=114.1 tok/s  tokens=2048
  Q: Explain me the Finite Elemente Method
  A: Here's a thinking process:

1.  **Understand User Request:**
   - **Topic:** Finite Element Method (FEM)
   - **Goal:** ...
[196/200] last=5.7s avg=15.0s/q  cum_tps=114.1 tok/s  tokens=687
  Q: I've put a plate on top of an apple, and take the plate from kitchen to dinning ...
  A: Here's a thinking process:

1.  **Analyze User Input:**
   - User says: "I've put a plate on top of an apple, and take t...
[197/200] last=17.4s avg=15.0s/q  cum_tps=114.1 tok/s  tokens=2048
  Q: Introduce the ”financial markets and institutions“ by Frederic S. Mishkin
  A: Here's a thinking process:

1.  **Understand User Request:**
   - The user wants an introduction to the book "Financial ...
[198/200] last=13.3s avg=15.0s/q  cum_tps=114.2 tok/s  tokens=1562
  Q: when are hops added to the brewing process?
  A: Here's a thinking process:

1.  **Understand User Question**: The user is asking "when are hops added to the brewing pro...
[199/200] last=18.2s avg=15.1s/q  cum_tps=114.1 tok/s  tokens=2028
  Q: Can a Liebherr LTM 11200-9.1 hypothetically lift Mount everest
  A: Here's a thinking process:

1.  **Understand the User's Question**: The user is asking if the Liebherr LTM 11200-9.1 (a ...
[200/200] last=1.6s avg=15.0s/q  cum_tps=114.1 tok/s  tokens=166
  Q: Write "Test"
  A: Here's a thinking process:

1.  **Analyze User Input:** The user said "Write "Test"". This is a straightforward request ...

=== summary ===
  saved 200 results to exp/alpaca-0gm35b-b2-inproc-20260609/alpaca_0gm35b_pure_vllm_08_nosia.json
  errors: 0
  total tokens: 341997
  total wall time: 2997s (49.9 min)
  throughput: 114.1 tok/s
